Copyright 1986-2022 Xilinx, Inc. All Rights Reserved. Copyright 2022-2023 Advanced Micro Devices, Inc. All Rights Reserved.
---------------------------------------------------------------------------------------------------------------------------------------------
| Tool Version : Vivado v.2023.1 (win64) Build 3865809 Sun May  7 15:05:29 MDT 2023
| Date         : Mon May  5 02:45:18 2025
| Host         : OCP001 running 64-bit major release  (build 9200)
| Command      : report_utilization -file design_1_wrapper_utilization_placed.rpt -pb design_1_wrapper_utilization_placed.pb
| Design       : design_1_wrapper
| Device       : xczu3eg-sfvc784-1-e
| Speed File   : -1
| Design State : Fully Placed
---------------------------------------------------------------------------------------------------------------------------------------------

Utilization Design Information

Table of Contents
-----------------
1. CLB Logic
1.1 Summary of Registers by Type
2. CLB Logic Distribution
3. BLOCKRAM
4. ARITHMETIC
5. I/O
6. CLOCK
7. ADVANCED
8. CONFIGURATION
9. Primitives
10. Black Boxes
11. Instantiated Netlists

1. CLB Logic
------------

+----------------------------+-------+-------+------------+-----------+-------+
|          Site Type         |  Used | Fixed | Prohibited | Available | Util% |
+----------------------------+-------+-------+------------+-----------+-------+
| CLB LUTs                   |  6928 |     0 |          0 |     70560 |  9.82 |
|   LUT as Logic             |  6668 |     0 |          0 |     70560 |  9.45 |
|   LUT as Memory            |   260 |     0 |          0 |     28800 |  0.90 |
|     LUT as Distributed RAM |    88 |     0 |            |           |       |
|     LUT as Shift Register  |   172 |     0 |            |           |       |
| CLB Registers              | 11268 |     0 |          0 |    141120 |  7.98 |
|   Register as Flip Flop    | 11264 |     0 |          0 |    141120 |  7.98 |
|   Register as Latch        |     4 |     0 |          0 |    141120 | <0.01 |
| CARRY8                     |    74 |     0 |          0 |      8820 |  0.84 |
| F7 Muxes                   |    31 |     0 |          0 |     35280 |  0.09 |
| F8 Muxes                   |    12 |     0 |          0 |     17640 |  0.07 |
| F9 Muxes                   |     0 |     0 |          0 |      8820 |  0.00 |
+----------------------------+-------+-------+------------+-----------+-------+
* Warning! LUT value is adjusted to account for LUT combining.


1.1 Summary of Registers by Type
--------------------------------

+-------+--------------+-------------+--------------+
| Total | Clock Enable | Synchronous | Asynchronous |
+-------+--------------+-------------+--------------+
| 12    |            _ |           - |            - |
| 0     |            _ |           - |          Set |
| 0     |            _ |           - |        Reset |
| 0     |            _ |         Set |            - |
| 0     |            _ |       Reset |            - |
| 0     |          Yes |           - |            - |
| 74    |          Yes |           - |          Set |
| 253   |          Yes |           - |        Reset |
| 748   |          Yes |         Set |            - |
| 10185 |          Yes |       Reset |            - |
+-------+--------------+-------------+--------------+


2. CLB Logic Distribution
-------------------------

+--------------------------------------------+-------+-------+------------+-----------+-------+
|                  Site Type                 |  Used | Fixed | Prohibited | Available | Util% |
+--------------------------------------------+-------+-------+------------+-----------+-------+
| CLB                                        |  1788 |     0 |          0 |      8820 | 20.27 |
|   CLBL                                     |  1107 |     0 |            |           |       |
|   CLBM                                     |   681 |     0 |            |           |       |
| LUT as Logic                               |  6668 |     0 |          0 |     70560 |  9.45 |
|   using O5 output only                     |   259 |       |            |           |       |
|   using O6 output only                     |  4859 |       |            |           |       |
|   using O5 and O6                          |  1550 |       |            |           |       |
| LUT as Memory                              |   260 |     0 |          0 |     28800 |  0.90 |
|   LUT as Distributed RAM                   |    88 |     0 |            |           |       |
|     using O5 output only                   |     0 |       |            |           |       |
|     using O6 output only                   |     0 |       |            |           |       |
|     using O5 and O6                        |    88 |       |            |           |       |
|   LUT as Shift Register                    |   172 |     0 |            |           |       |
|     using O5 output only                   |     0 |       |            |           |       |
|     using O6 output only                   |   132 |       |            |           |       |
|     using O5 and O6                        |    40 |       |            |           |       |
| CLB Registers                              | 11268 |     0 |          0 |    141120 |  7.98 |
|   Register driven from within the CLB      |  4708 |       |            |           |       |
|   Register driven from outside the CLB     |  6560 |       |            |           |       |
|     LUT in front of the register is unused |  4802 |       |            |           |       |
|     LUT in front of the register is used   |  1758 |       |            |           |       |
| Unique Control Sets                        |   762 |       |          0 |     17640 |  4.32 |
+--------------------------------------------+-------+-------+------------+-----------+-------+
* * Note: Available Control Sets calculated as Slices * 2, Review the Control Sets Report for more information regarding control sets.


3. BLOCKRAM
-----------

+-------------------+------+-------+------------+-----------+-------+
|     Site Type     | Used | Fixed | Prohibited | Available | Util% |
+-------------------+------+-------+------------+-----------+-------+
| Block RAM Tile    |  0.5 |     0 |          0 |       216 |  0.23 |
|   RAMB36/FIFO*    |    0 |     0 |          0 |       216 |  0.00 |
|   RAMB18          |    1 |     0 |          0 |       432 |  0.23 |
|     RAMB18E2 only |    1 |       |            |           |       |
+-------------------+------+-------+------------+-----------+-------+
* Note: Each Block RAM Tile only has one FIFO logic available and therefore can accommodate only one FIFO36E2 or one FIFO18E2. However, if a FIFO18E2 occupies a Block RAM Tile, that tile can still accommodate a RAMB18E2


4. ARITHMETIC
-------------

+-----------+------+-------+------------+-----------+-------+
| Site Type | Used | Fixed | Prohibited | Available | Util% |
+-----------+------+-------+------------+-----------+-------+
| DSPs      |    0 |     0 |          0 |       360 |  0.00 |
+-----------+------+-------+------------+-----------+-------+


5. I/O
------

+------------------+------+-------+------------+-----------+-------+
|     Site Type    | Used | Fixed | Prohibited | Available | Util% |
+------------------+------+-------+------------+-----------+-------+
| Bonded IOB       |  176 |   176 |          0 |       252 | 69.84 |
| HPIOB_M          |   54 |    54 |          0 |        72 | 75.00 |
|   INPUT          |    0 |       |            |           |       |
|   OUTPUT         |    8 |       |            |           |       |
|   BIDIR          |   46 |       |            |           |       |
| HPIOB_S          |   58 |    58 |          0 |        72 | 80.56 |
|   INPUT          |    1 |       |            |           |       |
|   OUTPUT         |    6 |       |            |           |       |
|   BIDIR          |   51 |       |            |           |       |
| HDIOB_M          |   33 |    33 |          0 |        48 | 68.75 |
|   INPUT          |    1 |       |            |           |       |
|   OUTPUT         |   10 |       |            |           |       |
|   BIDIR          |   22 |       |            |           |       |
| HDIOB_S          |   31 |    31 |          0 |        48 | 64.58 |
|   INPUT          |    0 |       |            |           |       |
|   OUTPUT         |   10 |       |            |           |       |
|   BIDIR          |   21 |       |            |           |       |
| HPIOB_SNGL       |    0 |     0 |          0 |        12 |  0.00 |
| HPIOBDIFFINBUF   |    0 |     0 |          0 |        72 |  0.00 |
| HPIOBDIFFOUTBUF  |    0 |     0 |          0 |        72 |  0.00 |
| HDIOBDIFFINBUF   |    0 |     0 |          0 |        48 |  0.00 |
| BITSLICE_CONTROL |    0 |     0 |          0 |        24 |  0.00 |
| BITSLICE_RX_TX   |    2 |     2 |          0 |       936 |  0.21 |
| BITSLICE_TX      |    0 |     0 |          0 |        24 |  0.00 |
| RIU_OR           |    0 |     0 |          0 |        12 |  0.00 |
+------------------+------+-------+------------+-----------+-------+


6. CLOCK
--------

+----------------------+------+-------+------------+-----------+-------+
|       Site Type      | Used | Fixed | Prohibited | Available | Util% |
+----------------------+------+-------+------------+-----------+-------+
| GLOBAL CLOCK BUFFERs |    7 |     0 |          0 |       196 |  3.57 |
|   BUFGCE             |    6 |     0 |          0 |        88 |  6.82 |
|   BUFGCE_DIV         |    0 |     0 |          0 |        12 |  0.00 |
|   BUFG_PS            |    1 |     0 |          0 |        72 |  1.39 |
|   BUFGCTRL*          |    0 |     0 |          0 |        24 |  0.00 |
| PLL                  |    0 |     0 |          0 |         6 |  0.00 |
| MMCM                 |    1 |     0 |          0 |         3 | 33.33 |
+----------------------+------+-------+------------+-----------+-------+
* Note: Each used BUFGCTRL counts as two GLOBAL CLOCK BUFFERs. This table does not include global clocking resources, only buffer cell usage. See the Clock Utilization Report (report_clock_utilization) for detailed accounting of global clocking resource availability.


7. ADVANCED
-----------

+-----------+------+-------+------------+-----------+--------+
| Site Type | Used | Fixed | Prohibited | Available |  Util% |
+-----------+------+-------+------------+-----------+--------+
| PS8       |    1 |     0 |          0 |         1 | 100.00 |
| SYSMONE4  |    0 |     0 |          0 |         1 |   0.00 |
+-----------+------+-------+------------+-----------+--------+


8. CONFIGURATION
----------------

+-------------+------+-------+------------+-----------+-------+
|  Site Type  | Used | Fixed | Prohibited | Available | Util% |
+-------------+------+-------+------------+-----------+-------+
| BSCANE2     |    1 |     0 |          0 |         4 | 25.00 |
| DNA_PORTE2  |    0 |     0 |          0 |         1 |  0.00 |
| EFUSE_USR   |    0 |     0 |          0 |         1 |  0.00 |
| FRAME_ECCE4 |    0 |     0 |          0 |         1 |  0.00 |
| ICAPE3      |    0 |     0 |          0 |         2 |  0.00 |
| MASTER_JTAG |    0 |     0 |          0 |         1 |  0.00 |
| STARTUPE3   |    0 |     0 |          0 |         1 |  0.00 |
+-------------+------+-------+------------+-----------+-------+


9. Primitives
-------------

+------------+-------+---------------------+
|  Ref Name  |  Used | Functional Category |
+------------+-------+---------------------+
| FDRE       | 10185 |            Register |
| LUT6       |  2575 |                 CLB |
| LUT5       |  2045 |                 CLB |
| LUT4       |  1450 |                 CLB |
| LUT2       |   984 |                 CLB |
| LUT3       |   919 |                 CLB |
| FDSE       |   748 |            Register |
| FDCE       |   257 |            Register |
| LUT1       |   245 |                 CLB |
| RAMD32     |   154 |                 CLB |
| INBUF      |   142 |                 I/O |
| IBUFCTRL   |   142 |              Others |
| OBUFT      |   140 |                 I/O |
| SRL16E     |   117 |                 CLB |
| SRLC32E    |    93 |                 CLB |
| FDPE       |    78 |            Register |
| CARRY8     |    74 |                 CLB |
| OBUF       |    34 |                 I/O |
| MUXF7      |    31 |                 CLB |
| RAMS32     |    22 |                 CLB |
| MUXF8      |    12 |                 CLB |
| BUFGCE     |     6 |               Clock |
| LDCE       |     4 |            Register |
| SRLC16E    |     2 |                 CLB |
| RAMB18E2   |     1 |            BLOCKRAM |
| PS8        |     1 |            Advanced |
| MMCME4_ADV |     1 |               Clock |
| BUFG_PS    |     1 |               Clock |
| BSCANE2    |     1 |       Configuration |
+------------+-------+---------------------+


10. Black Boxes
---------------

+----------+------+
| Ref Name | Used |
+----------+------+


11. Instantiated Netlists
-------------------------

+--------------------------------+------+
|            Ref Name            | Used |
+--------------------------------+------+
| design_1_zynq_ultra_ps_e_0_0   |    1 |
| design_1_xbar_0                |    1 |
| design_1_util_vector_logic_3_0 |    1 |
| design_1_util_vector_logic_2_0 |    1 |
| design_1_util_vector_logic_1_3 |    1 |
| design_1_util_vector_logic_1_2 |    1 |
| design_1_util_vector_logic_1_1 |    1 |
| design_1_util_vector_logic_1_0 |    1 |
| design_1_util_vector_logic_0_0 |    1 |
| design_1_util_ds_buf_9_0       |    1 |
| design_1_util_ds_buf_8_0       |    1 |
| design_1_util_ds_buf_7_0       |    1 |
| design_1_util_ds_buf_6_1       |    1 |
| design_1_util_ds_buf_6_0       |    1 |
| design_1_util_ds_buf_1_1       |    1 |
| design_1_util_ds_buf_1_0       |    1 |
| design_1_util_ds_buf_18_0      |    1 |
| design_1_util_ds_buf_17_0      |    1 |
| design_1_util_ds_buf_16_0      |    1 |
| design_1_util_ds_buf_15_0      |    1 |
| design_1_util_ds_buf_12_0      |    1 |
| design_1_util_ds_buf_11_0      |    1 |
| design_1_util_ds_buf_10_1      |    1 |
| design_1_util_ds_buf_10_0      |    1 |
| design_1_util_ds_buf_0_3       |    1 |
| design_1_util_ds_buf_0_2       |    1 |
| design_1_util_ds_buf_0_1       |    1 |
| design_1_util_ds_buf_0_0       |    1 |
| design_1_tier2_xbar_3_0        |    1 |
| design_1_tier2_xbar_2_0        |    1 |
| design_1_tier2_xbar_1_0        |    1 |
| design_1_tier2_xbar_0_0        |    1 |
| design_1_proc_sys_reset_0_0    |    1 |
| design_1_ila_0_0               |    1 |
| design_1_clk_wiz_0_0           |    1 |
| design_1_axi_quad_spi_0_1      |    1 |
| design_1_axi_quad_spi_0_0      |    1 |
| design_1_axi_iic_0_2           |    1 |
| design_1_axi_iic_0_1           |    1 |
| design_1_axi_iic_0_0           |    1 |
| design_1_axi_gpio_9_1          |    1 |
| design_1_axi_gpio_9_0          |    1 |
| design_1_axi_gpio_8_0          |    1 |
| design_1_axi_gpio_3_2          |    1 |
| design_1_axi_gpio_3_1          |    1 |
| design_1_axi_gpio_3_0          |    1 |
| design_1_axi_gpio_2_3          |    1 |
| design_1_axi_gpio_2_2          |    1 |
| design_1_axi_gpio_2_1          |    1 |
| design_1_axi_gpio_2_0          |    1 |
| design_1_axi_gpio_21_1         |    1 |
| design_1_axi_gpio_21_0         |    1 |
| design_1_axi_gpio_20_0         |    1 |
| design_1_axi_gpio_1_1          |    1 |
| design_1_axi_gpio_1_0          |    1 |
| design_1_axi_gpio_18_0         |    1 |
| design_1_axi_gpio_17_0         |    1 |
| design_1_axi_gpio_16_0         |    1 |
| design_1_axi_gpio_15_0         |    1 |
| design_1_axi_gpio_14_0         |    1 |
| design_1_axi_gpio_10_0         |    1 |
| design_1_axi_gpio_0_2          |    1 |
| design_1_axi_gpio_0_1          |    1 |
| design_1_axi_gpio_0_0          |    1 |
| design_1_auto_pc_0             |    1 |
| design_1_auto_ds_0             |    1 |
| design_1_SoftwareOverride_0_0  |    1 |
| design_1_DAC_CTRL_0_3          |    1 |
| design_1_DAC_CTRL_0_2          |    1 |
| design_1_DAC_CTRL_0_1          |    1 |
| design_1_DAC_CTRL_0_0          |    1 |
| design_1_ClockDivider_0_1      |    1 |
| design_1_ClockDivider_0_0      |    1 |
| design_1_ADC_MinMax_0_3        |    1 |
| design_1_ADC_MinMax_0_2        |    1 |
| design_1_ADC_MinMax_0_1        |    1 |
| design_1_ADC_MinMax_0_0        |    1 |
| design_1_ADC_CHB_selector_0_3  |    1 |
| design_1_ADC_CHB_selector_0_2  |    1 |
| design_1_ADC_CHB_selector_0_1  |    1 |
| design_1_ADC_CHB_selector_0_0  |    1 |
| design_1_ADC_CHA_Selector_0_3  |    1 |
| design_1_ADC_CHA_Selector_0_2  |    1 |
| design_1_ADC_CHA_Selector_0_1  |    1 |
| design_1_ADC_CHA_Selector_0_0  |    1 |
| dbg_hub                        |    1 |
+--------------------------------+------+


