Copyright 1986-2022 Xilinx, Inc. All Rights Reserved. Copyright 2022-2023 Advanced Micro Devices, Inc. All Rights Reserved.
----------------------------------------------------------------------------------------------------------------------------------------------------------------------
| Tool Version     : Vivado v.2023.1 (win64) Build 3865809 Sun May  7 15:05:29 MDT 2023
| Date             : Mon Mar 31 16:20:53 2025
| Host             : OCP001 running 64-bit major release  (build 9200)
| Command          : report_power -file design_1_wrapper_power_routed.rpt -pb design_1_wrapper_power_summary_routed.pb -rpx design_1_wrapper_power_routed.rpx
| Design           : design_1_wrapper
| Device           : xczu3eg-sfvc784-1-e
| Design State     : routed
| Grade            : extended
| Process          : typical
| Characterization : Production
----------------------------------------------------------------------------------------------------------------------------------------------------------------------

Power Report

Table of Contents
-----------------
1. Summary
1.1 On-Chip Components
1.2 Power Supply Summary
1.3 Confidence Level
2. Settings
2.1 Environment
2.2 Clock Constraints
3. Detailed Reports
3.1 By Hierarchy

1. Summary
----------

+--------------------------+--------------+
| Total On-Chip Power (W)  | 2.324        |
| Design Power Budget (W)  | Unspecified* |
| Power Budget Margin (W)  | NA           |
| Dynamic (W)              | 2.013        |
| Device Static (W)        | 0.312        |
| Effective TJA (C/W)      | 2.4          |
| Max Ambient (C)          | 94.5         |
| Junction Temperature (C) | 30.5         |
| Confidence Level         | Low          |
| Setting File             | ---          |
| Simulation Activity File | ---          |
| Design Nets Matched      | NA           |
+--------------------------+--------------+
* Specify Design Power Budget using, set_operating_conditions -design_power_budget <value in Watts>


1.1 On-Chip Components
----------------------

+--------------------------+-----------+----------+-----------+-----------------+
| On-Chip                  | Power (W) | Used     | Available | Utilization (%) |
+--------------------------+-----------+----------+-----------+-----------------+
| Clocks                   |     0.040 |        6 |       --- |             --- |
| CLB Logic                |     0.020 |    14401 |       --- |             --- |
|   LUT as Logic           |     0.016 |     4757 |     70560 |            6.74 |
|   Register               |     0.003 |     7588 |    141120 |            5.38 |
|   CARRY8                 |    <0.001 |       45 |      8820 |            0.51 |
|   LUT as Shift Register  |    <0.001 |      100 |     28800 |            0.35 |
|   LUT as Distributed RAM |    <0.001 |       68 |     28800 |            0.24 |
|   BUFG                   |    <0.001 |        1 |        24 |            4.17 |
|   Others                 |     0.000 |      497 |       --- |             --- |
|   F7/F8 Muxes            |     0.000 |       38 |     70560 |            0.05 |
| Signals                  |     0.029 |    10921 |       --- |             --- |
| MMCM                     |     0.090 |        0 |       --- |             --- |
| I/O                      |     0.475 |      176 |       252 |           69.84 |
| PS8                      |     1.359 |        1 |       --- |             --- |
| Static Power             |     0.312 |          |           |                 |
|   PS Static              |     0.097 |          |           |                 |
|   PL Static              |     0.215 |          |           |                 |
| Total                    |     2.324 |          |           |                 |
+--------------------------+-----------+----------+-----------+-----------------+


1.2 Power Supply Summary
------------------------

+-----------------+-------------+-----------+-------------+------------+-------------+-------------+------------+
| Source          | Voltage (V) | Total (A) | Dynamic (A) | Static (A) | Powerup (A) | Budget (A)  | Margin (A) |
+-----------------+-------------+-----------+-------------+------------+-------------+-------------+------------+
| Vccint          |       0.850 |     0.159 |       0.105 |      0.054 |       NA    | Unspecified | NA         |
| Vccint_io       |       0.850 |     0.048 |       0.020 |      0.027 |       NA    | Unspecified | NA         |
| Vccbram         |       0.850 |     0.001 |       0.000 |      0.001 |       NA    | Unspecified | NA         |
| Vccaux          |       1.800 |     0.097 |       0.050 |      0.048 |       NA    | Unspecified | NA         |
| Vccaux_io       |       1.800 |     0.090 |       0.064 |      0.025 |       NA    | Unspecified | NA         |
| Vcco33          |       3.300 |     0.000 |       0.000 |      0.000 |       NA    | Unspecified | NA         |
| Vcco25          |       2.500 |     0.000 |       0.000 |      0.000 |       NA    | Unspecified | NA         |
| Vcco18          |       1.800 |     0.190 |       0.190 |      0.000 |       NA    | Unspecified | NA         |
| Vcco15          |       1.500 |     0.000 |       0.000 |      0.000 |       NA    | Unspecified | NA         |
| Vcco135         |       1.350 |     0.000 |       0.000 |      0.000 |       NA    | Unspecified | NA         |
| Vcco12          |       1.200 |     0.000 |       0.000 |      0.000 |       NA    | Unspecified | NA         |
| Vcco10          |       1.000 |     0.000 |       0.000 |      0.000 |       NA    | Unspecified | NA         |
| Vccadc          |       1.800 |     0.008 |       0.000 |      0.008 |       NA    | Unspecified | NA         |
| VCC_PSINTFP     |       0.850 |     0.904 |       0.867 |      0.037 |       NA    | Unspecified | NA         |
| VCC_PSINTLP     |       0.850 |     0.226 |       0.218 |      0.007 |       NA    | Unspecified | NA         |
| VPS_MGTRAVCC    |       0.850 |     0.001 |       0.000 |      0.001 |       NA    | Unspecified | NA         |
| VCC_PSINTFP_DDR |       0.850 |     0.268 |       0.263 |      0.005 |       NA    | Unspecified | NA         |
| VCC_PSPLL       |       1.200 |     0.075 |       0.073 |      0.002 |       NA    | Unspecified | NA         |
| VPS_MGTRAVTT    |       1.800 |     0.001 |       0.000 |      0.001 |       NA    | Unspecified | NA         |
| VCCO_PSDDR_504  |       1.100 |     0.146 |       0.112 |      0.034 |       NA    | Unspecified | NA         |
| VCC_PSAUX       |       1.800 |     0.002 |       0.000 |      0.002 |       NA    | Unspecified | NA         |
| VCC_PSBATT      |       1.200 |     0.000 |       0.000 |      0.000 |       NA    | Unspecified | NA         |
| VCC_PSDDR_PLL   |       1.800 |     0.001 |       0.000 |      0.001 |       NA    | Unspecified | NA         |
| VCCO_PSIO0_500  |       1.800 |     0.001 |       0.000 |      0.001 |       NA    | Unspecified | NA         |
| VCCO_PSIO1_501  |       1.800 |     0.001 |       0.000 |      0.001 |       NA    | Unspecified | NA         |
| VCCO_PSIO2_502  |       1.800 |     0.001 |       0.000 |      0.001 |       NA    | Unspecified | NA         |
| VCCO_PSIO3_503  |       1.800 |     0.001 |       0.000 |      0.001 |       NA    | Unspecified | NA         |
| VCC_PSADC       |       1.800 |     0.002 |       0.000 |      0.002 |       NA    | Unspecified | NA         |
+-----------------+-------------+-----------+-------------+------------+-------------+-------------+------------+


1.3 Confidence Level
--------------------

+-----------------------------+------------+--------------------------------------------------------+------------------------------------------------------------------------------------------------------------+
| User Input Data             | Confidence | Details                                                | Action                                                                                                     |
+-----------------------------+------------+--------------------------------------------------------+------------------------------------------------------------------------------------------------------------+
| Design implementation state | High       | Design is routed                                       |                                                                                                            |
| Clock nodes activity        | High       | User specified more than 95% of clocks                 |                                                                                                            |
| I/O nodes activity          | Low        | More than 75% of inputs are missing user specification | Provide missing input activity with simulation results or by editing the "By Resource Type -> I/Os" view   |
| Internal nodes activity     | Medium     | User specified less than 25% of internal nodes         | Provide missing internal nodes activity with simulation results or by editing the "By Resource Type" views |
| Device models               | High       | Device models are Production                           |                                                                                                            |
|                             |            |                                                        |                                                                                                            |
| Overall confidence level    | Low        |                                                        |                                                                                                            |
+-----------------------------+------------+--------------------------------------------------------+------------------------------------------------------------------------------------------------------------+


2. Settings
-----------

2.1 Environment
---------------

+-----------------------+--------------------------+
| Ambient Temp (C)      | 25.0                     |
| ThetaJA (C/W)         | 2.4                      |
| Airflow (LFM)         | 250                      |
| Heat Sink             | medium (Medium Profile)  |
| ThetaSA (C/W)         | 5.5                      |
| Board Selection       | medium (10"x10")         |
| # of Board Layers     | 12to15 (12 to 15 Layers) |
| Board Temperature (C) | 25.0                     |
+-----------------------+--------------------------+


2.2 Clock Constraints
---------------------

+-------------------------------+---------------------------------------------------------+-----------------+
| Clock                         | Domain                                                  | Constraint (ns) |
+-------------------------------+---------------------------------------------------------+-----------------+
| clk_out1_design_1_clk_wiz_0_0 | design_1_i/clk_wiz_0/inst/clk_out1_design_1_clk_wiz_0_0 |             7.7 |
| clk_out3_design_1_clk_wiz_0_0 | design_1_i/clk_wiz_0/inst/clk_out3_design_1_clk_wiz_0_0 |             1.9 |
| clk_pl_0                      | design_1_i/zynq_ultra_ps_e_0/inst/pl_clk0               |            10.0 |
| clk_pl_0                      | design_1_i/zynq_ultra_ps_e_0/inst/pl_clk_unbuffered[0]  |            10.0 |
+-------------------------------+---------------------------------------------------------+-----------------+


3. Detailed Reports
-------------------

3.1 By Hierarchy
----------------

+-----------------------+-----------+
| Name                  | Power (W) |
+-----------------------+-----------+
| design_1_wrapper      |     2.013 |
|   design_1_i          |     1.996 |
|     ADC_MinMax_0      |     0.008 |
|       inst            |     0.008 |
|     ADC_MinMax_1      |     0.008 |
|       inst            |     0.008 |
|     ADC_MinMax_2      |     0.008 |
|       inst            |     0.008 |
|     ADC_MinMax_3      |     0.008 |
|       inst            |     0.008 |
|     ClockDivider_0    |     0.002 |
|       inst            |     0.002 |
|     axi_gpio_10       |     0.002 |
|       U0              |     0.002 |
|     axi_gpio_13       |     0.001 |
|       U0              |     0.001 |
|     axi_gpio_9        |     0.002 |
|       U0              |     0.002 |
|     axi_iic_0         |     0.002 |
|       U0              |     0.002 |
|     axi_iic_1         |     0.002 |
|       U0              |     0.002 |
|     axi_iic_2         |     0.002 |
|       U0              |     0.002 |
|     axi_quad_spi_0    |     0.004 |
|       U0              |     0.004 |
|     axi_quad_spi_1    |     0.003 |
|       U0              |     0.003 |
|     clk_wiz_0         |     0.090 |
|       inst            |     0.090 |
|     ps8_0_axi_periph  |     0.011 |
|       s00_couplers    |     0.008 |
|     util_ds_buf_15    |     0.009 |
|       U0              |     0.009 |
|     util_ds_buf_16    |     0.009 |
|       U0              |     0.009 |
|     util_ds_buf_17    |     0.009 |
|       U0              |     0.009 |
|     util_ds_buf_18    |     0.009 |
|       U0              |     0.009 |
|     util_ds_buf_6     |     0.109 |
|       U0              |     0.109 |
|     util_ds_buf_7     |     0.108 |
|       U0              |     0.108 |
|     util_ds_buf_8     |     0.109 |
|       U0              |     0.109 |
|     util_ds_buf_9     |     0.108 |
|       U0              |     0.108 |
|     zynq_ultra_ps_e_0 |     1.359 |
|       inst            |     1.359 |
+-----------------------+-----------+


