Copyright 1986-2022 Xilinx, Inc. All Rights Reserved. Copyright 2022-2023 Advanced Micro Devices, Inc. All Rights Reserved.
---------------------------------------------------------------------------------------------------------------------------------------------
| Tool Version : Vivado v.2023.1 (win64) Build 3865809 Sun May  7 15:05:29 MDT 2023
| Date         : Wed Jul  9 13:39:06 2025
| Host         : YousefPC running 64-bit major release  (build 9200)
| Command      : upgrade_ip
| Device       : xczu3eg-sfvc784-1-e
---------------------------------------------------------------------------------------------------------------------------------------------

Upgrade Log for IP 'design_1_util_ds_buf_6_0'

1. Summary
----------

CAUTION (success, with warnings) in the update of design_1_util_ds_buf_6_0 (xilinx.com:ip:util_ds_buf:2.2 (Rev. 30)) to current project options.

After upgrade, an IP may have parameter differences compared to the original customization. Please review the parameters within the IP customization GUI to ensure proper functionality.

2. Customization warnings
-------------------------

An attempt to modify the value of disabled parameter 'FREQ_HZ' from '156250000' to '129998700' has been ignored for IP 'design_1_util_ds_buf_6_0'


3. Debug Commands
-----------------

  The following debug information can be passed to Vivado as Tcl commands,
in order to validate or debug the output of the upgrade flow.
  You may consult any warnings from within this upgrade, and alter or remove
the configuration parameter(s) which caused the warning; then execute the Tcl
commands, and use the IP Customization GUI to verify the IP configuration.

create_ip -vlnv xilinx.com:ip:util_ds_buf:2.2 -user_name design_1_util_ds_buf_6_0
set_property -dict "\
  CONFIG.BOARD_PARAMETER { } \
  CONFIG.BUFG_I.ASSOCIATED_BUSIF {} \
  CONFIG.BUFG_I.ASSOCIATED_PORT {} \
  CONFIG.BUFG_I.ASSOCIATED_RESET {} \
  CONFIG.BUFG_I.CLK_DOMAIN {design_1_clk_wiz_0_0_clk_out1} \
  CONFIG.BUFG_I.FREQ_HZ {129998700} \
  CONFIG.BUFG_I.FREQ_TOLERANCE_HZ {0} \
  CONFIG.BUFG_I.INSERT_VIP {0} \
  CONFIG.BUFG_I.PHASE {0.0} \
  CONFIG.BUFG_O.ASSOCIATED_BUSIF {} \
  CONFIG.BUFG_O.ASSOCIATED_PORT {} \
  CONFIG.BUFG_O.ASSOCIATED_RESET {} \
  CONFIG.BUFG_O.CLK_DOMAIN {design_1_clk_wiz_0_0_clk_out1} \
  CONFIG.BUFG_O.FREQ_HZ {129998700} \
  CONFIG.BUFG_O.FREQ_TOLERANCE_HZ {0} \
  CONFIG.BUFG_O.INSERT_VIP {0} \
  CONFIG.BUFG_O.PHASE {0.0} \
  CONFIG.C_BUFGCE_DIV {1} \
  CONFIG.C_BUFG_GT_SYNC {false} \
  CONFIG.C_BUF_TYPE {BUFG} \
  CONFIG.C_OBUFDS_GTE5_ADV {"00"} \
  CONFIG.C_REFCLK_ICNTL_TX {"00000"} \
  CONFIG.C_SIZE {1} \
  CONFIG.Component_Name {design_1_util_ds_buf_6_0} \
  CONFIG.DIFF_CLK_IN_BOARD_INTERFACE {Custom} \
  CONFIG.FREQ_HZ {129998700} \
  CONFIG.USE_BOARD_FLOW {false} " [get_ips design_1_util_ds_buf_6_0]







Copyright 1986-2022 Xilinx, Inc. All Rights Reserved. Copyright 2022-2023 Advanced Micro Devices, Inc. All Rights Reserved.
---------------------------------------------------------------------------------------------------------------------------------------------
| Tool Version : Vivado v.2023.1 (win64) Build 3865809 Sun May  7 15:05:29 MDT 2023
| Date         : Wed Jul  9 13:39:06 2025
| Host         : YousefPC running 64-bit major release  (build 9200)
| Command      : upgrade_ip
| Device       : xczu3eg-sfvc784-1-e
---------------------------------------------------------------------------------------------------------------------------------------------

Upgrade Log for IP 'design_1_clk_wiz_0_0'

1. Summary
----------

CAUTION (success, with warnings) in the update of design_1_clk_wiz_0_0 (xilinx.com:ip:clk_wiz:6.0 (Rev. 12)) to current project options.

After upgrade, an IP may have parameter differences compared to the original customization. Please review the parameters within the IP customization GUI to ensure proper functionality.

2. Customization warnings
-------------------------

Parameter 'FREQ_HZ' is no longer present on the upgraded IP 'design_1_clk_wiz_0_0', and cannot be set to '519994800'

Parameter 'PHASE' is no longer present on the upgraded IP 'design_1_clk_wiz_0_0', and cannot be set to '90.0'


3. Debug Commands
-----------------

  The following debug information can be passed to Vivado as Tcl commands,
in order to validate or debug the output of the upgrade flow.
  You may consult any warnings from within this upgrade, and alter or remove
the configuration parameter(s) which caused the warning; then execute the Tcl
commands, and use the IP Customization GUI to verify the IP configuration.

create_ip -vlnv xilinx.com:ip:clk_wiz:6.0 -user_name design_1_clk_wiz_0_0
set_property -dict "\
  CONFIG.AUTO_PRIMITIVE {MMCM} \
  CONFIG.AXI_DRP {false} \
  CONFIG.CALC_DONE {empty} \
  CONFIG.CDDCDONE_PORT {cddcdone} \
  CONFIG.CDDCREQ_PORT {cddcreq} \
  CONFIG.CLKFB_IN_N_PORT {clkfb_in_n} \
  CONFIG.CLKFB_IN_PORT {clkfb_in} \
  CONFIG.CLKFB_IN_P_PORT {clkfb_in_p} \
  CONFIG.CLKFB_IN_SIGNALING {SINGLE} \
  CONFIG.CLKFB_OUT_N_PORT {clkfb_out_n} \
  CONFIG.CLKFB_OUT_PORT {clkfb_out} \
  CONFIG.CLKFB_OUT_P_PORT {clkfb_out_p} \
  CONFIG.CLKFB_STOPPED_PORT {clkfb_stopped} \
  CONFIG.CLKIN1_JITTER_PS {100.0} \
  CONFIG.CLKIN1_UI_JITTER {0.010} \
  CONFIG.CLKIN2_JITTER_PS {100.0} \
  CONFIG.CLKIN2_UI_JITTER {0.010} \
  CONFIG.CLKOUT1_DRIVES {Buffer} \
  CONFIG.CLKOUT1_JITTER {204.495} \
  CONFIG.CLKOUT1_MATCHED_ROUTING {false} \
  CONFIG.CLKOUT1_PHASE_ERROR {300.282} \
  CONFIG.CLKOUT1_REQUESTED_DUTY_CYCLE {50.000} \
  CONFIG.CLKOUT1_REQUESTED_OUT_FREQ {260} \
  CONFIG.CLKOUT1_REQUESTED_PHASE {10} \
  CONFIG.CLKOUT1_SEQUENCE_NUMBER {1} \
  CONFIG.CLKOUT1_USED {true} \
  CONFIG.CLKOUT2_DRIVES {Buffer} \
  CONFIG.CLKOUT2_JITTER {339.118} \
  CONFIG.CLKOUT2_MATCHED_ROUTING {false} \
  CONFIG.CLKOUT2_PHASE_ERROR {300.282} \
  CONFIG.CLKOUT2_REQUESTED_DUTY_CYCLE {50.000} \
  CONFIG.CLKOUT2_REQUESTED_OUT_FREQ {10} \
  CONFIG.CLKOUT2_REQUESTED_PHASE {0} \
  CONFIG.CLKOUT2_SEQUENCE_NUMBER {1} \
  CONFIG.CLKOUT2_USED {true} \
  CONFIG.CLKOUT3_DRIVES {Buffer} \
  CONFIG.CLKOUT3_JITTER {186.136} \
  CONFIG.CLKOUT3_MATCHED_ROUTING {false} \
  CONFIG.CLKOUT3_PHASE_ERROR {300.282} \
  CONFIG.CLKOUT3_REQUESTED_DUTY_CYCLE {50.000} \
  CONFIG.CLKOUT3_REQUESTED_OUT_FREQ {520} \
  CONFIG.CLKOUT3_REQUESTED_PHASE {0} \
  CONFIG.CLKOUT3_SEQUENCE_NUMBER {1} \
  CONFIG.CLKOUT3_USED {true} \
  CONFIG.CLKOUT4_DRIVES {Buffer} \
  CONFIG.CLKOUT4_JITTER {186.136} \
  CONFIG.CLKOUT4_MATCHED_ROUTING {false} \
  CONFIG.CLKOUT4_PHASE_ERROR {300.282} \
  CONFIG.CLKOUT4_REQUESTED_DUTY_CYCLE {50.000} \
  CONFIG.CLKOUT4_REQUESTED_OUT_FREQ {520} \
  CONFIG.CLKOUT4_REQUESTED_PHASE {90} \
  CONFIG.CLKOUT4_SEQUENCE_NUMBER {1} \
  CONFIG.CLKOUT4_USED {true} \
  CONFIG.CLKOUT5_DRIVES {Buffer} \
  CONFIG.CLKOUT5_JITTER {247.433} \
  CONFIG.CLKOUT5_MATCHED_ROUTING {false} \
  CONFIG.CLKOUT5_PHASE_ERROR {300.282} \
  CONFIG.CLKOUT5_REQUESTED_DUTY_CYCLE {50.000} \
  CONFIG.CLKOUT5_REQUESTED_OUT_FREQ {65} \
  CONFIG.CLKOUT5_REQUESTED_PHASE {0.000} \
  CONFIG.CLKOUT5_SEQUENCE_NUMBER {1} \
  CONFIG.CLKOUT5_USED {true} \
  CONFIG.CLKOUT6_DRIVES {Buffer} \
  CONFIG.CLKOUT6_JITTER {0.0} \
  CONFIG.CLKOUT6_MATCHED_ROUTING {false} \
  CONFIG.CLKOUT6_PHASE_ERROR {0.0} \
  CONFIG.CLKOUT6_REQUESTED_DUTY_CYCLE {50.000} \
  CONFIG.CLKOUT6_REQUESTED_OUT_FREQ {100.000} \
  CONFIG.CLKOUT6_REQUESTED_PHASE {0.000} \
  CONFIG.CLKOUT6_SEQUENCE_NUMBER {1} \
  CONFIG.CLKOUT6_USED {false} \
  CONFIG.CLKOUT7_DRIVES {Buffer} \
  CONFIG.CLKOUT7_JITTER {0.0} \
  CONFIG.CLKOUT7_MATCHED_ROUTING {false} \
  CONFIG.CLKOUT7_PHASE_ERROR {0.0} \
  CONFIG.CLKOUT7_REQUESTED_DUTY_CYCLE {50.000} \
  CONFIG.CLKOUT7_REQUESTED_OUT_FREQ {100.000} \
  CONFIG.CLKOUT7_REQUESTED_PHASE {0.000} \
  CONFIG.CLKOUT7_SEQUENCE_NUMBER {1} \
  CONFIG.CLKOUT7_USED {false} \
  CONFIG.CLKOUTPHY_REQUESTED_FREQ {600.000} \
  CONFIG.CLK_IN1_BOARD_INTERFACE {Custom} \
  CONFIG.CLK_IN2_BOARD_INTERFACE {Custom} \
  CONFIG.CLK_IN_SEL_PORT {clk_in_sel} \
  CONFIG.CLK_OUT1_PORT {clk_out1} \
  CONFIG.CLK_OUT1_USE_FINE_PS_GUI {false} \
  CONFIG.CLK_OUT2_PORT {clk_out2} \
  CONFIG.CLK_OUT2_USE_FINE_PS_GUI {false} \
  CONFIG.CLK_OUT3_PORT {clk_out3} \
  CONFIG.CLK_OUT3_USE_FINE_PS_GUI {false} \
  CONFIG.CLK_OUT4_PORT {clk_out4} \
  CONFIG.CLK_OUT4_USE_FINE_PS_GUI {false} \
  CONFIG.CLK_OUT5_PORT {clk_out5} \
  CONFIG.CLK_OUT5_USE_FINE_PS_GUI {false} \
  CONFIG.CLK_OUT6_PORT {clk_out6} \
  CONFIG.CLK_OUT6_USE_FINE_PS_GUI {false} \
  CONFIG.CLK_OUT7_PORT {clk_out7} \
  CONFIG.CLK_OUT7_USE_FINE_PS_GUI {false} \
  CONFIG.CLK_VALID_PORT {CLK_VALID} \
  CONFIG.CLOCK_MGR_TYPE {auto} \
  CONFIG.Component_Name {design_1_clk_wiz_0_0} \
  CONFIG.DADDR_PORT {daddr} \
  CONFIG.DCLK_PORT {dclk} \
  CONFIG.DEN_PORT {den} \
  CONFIG.DIFF_CLK_IN1_BOARD_INTERFACE {Custom} \
  CONFIG.DIFF_CLK_IN2_BOARD_INTERFACE {Custom} \
  CONFIG.DIN_PORT {din} \
  CONFIG.DOUT_PORT {dout} \
  CONFIG.DRDY_PORT {drdy} \
  CONFIG.DWE_PORT {dwe} \
  CONFIG.ENABLE_CDDC {false} \
  CONFIG.ENABLE_CLKOUTPHY {false} \
  CONFIG.ENABLE_CLOCK_MONITOR {false} \
  CONFIG.ENABLE_USER_CLOCK0 {false} \
  CONFIG.ENABLE_USER_CLOCK1 {false} \
  CONFIG.ENABLE_USER_CLOCK2 {false} \
  CONFIG.ENABLE_USER_CLOCK3 {false} \
  CONFIG.Enable_PLL0 {false} \
  CONFIG.Enable_PLL1 {false} \
  CONFIG.FEEDBACK_SOURCE {FDBK_AUTO} \
  CONFIG.INPUT_CLK_STOPPED_PORT {input_clk_stopped} \
  CONFIG.INPUT_MODE {frequency} \
  CONFIG.INTERFACE_SELECTION {Enable_AXI} \
  CONFIG.IN_FREQ_UNITS {Units_MHz} \
  CONFIG.IN_JITTER_UNITS {Units_UI} \
  CONFIG.JITTER_OPTIONS {UI} \
  CONFIG.JITTER_SEL {No_Jitter} \
  CONFIG.LOCKED_PORT {locked} \
  CONFIG.MMCM_BANDWIDTH {OPTIMIZED} \
  CONFIG.MMCM_CLKFBOUT_MULT_F {52.000} \
  CONFIG.MMCM_CLKFBOUT_PHASE {0.000} \
  CONFIG.MMCM_CLKFBOUT_USE_FINE_PS {false} \
  CONFIG.MMCM_CLKIN1_PERIOD {10.000} \
  CONFIG.MMCM_CLKIN2_PERIOD {10.000} \
  CONFIG.MMCM_CLKOUT0_DIVIDE_F {4.000} \
  CONFIG.MMCM_CLKOUT0_DUTY_CYCLE {0.5} \
  CONFIG.MMCM_CLKOUT0_PHASE {11.250} \
  CONFIG.MMCM_CLKOUT0_USE_FINE_PS {false} \
  CONFIG.MMCM_CLKOUT1_DIVIDE {104} \
  CONFIG.MMCM_CLKOUT1_DUTY_CYCLE {0.5} \
  CONFIG.MMCM_CLKOUT1_PHASE {0.000} \
  CONFIG.MMCM_CLKOUT1_USE_FINE_PS {false} \
  CONFIG.MMCM_CLKOUT2_DIVIDE {2} \
  CONFIG.MMCM_CLKOUT2_DUTY_CYCLE {0.5} \
  CONFIG.MMCM_CLKOUT2_PHASE {0.000} \
  CONFIG.MMCM_CLKOUT2_USE_FINE_PS {false} \
  CONFIG.MMCM_CLKOUT3_DIVIDE {2} \
  CONFIG.MMCM_CLKOUT3_DUTY_CYCLE {0.5} \
  CONFIG.MMCM_CLKOUT3_PHASE {90.000} \
  CONFIG.MMCM_CLKOUT3_USE_FINE_PS {false} \
  CONFIG.MMCM_CLKOUT4_CASCADE {false} \
  CONFIG.MMCM_CLKOUT4_DIVIDE {16} \
  CONFIG.MMCM_CLKOUT4_DUTY_CYCLE {0.5} \
  CONFIG.MMCM_CLKOUT4_PHASE {0.000} \
  CONFIG.MMCM_CLKOUT4_USE_FINE_PS {false} \
  CONFIG.MMCM_CLKOUT5_DIVIDE {1} \
  CONFIG.MMCM_CLKOUT5_DUTY_CYCLE {0.500} \
  CONFIG.MMCM_CLKOUT5_PHASE {0.000} \
  CONFIG.MMCM_CLKOUT5_USE_FINE_PS {false} \
  CONFIG.MMCM_CLKOUT6_DIVIDE {1} \
  CONFIG.MMCM_CLKOUT6_DUTY_CYCLE {0.500} \
  CONFIG.MMCM_CLKOUT6_PHASE {0.000} \
  CONFIG.MMCM_CLKOUT6_USE_FINE_PS {false} \
  CONFIG.MMCM_CLOCK_HOLD {false} \
  CONFIG.MMCM_COMPENSATION {AUTO} \
  CONFIG.MMCM_DIVCLK_DIVIDE {5} \
  CONFIG.MMCM_NOTES {None} \
  CONFIG.MMCM_REF_JITTER1 {0.010} \
  CONFIG.MMCM_REF_JITTER2 {0.010} \
  CONFIG.MMCM_STARTUP_WAIT {false} \
  CONFIG.NUM_OUT_CLKS {5} \
  CONFIG.OPTIMIZE_CLOCKING_STRUCTURE_EN {false} \
  CONFIG.OVERRIDE_MMCM {false} \
  CONFIG.OVERRIDE_PLL {false} \
  CONFIG.PHASESHIFT_MODE {LATENCY} \
  CONFIG.PHASE_DUTY_CONFIG {false} \
  CONFIG.PLATFORM {UNKNOWN} \
  CONFIG.PLL_BANDWIDTH {OPTIMIZED} \
  CONFIG.PLL_CLKFBOUT_MULT {4} \
  CONFIG.PLL_CLKFBOUT_PHASE {0.000} \
  CONFIG.PLL_CLKIN_PERIOD {10.000} \
  CONFIG.PLL_CLKOUT0_DIVIDE {1} \
  CONFIG.PLL_CLKOUT0_DUTY_CYCLE {0.500} \
  CONFIG.PLL_CLKOUT0_PHASE {0.000} \
  CONFIG.PLL_CLKOUT1_DIVIDE {1} \
  CONFIG.PLL_CLKOUT1_DUTY_CYCLE {0.500} \
  CONFIG.PLL_CLKOUT1_PHASE {0.000} \
  CONFIG.PLL_CLKOUT2_DIVIDE {1} \
  CONFIG.PLL_CLKOUT2_DUTY_CYCLE {0.500} \
  CONFIG.PLL_CLKOUT2_PHASE {0.000} \
  CONFIG.PLL_CLKOUT3_DIVIDE {1} \
  CONFIG.PLL_CLKOUT3_DUTY_CYCLE {0.500} \
  CONFIG.PLL_CLKOUT3_PHASE {0.000} \
  CONFIG.PLL_CLKOUT4_DIVIDE {1} \
  CONFIG.PLL_CLKOUT4_DUTY_CYCLE {0.500} \
  CONFIG.PLL_CLKOUT4_PHASE {0.000} \
  CONFIG.PLL_CLKOUT5_DIVIDE {1} \
  CONFIG.PLL_CLKOUT5_DUTY_CYCLE {0.500} \
  CONFIG.PLL_CLKOUT5_PHASE {0.000} \
  CONFIG.PLL_CLK_FEEDBACK {CLKFBOUT} \
  CONFIG.PLL_COMPENSATION {SYSTEM_SYNCHRONOUS} \
  CONFIG.PLL_DIVCLK_DIVIDE {1} \
  CONFIG.PLL_NOTES {None} \
  CONFIG.PLL_REF_JITTER {0.010} \
  CONFIG.POWER_DOWN_PORT {power_down} \
  CONFIG.PRECISION {1} \
  CONFIG.PRIMARY_PORT {clk_in1} \
  CONFIG.PRIMITIVE {MMCM} \
  CONFIG.PRIMTYPE_SEL {mmcm_adv} \
  CONFIG.PRIM_IN_FREQ {99.999} \
  CONFIG.PRIM_IN_JITTER {0.010} \
  CONFIG.PRIM_IN_TIMEPERIOD {10.000} \
  CONFIG.PRIM_SOURCE {Single_ended_clock_capable_pin} \
  CONFIG.PSCLK_PORT {psclk} \
  CONFIG.PSDONE_PORT {psdone} \
  CONFIG.PSEN_PORT {psen} \
  CONFIG.PSINCDEC_PORT {psincdec} \
  CONFIG.REF_CLK_FREQ {100.0} \
  CONFIG.RELATIVE_INCLK {REL_PRIMARY} \
  CONFIG.RESET_BOARD_INTERFACE {Custom} \
  CONFIG.RESET_PORT {reset} \
  CONFIG.RESET_TYPE {ACTIVE_HIGH} \
  CONFIG.SECONDARY_IN_FREQ {100.000} \
  CONFIG.SECONDARY_IN_JITTER {0.010} \
  CONFIG.SECONDARY_IN_TIMEPERIOD {10.000} \
  CONFIG.SECONDARY_PORT {clk_in2} \
  CONFIG.SECONDARY_SOURCE {Single_ended_clock_capable_pin} \
  CONFIG.SS_MODE {CENTER_HIGH} \
  CONFIG.SS_MOD_FREQ {250} \
  CONFIG.SS_MOD_TIME {0.004} \
  CONFIG.STATUS_PORT {STATUS} \
  CONFIG.SUMMARY_STRINGS {empty} \
  CONFIG.USER_CLK_FREQ0 {100.0} \
  CONFIG.USER_CLK_FREQ1 {100.0} \
  CONFIG.USER_CLK_FREQ2 {100.0} \
  CONFIG.USER_CLK_FREQ3 {100.0} \
  CONFIG.USE_BOARD_FLOW {false} \
  CONFIG.USE_CLKFB_STOPPED {false} \
  CONFIG.USE_CLK_VALID {false} \
  CONFIG.USE_CLOCK_SEQUENCING {false} \
  CONFIG.USE_DYN_PHASE_SHIFT {false} \
  CONFIG.USE_DYN_RECONFIG {false} \
  CONFIG.USE_FREEZE {false} \
  CONFIG.USE_FREQ_SYNTH {true} \
  CONFIG.USE_INCLK_STOPPED {false} \
  CONFIG.USE_INCLK_SWITCHOVER {false} \
  CONFIG.USE_LOCKED {false} \
  CONFIG.USE_MAX_I_JITTER {false} \
  CONFIG.USE_MIN_O_JITTER {false} \
  CONFIG.USE_MIN_POWER {true} \
  CONFIG.USE_PHASE_ALIGNMENT {false} \
  CONFIG.USE_POWER_DOWN {false} \
  CONFIG.USE_RESET {false} \
  CONFIG.USE_SAFE_CLOCK_STARTUP {false} \
  CONFIG.USE_SPREAD_SPECTRUM {false} \
  CONFIG.USE_STATUS {false} " [get_ips design_1_clk_wiz_0_0]







Copyright 1986-2022 Xilinx, Inc. All Rights Reserved. Copyright 2022-2023 Advanced Micro Devices, Inc. All Rights Reserved.
---------------------------------------------------------------------------------------------------------------------------------------------
| Tool Version : Vivado v.2023.1 (win64) Build 3865809 Sun May  7 15:05:29 MDT 2023
| Date         : Wed Jul  9 13:39:06 2025
| Host         : YousefPC running 64-bit major release  (build 9200)
| Command      : upgrade_ip
| Device       : xczu3eg-sfvc784-1-e
---------------------------------------------------------------------------------------------------------------------------------------------

Upgrade Log for IP 'design_1_axi_bram_ctrl_0_1'

1. Summary
----------

CAUTION (success, with warnings) in the update of design_1_axi_bram_ctrl_0_1 (xilinx.com:ip:axi_bram_ctrl:4.1 (Rev. 8)) to current project options.

After upgrade, an IP may have parameter differences compared to the original customization. Please review the parameters within the IP customization GUI to ensure proper functionality.

2. Upgrade messages
-------------------

WARNING: upgrade cannot remove parameter C_SELECT_XPM : there is no parameter called C_SELECT_XPM in axi_bram_ctrl_v4_1

3. Customization warnings
-------------------------

Parameter 'NUM_WRITE_OUTSTANDING' is no longer present on the upgraded IP 'design_1_axi_bram_ctrl_0_1', and cannot be set to '1'

Parameter 'MAX_BURST_LENGTH' is no longer present on the upgraded IP 'design_1_axi_bram_ctrl_0_1', and cannot be set to '1'

Parameter 'NUM_READ_OUTSTANDING' is no longer present on the upgraded IP 'design_1_axi_bram_ctrl_0_1', and cannot be set to '1'


4. Debug Commands
-----------------

  The following debug information can be passed to Vivado as Tcl commands,
in order to validate or debug the output of the upgrade flow.
  You may consult any warnings from within this upgrade, and alter or remove
the configuration parameter(s) which caused the warning; then execute the Tcl
commands, and use the IP Customization GUI to verify the IP configuration.

create_ip -vlnv xilinx.com:ip:axi_bram_ctrl:4.1 -user_name design_1_axi_bram_ctrl_0_1
set_property -dict "\
  CONFIG.BMG_INSTANCE {EXTERNAL} \
  CONFIG.BRAM_PORTA.MASTER_TYPE {BRAM_CTRL} \
  CONFIG.BRAM_PORTA.MEM_ECC {NONE} \
  CONFIG.BRAM_PORTA.MEM_SIZE {8192} \
  CONFIG.BRAM_PORTA.MEM_WIDTH {32} \
  CONFIG.BRAM_PORTA.READ_LATENCY {1} \
  CONFIG.BRAM_PORTA.READ_WRITE_MODE {READ_WRITE} \
  CONFIG.CLKIF.ASSOCIATED_BUSIF {S_AXI:S_AXI_CTRL} \
  CONFIG.CLKIF.ASSOCIATED_PORT {} \
  CONFIG.CLKIF.ASSOCIATED_RESET {s_axi_aresetn} \
  CONFIG.CLKIF.CLK_DOMAIN {design_1_zynq_ultra_ps_e_0_0_pl_clk0} \
  CONFIG.CLKIF.FREQ_HZ {99999001} \
  CONFIG.CLKIF.FREQ_TOLERANCE_HZ {0} \
  CONFIG.CLKIF.INSERT_VIP {0} \
  CONFIG.CLKIF.PHASE {0.0} \
  CONFIG.Component_Name {design_1_axi_bram_ctrl_0_1} \
  CONFIG.DATA_WIDTH {32} \
  CONFIG.ECC_ONOFF_RESET_VALUE {0} \
  CONFIG.ECC_TYPE {0} \
  CONFIG.FAULT_INJECT {0} \
  CONFIG.ID_WIDTH {0} \
  CONFIG.MEM_DEPTH {2048} \
  CONFIG.PROTOCOL {AXI4} \
  CONFIG.RD_CMD_OPTIMIZATION {0} \
  CONFIG.READ_LATENCY {1} \
  CONFIG.RSTIF.INSERT_VIP {0} \
  CONFIG.RSTIF.POLARITY {ACTIVE_LOW} \
  CONFIG.SINGLE_PORT_BRAM {1} \
  CONFIG.SUPPORTS_NARROW_BURST {0} \
  CONFIG.S_AXI.ADDR_WIDTH {13} \
  CONFIG.S_AXI.ARUSER_WIDTH {0} \
  CONFIG.S_AXI.AWUSER_WIDTH {0} \
  CONFIG.S_AXI.BUSER_WIDTH {0} \
  CONFIG.S_AXI.CLK_DOMAIN {design_1_zynq_ultra_ps_e_0_0_pl_clk0} \
  CONFIG.S_AXI.DATA_WIDTH {32} \
  CONFIG.S_AXI.FREQ_HZ {99999001} \
  CONFIG.S_AXI.HAS_BRESP {1} \
  CONFIG.S_AXI.HAS_BURST {1} \
  CONFIG.S_AXI.HAS_CACHE {1} \
  CONFIG.S_AXI.HAS_LOCK {1} \
  CONFIG.S_AXI.HAS_PROT {1} \
  CONFIG.S_AXI.HAS_QOS {0} \
  CONFIG.S_AXI.HAS_REGION {0} \
  CONFIG.S_AXI.HAS_RRESP {1} \
  CONFIG.S_AXI.HAS_WSTRB {1} \
  CONFIG.S_AXI.ID_WIDTH {0} \
  CONFIG.S_AXI.INSERT_VIP {0} \
  CONFIG.S_AXI.MAX_BURST_LENGTH {1} \
  CONFIG.S_AXI.NUM_READ_OUTSTANDING {1} \
  CONFIG.S_AXI.NUM_READ_THREADS {1} \
  CONFIG.S_AXI.NUM_WRITE_OUTSTANDING {1} \
  CONFIG.S_AXI.NUM_WRITE_THREADS {1} \
  CONFIG.S_AXI.PHASE {0.0} \
  CONFIG.S_AXI.PROTOCOL {AXI4} \
  CONFIG.S_AXI.READ_WRITE_MODE {READ_WRITE} \
  CONFIG.S_AXI.RUSER_BITS_PER_BYTE {0} \
  CONFIG.S_AXI.RUSER_WIDTH {0} \
  CONFIG.S_AXI.SUPPORTS_NARROW_BURST {0} \
  CONFIG.S_AXI.WUSER_BITS_PER_BYTE {0} \
  CONFIG.S_AXI.WUSER_WIDTH {0} \
  CONFIG.USE_ECC {0} " [get_ips design_1_axi_bram_ctrl_0_1]







Copyright 1986-2022 Xilinx, Inc. All Rights Reserved. Copyright 2022-2023 Advanced Micro Devices, Inc. All Rights Reserved.
---------------------------------------------------------------------------------------------------------------------------------------------
| Tool Version : Vivado v.2023.1 (win64) Build 3865809 Sun May  7 15:05:29 MDT 2023
| Date         : Wed Jul  9 13:39:06 2025
| Host         : YousefPC running 64-bit major release  (build 9200)
| Command      : upgrade_ip
| Device       : xczu3eg-sfvc784-1-e
---------------------------------------------------------------------------------------------------------------------------------------------

Upgrade Log for IP 'design_1_axi_bram_ctrl_0_0'

1. Summary
----------

CAUTION (success, with warnings) in the update of design_1_axi_bram_ctrl_0_0 (xilinx.com:ip:axi_bram_ctrl:4.1 (Rev. 8)) to current project options.

After upgrade, an IP may have parameter differences compared to the original customization. Please review the parameters within the IP customization GUI to ensure proper functionality.

2. Upgrade messages
-------------------

WARNING: upgrade cannot remove parameter C_SELECT_XPM : there is no parameter called C_SELECT_XPM in axi_bram_ctrl_v4_1

3. Customization warnings
-------------------------

Parameter 'NUM_WRITE_OUTSTANDING' is no longer present on the upgraded IP 'design_1_axi_bram_ctrl_0_0', and cannot be set to '1'

Parameter 'MAX_BURST_LENGTH' is no longer present on the upgraded IP 'design_1_axi_bram_ctrl_0_0', and cannot be set to '1'

Parameter 'NUM_READ_OUTSTANDING' is no longer present on the upgraded IP 'design_1_axi_bram_ctrl_0_0', and cannot be set to '1'


4. Debug Commands
-----------------

  The following debug information can be passed to Vivado as Tcl commands,
in order to validate or debug the output of the upgrade flow.
  You may consult any warnings from within this upgrade, and alter or remove
the configuration parameter(s) which caused the warning; then execute the Tcl
commands, and use the IP Customization GUI to verify the IP configuration.

create_ip -vlnv xilinx.com:ip:axi_bram_ctrl:4.1 -user_name design_1_axi_bram_ctrl_0_0
set_property -dict "\
  CONFIG.BMG_INSTANCE {EXTERNAL} \
  CONFIG.BRAM_PORTA.MASTER_TYPE {BRAM_CTRL} \
  CONFIG.BRAM_PORTA.MEM_ECC {NONE} \
  CONFIG.BRAM_PORTA.MEM_SIZE {8192} \
  CONFIG.BRAM_PORTA.MEM_WIDTH {32} \
  CONFIG.BRAM_PORTA.READ_LATENCY {1} \
  CONFIG.BRAM_PORTA.READ_WRITE_MODE {READ_WRITE} \
  CONFIG.CLKIF.ASSOCIATED_BUSIF {S_AXI:S_AXI_CTRL} \
  CONFIG.CLKIF.ASSOCIATED_PORT {} \
  CONFIG.CLKIF.ASSOCIATED_RESET {s_axi_aresetn} \
  CONFIG.CLKIF.CLK_DOMAIN {design_1_zynq_ultra_ps_e_0_0_pl_clk0} \
  CONFIG.CLKIF.FREQ_HZ {99999001} \
  CONFIG.CLKIF.FREQ_TOLERANCE_HZ {0} \
  CONFIG.CLKIF.INSERT_VIP {0} \
  CONFIG.CLKIF.PHASE {0.0} \
  CONFIG.Component_Name {design_1_axi_bram_ctrl_0_0} \
  CONFIG.DATA_WIDTH {32} \
  CONFIG.ECC_ONOFF_RESET_VALUE {0} \
  CONFIG.ECC_TYPE {0} \
  CONFIG.FAULT_INJECT {0} \
  CONFIG.ID_WIDTH {0} \
  CONFIG.MEM_DEPTH {2048} \
  CONFIG.PROTOCOL {AXI4} \
  CONFIG.RD_CMD_OPTIMIZATION {0} \
  CONFIG.READ_LATENCY {1} \
  CONFIG.RSTIF.INSERT_VIP {0} \
  CONFIG.RSTIF.POLARITY {ACTIVE_LOW} \
  CONFIG.SINGLE_PORT_BRAM {1} \
  CONFIG.SUPPORTS_NARROW_BURST {0} \
  CONFIG.S_AXI.ADDR_WIDTH {13} \
  CONFIG.S_AXI.ARUSER_WIDTH {0} \
  CONFIG.S_AXI.AWUSER_WIDTH {0} \
  CONFIG.S_AXI.BUSER_WIDTH {0} \
  CONFIG.S_AXI.CLK_DOMAIN {design_1_zynq_ultra_ps_e_0_0_pl_clk0} \
  CONFIG.S_AXI.DATA_WIDTH {32} \
  CONFIG.S_AXI.FREQ_HZ {99999001} \
  CONFIG.S_AXI.HAS_BRESP {1} \
  CONFIG.S_AXI.HAS_BURST {1} \
  CONFIG.S_AXI.HAS_CACHE {1} \
  CONFIG.S_AXI.HAS_LOCK {1} \
  CONFIG.S_AXI.HAS_PROT {1} \
  CONFIG.S_AXI.HAS_QOS {0} \
  CONFIG.S_AXI.HAS_REGION {0} \
  CONFIG.S_AXI.HAS_RRESP {1} \
  CONFIG.S_AXI.HAS_WSTRB {1} \
  CONFIG.S_AXI.ID_WIDTH {0} \
  CONFIG.S_AXI.INSERT_VIP {0} \
  CONFIG.S_AXI.MAX_BURST_LENGTH {1} \
  CONFIG.S_AXI.NUM_READ_OUTSTANDING {1} \
  CONFIG.S_AXI.NUM_READ_THREADS {1} \
  CONFIG.S_AXI.NUM_WRITE_OUTSTANDING {1} \
  CONFIG.S_AXI.NUM_WRITE_THREADS {1} \
  CONFIG.S_AXI.PHASE {0.0} \
  CONFIG.S_AXI.PROTOCOL {AXI4} \
  CONFIG.S_AXI.READ_WRITE_MODE {READ_WRITE} \
  CONFIG.S_AXI.RUSER_BITS_PER_BYTE {0} \
  CONFIG.S_AXI.RUSER_WIDTH {0} \
  CONFIG.S_AXI.SUPPORTS_NARROW_BURST {0} \
  CONFIG.S_AXI.WUSER_BITS_PER_BYTE {0} \
  CONFIG.S_AXI.WUSER_WIDTH {0} \
  CONFIG.USE_ECC {0} " [get_ips design_1_axi_bram_ctrl_0_0]







Copyright 1986-2022 Xilinx, Inc. All Rights Reserved. Copyright 2022-2023 Advanced Micro Devices, Inc. All Rights Reserved.
---------------------------------------------------------------------------------------------------------------------------------------------
| Tool Version : Vivado v.2023.1 (win64) Build 3865809 Sun May  7 15:05:29 MDT 2023
| Date         : Wed Jul  9 13:39:06 2025
| Host         : YousefPC running 64-bit major release  (build 9200)
| Command      : upgrade_ip
| Device       : xczu3eg-sfvc784-1-e
---------------------------------------------------------------------------------------------------------------------------------------------

Upgrade Log for IP 'design_1_FFT_to_GPIO_wrapper_0_1'

1. Summary
----------

CAUTION (success, with warnings) in the update of design_1_FFT_to_GPIO_wrapper_0_1 (xilinx.com:module_ref:FFT_to_GPIO_wrapper:1.0 (Rev. 1)) to current project options.

After upgrade, an IP may have parameter and port differences compared to the original customization. Please review the parameters within the IP customization GUI to ensure proper functionality. Also, please review the updated IP instantiation template to ensure proper connectivity, and update your design if required.

2. Connection Warnings
----------------------

Detected external port differences while upgrading 'design_1_FFT_to_GPIO_wrapper_0_1'. These changes may impact your design.


-Upgrade has added port 'ILA_clk'







Copyright 1986-2022 Xilinx, Inc. All Rights Reserved. Copyright 2022-2023 Advanced Micro Devices, Inc. All Rights Reserved.
---------------------------------------------------------------------------------------------------------------------------------------------
| Tool Version : Vivado v.2023.1 (win64) Build 3865809 Sun May  7 15:05:29 MDT 2023
| Date         : Wed Jul  9 13:39:06 2025
| Host         : YousefPC running 64-bit major release  (build 9200)
| Command      : upgrade_ip
| Device       : xczu3eg-sfvc784-1-e
---------------------------------------------------------------------------------------------------------------------------------------------

Upgrade Log for IP 'design_1_FFT_to_GPIO_wrapper_0_0'

1. Summary
----------

CAUTION (success, with warnings) in the update of design_1_FFT_to_GPIO_wrapper_0_0 (xilinx.com:module_ref:FFT_to_GPIO_wrapper:1.0 (Rev. 1)) to current project options.

After upgrade, an IP may have parameter and port differences compared to the original customization. Please review the parameters within the IP customization GUI to ensure proper functionality. Also, please review the updated IP instantiation template to ensure proper connectivity, and update your design if required.

2. Connection Warnings
----------------------

Detected external port differences while upgrading 'design_1_FFT_to_GPIO_wrapper_0_0'. These changes may impact your design.


-Upgrade has added port 'ILA_clk'







Copyright 1986-2022 Xilinx, Inc. All Rights Reserved. Copyright 2022-2023 Advanced Micro Devices, Inc. All Rights Reserved.
---------------------------------------------------------------------------------------------------------------------------------------------
| Tool Version : Vivado v.2023.1 (win64) Build 3865809 Sun May  7 15:05:29 MDT 2023
| Date         : Wed Jul  9 13:38:44 2025
| Host         : YousefPC running 64-bit major release  (build 9200)
| Command      : upgrade_ip
| Device       : xczu3eg-sfvc784-1-e
---------------------------------------------------------------------------------------------------------------------------------------------

Upgrade Log for IP 'FFT_to_GPIO_xfft_0_0'

1. Summary
----------

CAUTION (success, with warnings) in the update of FFT_to_GPIO_xfft_0_0 (xilinx.com:ip:xfft:9.1 (Rev. 9)) to current project options.

After upgrade, an IP may have parameter differences compared to the original customization. Please review the parameters within the IP customization GUI to ensure proper functionality.

2. Customization warnings
-------------------------

Parameter 'CLK_DOMAIN' is no longer present on the upgraded IP 'FFT_to_GPIO_xfft_0_0', and cannot be set to 'FFT_to_GPIO_clkin_0'


3. Debug Commands
-----------------

  The following debug information can be passed to Vivado as Tcl commands,
in order to validate or debug the output of the upgrade flow.
  You may consult any warnings from within this upgrade, and alter or remove
the configuration parameter(s) which caused the warning; then execute the Tcl
commands, and use the IP Customization GUI to verify the IP configuration.

create_ip -vlnv xilinx.com:ip:xfft:9.1 -user_name FFT_to_GPIO_xfft_0_0
set_property -dict "\
  CONFIG.Component_Name {FFT_to_GPIO_xfft_0_0} \
  CONFIG.M_AXIS_DATA.CLK_DOMAIN {FFT_to_GPIO_clkin_0} \
  CONFIG.M_AXIS_DATA.FREQ_HZ {65000000} \
  CONFIG.M_AXIS_DATA.HAS_TKEEP {0} \
  CONFIG.M_AXIS_DATA.HAS_TLAST {1} \
  CONFIG.M_AXIS_DATA.HAS_TREADY {1} \
  CONFIG.M_AXIS_DATA.HAS_TSTRB {0} \
  CONFIG.M_AXIS_DATA.INSERT_VIP {0} \
  CONFIG.M_AXIS_DATA.LAYERED_METADATA {xilinx.com:interface:datatypes:1.0 {TDATA {datatype {name {attribs {resolve_type immediate dependency {} format string minimum {} maximum {}} value {}} bitwidth {attribs {resolve_type automatic dependency {} format long minimum {} maximum {}} value 4092} bitoffset {attribs {resolve_type immediate dependency {} format long minimum {} maximum {}} value 0} array_type {name {attribs {resolve_type immediate dependency {} format string minimum {} maximum {}} value chan} size {attribs {resolve_type generated dependency chan_size format long minimum {} maximum {}} value 1} stride {attribs {resolve_type generated dependency chan_stride format long minimum {} maximum {}} value 32} datatype {name {attribs {resolve_type immediate dependency {} format string minimum {} maximum {}} value {}} bitwidth {attribs {resolve_type automatic dependency {} format long minimum {} maximum {}} value 4092} bitoffset {attribs {resolve_type immediate dependency {} format long minimum {} maximum {}} value 0} struct {field_xn_re {name {attribs {resolve_type immediate dependency {} format string minimum {} maximum {}} value xn_re} enabled {attribs {resolve_type immediate dependency {} format bool minimum {} maximum {}} value true} datatype {name {attribs {resolve_type immediate dependency {} format string minimum {} maximum {}} value {}} bitwidth {attribs {resolve_type automatic dependency {} format long minimum {} maximum {}} value 4076} bitoffset {attribs {resolve_type immediate dependency {} format long minimum {} maximum {}} value 0} array_type {name {attribs {resolve_type immediate dependency {} format string minimum {} maximum {}} value {}} size {attribs {resolve_type generated dependency frame_size format long minimum {} maximum {}} value 128} stride {attribs {resolve_type generated dependency frame_stride format long minimum {} maximum {}} value 32} datatype {name {attribs {resolve_type immediate dependency {} format string minimum {} maximum {}} value {}} bitwidth {attribs {resolve_type generated dependency xn_width format long minimum {} maximum {}} value 12} bitoffset {attribs {resolve_type immediate dependency {} format long minimum {} maximum {}} value 0} real {fixed {fractwidth {attribs {resolve_type generated dependency xn_fractwidth format long minimum {} maximum {}} value 11} signed {attribs {resolve_type immediate dependency {} format bool minimum {} maximum {}} value true}}}}}}} field_xn_im {name {attribs {resolve_type immediate dependency {} format string minimum {} maximum {}} value xn_im} enabled {attribs {resolve_type immediate dependency {} format bool minimum {} maximum {}} value true} datatype {name {attribs {resolve_type immediate dependency {} format string minimum {} maximum {}} value {}} bitwidth {attribs {resolve_type automatic dependency {} format long minimum {} maximum {}} value 4076} bitoffset {attribs {resolve_type generated dependency xn_im_offset format long minimum {} maximum {}} value 16} array_type {name {attribs {resolve_type immediate dependency {} format string minimum {} maximum {}} value {}} size {attribs {resolve_type generated dependency frame_size format long minimum {} maximum {}} value 128} stride {attribs {resolve_type generated dependency frame_stride format long minimum {} maximum {}} value 32} datatype {name {attribs {resolve_type immediate dependency {} format string minimum {} maximum {}} value {}} bitwidth {attribs {resolve_type generated dependency xn_width format long minimum {} maximum {}} value 12} bitoffset {attribs {resolve_type immediate dependency {} format long minimum {} maximum {}} value 0} real {fixed {fractwidth {attribs {resolve_type generated dependency xn_fractwidth format long minimum {} maximum {}} value 11} signed {attribs {resolve_type immediate dependency {} format bool minimum {} maximum {}} value true}}}}}}}}}}}} TDATA_WIDTH 32 TUSER {datatype {name {attribs {resolve_type immediate dependency {} format string minimum {} maximum {}} value {}} bitwidth {attribs {resolve_type automatic dependency {} format long minimum {} maximum {}} value 0} bitoffset {attribs {resolve_type immediate dependency {} format long minimum {} maximum {}} value 0} struct {field_xk_index {name {attribs {resolve_type immediate dependency {} format string minimum {} maximum {}} value xk_index} enabled {attribs {resolve_type generated dependency xk_index_enabled format bool minimum {} maximum {}} value false} datatype {name {attribs {resolve_type immediate dependency {} format string minimum {} maximum {}} value {}} bitwidth {attribs {resolve_type generated dependency xk_index_width format long minimum {} maximum {}} value 0} bitoffset {attribs {resolve_type immediate dependency {} format long minimum {} maximum {}} value 0} integer {signed {attribs {resolve_type immediate dependency {} format bool minimum {} maximum {}} value false}}}} field_blk_exp {name {attribs {resolve_type immediate dependency {} format string minimum {} maximum {}} value blk_exp} enabled {attribs {resolve_type generated dependency blk_exp_enabled format bool minimum {} maximum {}} value false} datatype {name {attribs {resolve_type immediate dependency {} format string minimum {} maximum {}} value {}} bitwidth {attribs {resolve_type automatic dependency {} format long minimum {} maximum {}} value 5} bitoffset {attribs {resolve_type generated dependency blk_exp_offset format long minimum {} maximum {}} value 0} array_type {name {attribs {resolve_type immediate dependency {} format string minimum {} maximum {}} value {}} size {attribs {resolve_type generated dependency chan_size format long minimum {} maximum {}} value 1} stride {attribs {resolve_type immediate dependency {} format long minimum {} maximum {}} value 8} datatype {name {attribs {resolve_type immediate dependency {} format string minimum {} maximum {}} value {}} bitwidth {attribs {resolve_type immediate dependency {} format long minimum {} maximum {}} value 5} bitoffset {attribs {resolve_type immediate dependency {} format long minimum {} maximum {}} value 0} integer {signed {attribs {resolve_type immediate dependency {} format bool minimum {} maximum {}} value false}}}}}} field_ovflo {name {attribs {resolve_type immediate dependency {} format string minimum {} maximum {}} value ovflo} enabled {attribs {resolve_type generated dependency ovflo_enabled format bool minimum {} maximum {}} value false} datatype {name {attribs {resolve_type immediate dependency {} format string minimum {} maximum {}} value {}} bitwidth {attribs {resolve_type automatic dependency {} format long minimum {} maximum {}} value 1} bitoffset {attribs {resolve_type generated dependency ovflo_offset format long minimum {} maximum {}} value 0} array_type {name {attribs {resolve_type immediate dependency {} format string minimum {} maximum {}} value {}} size {attribs {resolve_type generated dependency chan_size format long minimum {} maximum {}} value 1} stride {attribs {resolve_type immediate dependency {} format long minimum {} maximum {}} value 1} datatype {name {attribs {resolve_type immediate dependency {} format string minimum {} maximum {}} value {}} bitwidth {attribs {resolve_type immediate dependency {} format long minimum {} maximum {}} value 1} bitoffset {attribs {resolve_type immediate dependency {} format long minimum {} maximum {}} value 0} integer {signed {attribs {resolve_type immediate dependency {} format bool minimum {} maximum {}} value false}}}}}}}}} TUSER_WIDTH 0}} \
  CONFIG.M_AXIS_DATA.PHASE {0.0} \
  CONFIG.M_AXIS_DATA.TDATA_NUM_BYTES {4} \
  CONFIG.M_AXIS_DATA.TDEST_WIDTH {0} \
  CONFIG.M_AXIS_DATA.TID_WIDTH {0} \
  CONFIG.M_AXIS_DATA.TUSER_WIDTH {0} \
  CONFIG.S_AXIS_CONFIG.CLK_DOMAIN {FFT_to_GPIO_clkin_0} \
  CONFIG.S_AXIS_CONFIG.FREQ_HZ {65000000} \
  CONFIG.S_AXIS_CONFIG.HAS_TKEEP {0} \
  CONFIG.S_AXIS_CONFIG.HAS_TLAST {0} \
  CONFIG.S_AXIS_CONFIG.HAS_TREADY {1} \
  CONFIG.S_AXIS_CONFIG.HAS_TSTRB {0} \
  CONFIG.S_AXIS_CONFIG.INSERT_VIP {0} \
  CONFIG.S_AXIS_CONFIG.LAYERED_METADATA {undef} \
  CONFIG.S_AXIS_CONFIG.PHASE {0.0} \
  CONFIG.S_AXIS_CONFIG.TDATA_NUM_BYTES {2} \
  CONFIG.S_AXIS_CONFIG.TDEST_WIDTH {0} \
  CONFIG.S_AXIS_CONFIG.TID_WIDTH {0} \
  CONFIG.S_AXIS_CONFIG.TUSER_WIDTH {0} \
  CONFIG.S_AXIS_DATA.CLK_DOMAIN {FFT_to_GPIO_clkin_0} \
  CONFIG.S_AXIS_DATA.FREQ_HZ {65000000} \
  CONFIG.S_AXIS_DATA.HAS_TKEEP {0} \
  CONFIG.S_AXIS_DATA.HAS_TLAST {1} \
  CONFIG.S_AXIS_DATA.HAS_TREADY {1} \
  CONFIG.S_AXIS_DATA.HAS_TSTRB {0} \
  CONFIG.S_AXIS_DATA.INSERT_VIP {0} \
  CONFIG.S_AXIS_DATA.LAYERED_METADATA {undef} \
  CONFIG.S_AXIS_DATA.PHASE {0.0} \
  CONFIG.S_AXIS_DATA.TDATA_NUM_BYTES {4} \
  CONFIG.S_AXIS_DATA.TDEST_WIDTH {0} \
  CONFIG.S_AXIS_DATA.TID_WIDTH {0} \
  CONFIG.S_AXIS_DATA.TUSER_WIDTH {0} \
  CONFIG.aclk_intf.ASSOCIATED_BUSIF {S_AXIS_CONFIG:M_AXIS_DATA:M_AXIS_STATUS:S_AXIS_DATA} \
  CONFIG.aclk_intf.ASSOCIATED_CLKEN {aclken} \
  CONFIG.aclk_intf.ASSOCIATED_PORT {} \
  CONFIG.aclk_intf.ASSOCIATED_RESET {aresetn} \
  CONFIG.aclk_intf.CLK_DOMAIN {FFT_to_GPIO_clkin_0} \
  CONFIG.aclk_intf.FREQ_HZ {65000000} \
  CONFIG.aclk_intf.FREQ_TOLERANCE_HZ {0} \
  CONFIG.aclk_intf.INSERT_VIP {0} \
  CONFIG.aclk_intf.PHASE {0.0} \
  CONFIG.aclken {false} \
  CONFIG.aclken_intf.POLARITY {ACTIVE_HIGH} \
  CONFIG.aresetn {false} \
  CONFIG.aresetn_intf.INSERT_VIP {0} \
  CONFIG.aresetn_intf.POLARITY {ACTIVE_LOW} \
  CONFIG.butterfly_type {use_luts} \
  CONFIG.channels {1} \
  CONFIG.complex_mult_type {use_mults_resources} \
  CONFIG.cyclic_prefix_insertion {false} \
  CONFIG.data_format {fixed_point} \
  CONFIG.event_data_in_channel_halt_intf.PortWidth {1} \
  CONFIG.event_data_in_channel_halt_intf.SENSITIVITY {EDGE_RISING} \
  CONFIG.event_data_out_channel_halt_intf.PortWidth {1} \
  CONFIG.event_data_out_channel_halt_intf.SENSITIVITY {EDGE_RISING} \
  CONFIG.event_fft_overflow_intf.PortWidth {1} \
  CONFIG.event_fft_overflow_intf.SENSITIVITY {EDGE_RISING} \
  CONFIG.event_frame_started_intf.PortWidth {1} \
  CONFIG.event_frame_started_intf.SENSITIVITY {EDGE_RISING} \
  CONFIG.event_status_channel_halt_intf.PortWidth {1} \
  CONFIG.event_status_channel_halt_intf.SENSITIVITY {EDGE_RISING} \
  CONFIG.event_tlast_missing_intf.PortWidth {1} \
  CONFIG.event_tlast_missing_intf.SENSITIVITY {EDGE_RISING} \
  CONFIG.event_tlast_unexpected_intf.PortWidth {1} \
  CONFIG.event_tlast_unexpected_intf.SENSITIVITY {EDGE_RISING} \
  CONFIG.implementation_options {automatically_select} \
  CONFIG.input_width {12} \
  CONFIG.memory_options_data {block_ram} \
  CONFIG.memory_options_hybrid {false} \
  CONFIG.memory_options_phase_factors {block_ram} \
  CONFIG.memory_options_reorder {block_ram} \
  CONFIG.number_of_stages_using_block_ram_for_data_and_phase_factors {0} \
  CONFIG.output_ordering {natural_order} \
  CONFIG.ovflo {false} \
  CONFIG.phase_factor_width {16} \
  CONFIG.rounding_modes {truncation} \
  CONFIG.run_time_configurable_transform_length {false} \
  CONFIG.scaling_options {scaled} \
  CONFIG.target_clock_frequency {65} \
  CONFIG.target_data_throughput {65} \
  CONFIG.throttle_scheme {nonrealtime} \
  CONFIG.transform_length {128} \
  CONFIG.xk_index {false} " [get_ips FFT_to_GPIO_xfft_0_0]







Copyright 1986-2022 Xilinx, Inc. All Rights Reserved. Copyright 2022-2023 Advanced Micro Devices, Inc. All Rights Reserved.
---------------------------------------------------------------------------------------------------------------------------------------------
| Tool Version : Vivado v.2023.1 (win64) Build 3865809 Sun May  7 15:05:29 MDT 2023
| Date         : Wed Jul  9 13:38:44 2025
| Host         : YousefPC running 64-bit major release  (build 9200)
| Command      : upgrade_ip
| Device       : xczu3eg-sfvc784-1-e
---------------------------------------------------------------------------------------------------------------------------------------------

Upgrade Log for IP 'FFT_to_GPIO_mult_gen_1_0'

1. Summary
----------

CAUTION (success, with warnings) in the update of FFT_to_GPIO_mult_gen_1_0 (xilinx.com:ip:mult_gen:12.0 (Rev. 18)) to current project options.

After upgrade, an IP may have parameter differences compared to the original customization. Please review the parameters within the IP customization GUI to ensure proper functionality.

2. Customization warnings
-------------------------

Parameter 'CLK_DOMAIN' is no longer present on the upgraded IP 'FFT_to_GPIO_mult_gen_1_0', and cannot be set to 'FFT_to_GPIO_clkin_0'


3. Debug Commands
-----------------

  The following debug information can be passed to Vivado as Tcl commands,
in order to validate or debug the output of the upgrade flow.
  You may consult any warnings from within this upgrade, and alter or remove
the configuration parameter(s) which caused the warning; then execute the Tcl
commands, and use the IP Customization GUI to verify the IP configuration.

create_ip -vlnv xilinx.com:ip:mult_gen:12.0 -user_name FFT_to_GPIO_mult_gen_1_0
set_property -dict "\
  CONFIG.CcmImp {Distributed_Memory} \
  CONFIG.ClockEnable {false} \
  CONFIG.Component_Name {FFT_to_GPIO_mult_gen_1_0} \
  CONFIG.ConstValue {129} \
  CONFIG.InternalUser {0} \
  CONFIG.MultType {Parallel_Multiplier} \
  CONFIG.Multiplier_Construction {Use_LUTs} \
  CONFIG.OptGoal {Speed} \
  CONFIG.OutputWidthHigh {23} \
  CONFIG.OutputWidthLow {0} \
  CONFIG.PipeStages {1} \
  CONFIG.PortAType {Signed} \
  CONFIG.PortAWidth {12} \
  CONFIG.PortBType {Signed} \
  CONFIG.PortBWidth {12} \
  CONFIG.RoundPoint {0} \
  CONFIG.SclrCePriority {SCLR_Overrides_CE} \
  CONFIG.SyncClear {false} \
  CONFIG.UseRounding {false} \
  CONFIG.Use_Custom_Output_Width {false} \
  CONFIG.ZeroDetect {false} \
  CONFIG.a_intf.LAYERED_METADATA {undef} \
  CONFIG.b_intf.LAYERED_METADATA {undef} \
  CONFIG.ce_intf.POLARITY {ACTIVE_HIGH} \
  CONFIG.clk_intf.ASSOCIATED_BUSIF {p_intf:b_intf:a_intf} \
  CONFIG.clk_intf.ASSOCIATED_CLKEN {ce} \
  CONFIG.clk_intf.ASSOCIATED_PORT {} \
  CONFIG.clk_intf.ASSOCIATED_RESET {sclr} \
  CONFIG.clk_intf.CLK_DOMAIN {FFT_to_GPIO_clkin_0} \
  CONFIG.clk_intf.FREQ_HZ {65000000} \
  CONFIG.clk_intf.FREQ_TOLERANCE_HZ {0} \
  CONFIG.clk_intf.INSERT_VIP {0} \
  CONFIG.clk_intf.PHASE {0.0} \
  CONFIG.p_intf.LAYERED_METADATA {xilinx.com:interface:datatypes:1.0 {DATA {datatype {name {attribs {resolve_type immediate dependency {} format string minimum {} maximum {}} value data} bitwidth {attribs {resolve_type generated dependency bitwidth format long minimum {} maximum {}} value 24} bitoffset {attribs {resolve_type immediate dependency {} format long minimum {} maximum {}} value 0} integer {signed {attribs {resolve_type generated dependency signed format bool minimum {} maximum {}} value TRUE}}}} DATA_WIDTH 24}} \
  CONFIG.sclr_intf.INSERT_VIP {0} \
  CONFIG.sclr_intf.POLARITY {ACTIVE_HIGH} " [get_ips FFT_to_GPIO_mult_gen_1_0]







Copyright 1986-2022 Xilinx, Inc. All Rights Reserved. Copyright 2022-2023 Advanced Micro Devices, Inc. All Rights Reserved.
---------------------------------------------------------------------------------------------------------------------------------------------
| Tool Version : Vivado v.2023.1 (win64) Build 3865809 Sun May  7 15:05:29 MDT 2023
| Date         : Wed Jul  9 13:38:44 2025
| Host         : YousefPC running 64-bit major release  (build 9200)
| Command      : upgrade_ip
| Device       : xczu3eg-sfvc784-1-e
---------------------------------------------------------------------------------------------------------------------------------------------

Upgrade Log for IP 'FFT_to_GPIO_mult_gen_0_0'

1. Summary
----------

CAUTION (success, with warnings) in the update of FFT_to_GPIO_mult_gen_0_0 (xilinx.com:ip:mult_gen:12.0 (Rev. 18)) to current project options.

After upgrade, an IP may have parameter differences compared to the original customization. Please review the parameters within the IP customization GUI to ensure proper functionality.

2. Customization warnings
-------------------------

Parameter 'CLK_DOMAIN' is no longer present on the upgraded IP 'FFT_to_GPIO_mult_gen_0_0', and cannot be set to 'FFT_to_GPIO_clkin_0'


3. Debug Commands
-----------------

  The following debug information can be passed to Vivado as Tcl commands,
in order to validate or debug the output of the upgrade flow.
  You may consult any warnings from within this upgrade, and alter or remove
the configuration parameter(s) which caused the warning; then execute the Tcl
commands, and use the IP Customization GUI to verify the IP configuration.

create_ip -vlnv xilinx.com:ip:mult_gen:12.0 -user_name FFT_to_GPIO_mult_gen_0_0
set_property -dict "\
  CONFIG.CcmImp {Distributed_Memory} \
  CONFIG.ClockEnable {false} \
  CONFIG.Component_Name {FFT_to_GPIO_mult_gen_0_0} \
  CONFIG.ConstValue {129} \
  CONFIG.InternalUser {0} \
  CONFIG.MultType {Parallel_Multiplier} \
  CONFIG.Multiplier_Construction {Use_LUTs} \
  CONFIG.OptGoal {Speed} \
  CONFIG.OutputWidthHigh {23} \
  CONFIG.OutputWidthLow {0} \
  CONFIG.PipeStages {1} \
  CONFIG.PortAType {Signed} \
  CONFIG.PortAWidth {12} \
  CONFIG.PortBType {Signed} \
  CONFIG.PortBWidth {12} \
  CONFIG.RoundPoint {0} \
  CONFIG.SclrCePriority {SCLR_Overrides_CE} \
  CONFIG.SyncClear {false} \
  CONFIG.UseRounding {false} \
  CONFIG.Use_Custom_Output_Width {false} \
  CONFIG.ZeroDetect {false} \
  CONFIG.a_intf.LAYERED_METADATA {undef} \
  CONFIG.b_intf.LAYERED_METADATA {undef} \
  CONFIG.ce_intf.POLARITY {ACTIVE_HIGH} \
  CONFIG.clk_intf.ASSOCIATED_BUSIF {p_intf:b_intf:a_intf} \
  CONFIG.clk_intf.ASSOCIATED_CLKEN {ce} \
  CONFIG.clk_intf.ASSOCIATED_PORT {} \
  CONFIG.clk_intf.ASSOCIATED_RESET {sclr} \
  CONFIG.clk_intf.CLK_DOMAIN {FFT_to_GPIO_clkin_0} \
  CONFIG.clk_intf.FREQ_HZ {65000000} \
  CONFIG.clk_intf.FREQ_TOLERANCE_HZ {0} \
  CONFIG.clk_intf.INSERT_VIP {0} \
  CONFIG.clk_intf.PHASE {0.0} \
  CONFIG.p_intf.LAYERED_METADATA {xilinx.com:interface:datatypes:1.0 {DATA {datatype {name {attribs {resolve_type immediate dependency {} format string minimum {} maximum {}} value data} bitwidth {attribs {resolve_type generated dependency bitwidth format long minimum {} maximum {}} value 24} bitoffset {attribs {resolve_type immediate dependency {} format long minimum {} maximum {}} value 0} integer {signed {attribs {resolve_type generated dependency signed format bool minimum {} maximum {}} value TRUE}}}} DATA_WIDTH 24}} \
  CONFIG.sclr_intf.INSERT_VIP {0} \
  CONFIG.sclr_intf.POLARITY {ACTIVE_HIGH} " [get_ips FFT_to_GPIO_mult_gen_0_0]







Copyright 1986-2022 Xilinx, Inc. All Rights Reserved. Copyright 2022-2023 Advanced Micro Devices, Inc. All Rights Reserved.
---------------------------------------------------------------------------------------------------------------------------------------------
| Tool Version : Vivado v.2023.1 (win64) Build 3865809 Sun May  7 15:05:29 MDT 2023
| Date         : Wed Jul  9 13:38:44 2025
| Host         : YousefPC running 64-bit major release  (build 9200)
| Command      : upgrade_ip
| Device       : xczu3eg-sfvc784-1-e
---------------------------------------------------------------------------------------------------------------------------------------------

Upgrade Log for IP 'FFT_to_GPIO_fifo_generator_0_0'

1. Summary
----------

CAUTION (success, with warnings) in the update of FFT_to_GPIO_fifo_generator_0_0 (xilinx.com:ip:fifo_generator:13.2 (Rev. 8)) to current project options.

After upgrade, an IP may have parameter differences compared to the original customization. Please review the parameters within the IP customization GUI to ensure proper functionality.

2. Customization warnings
-------------------------

Parameter 'CLK_DOMAIN' is no longer present on the upgraded IP 'FFT_to_GPIO_fifo_generator_0_0', and cannot be set to 'FFT_to_GPIO_rd_clk_0'


3. Debug Commands
-----------------

  The following debug information can be passed to Vivado as Tcl commands,
in order to validate or debug the output of the upgrade flow.
  You may consult any warnings from within this upgrade, and alter or remove
the configuration parameter(s) which caused the warning; then execute the Tcl
commands, and use the IP Customization GUI to verify the IP configuration.

create_ip -vlnv xilinx.com:ip:fifo_generator:13.2 -user_name FFT_to_GPIO_fifo_generator_0_0
set_property -dict "\
  CONFIG.ADDRESS_WIDTH {32} \
  CONFIG.ARUSER_Width {0} \
  CONFIG.AWUSER_Width {0} \
  CONFIG.Add_NGC_Constraint_AXI {false} \
  CONFIG.Almost_Empty_Flag {false} \
  CONFIG.Almost_Full_Flag {false} \
  CONFIG.BUSER_Width {0} \
  CONFIG.C_SELECT_XPM {0} \
  CONFIG.Clock_Enable_Type {Slave_Interface_Clock_Enable} \
  CONFIG.Clock_Type_AXI {Common_Clock} \
  CONFIG.Component_Name {FFT_to_GPIO_fifo_generator_0_0} \
  CONFIG.DATA_WIDTH {64} \
  CONFIG.Data_Count {false} \
  CONFIG.Data_Count_Width {9} \
  CONFIG.Disable_Timing_Violations {false} \
  CONFIG.Disable_Timing_Violations_AXI {false} \
  CONFIG.Dout_Reset_Value {0} \
  CONFIG.Empty_Threshold_Assert_Value {5} \
  CONFIG.Empty_Threshold_Assert_Value_axis {1022} \
  CONFIG.Empty_Threshold_Assert_Value_rach {1022} \
  CONFIG.Empty_Threshold_Assert_Value_rdch {1022} \
  CONFIG.Empty_Threshold_Assert_Value_wach {1022} \
  CONFIG.Empty_Threshold_Assert_Value_wdch {1022} \
  CONFIG.Empty_Threshold_Assert_Value_wrch {1022} \
  CONFIG.Empty_Threshold_Negate_Value {6} \
  CONFIG.Enable_Common_Overflow {false} \
  CONFIG.Enable_Common_Underflow {false} \
  CONFIG.Enable_Data_Counts_axis {false} \
  CONFIG.Enable_Data_Counts_rach {false} \
  CONFIG.Enable_Data_Counts_rdch {false} \
  CONFIG.Enable_Data_Counts_wach {false} \
  CONFIG.Enable_Data_Counts_wdch {false} \
  CONFIG.Enable_Data_Counts_wrch {false} \
  CONFIG.Enable_ECC {false} \
  CONFIG.Enable_ECC_Type {Hard_ECC} \
  CONFIG.Enable_ECC_axis {false} \
  CONFIG.Enable_ECC_rach {false} \
  CONFIG.Enable_ECC_rdch {false} \
  CONFIG.Enable_ECC_wach {false} \
  CONFIG.Enable_ECC_wdch {false} \
  CONFIG.Enable_ECC_wrch {false} \
  CONFIG.Enable_Reset_Synchronization {true} \
  CONFIG.Enable_Safety_Circuit {false} \
  CONFIG.Enable_TLAST {false} \
  CONFIG.Enable_TREADY {true} \
  CONFIG.FIFO_Application_Type_axis {Data_FIFO} \
  CONFIG.FIFO_Application_Type_rach {Data_FIFO} \
  CONFIG.FIFO_Application_Type_rdch {Data_FIFO} \
  CONFIG.FIFO_Application_Type_wach {Data_FIFO} \
  CONFIG.FIFO_Application_Type_wdch {Data_FIFO} \
  CONFIG.FIFO_Application_Type_wrch {Data_FIFO} \
  CONFIG.FIFO_Implementation_axis {Common_Clock_Block_RAM} \
  CONFIG.FIFO_Implementation_rach {Common_Clock_Block_RAM} \
  CONFIG.FIFO_Implementation_rdch {Common_Clock_Block_RAM} \
  CONFIG.FIFO_Implementation_wach {Common_Clock_Block_RAM} \
  CONFIG.FIFO_Implementation_wdch {Common_Clock_Block_RAM} \
  CONFIG.FIFO_Implementation_wrch {Common_Clock_Block_RAM} \
  CONFIG.Fifo_Implementation {Independent_Clocks_Builtin_FIFO} \
  CONFIG.Full_Flags_Reset_Value {0} \
  CONFIG.Full_Threshold_Assert_Value {511} \
  CONFIG.Full_Threshold_Assert_Value_axis {1023} \
  CONFIG.Full_Threshold_Assert_Value_rach {1023} \
  CONFIG.Full_Threshold_Assert_Value_rdch {1023} \
  CONFIG.Full_Threshold_Assert_Value_wach {1023} \
  CONFIG.Full_Threshold_Assert_Value_wdch {1023} \
  CONFIG.Full_Threshold_Assert_Value_wrch {1023} \
  CONFIG.Full_Threshold_Negate_Value {510} \
  CONFIG.HAS_ACLKEN {false} \
  CONFIG.HAS_TKEEP {false} \
  CONFIG.HAS_TSTRB {false} \
  CONFIG.ID_WIDTH {0} \
  CONFIG.INTERFACE_TYPE {Native} \
  CONFIG.Inject_Dbit_Error {false} \
  CONFIG.Inject_Dbit_Error_axis {false} \
  CONFIG.Inject_Dbit_Error_rach {false} \
  CONFIG.Inject_Dbit_Error_rdch {false} \
  CONFIG.Inject_Dbit_Error_wach {false} \
  CONFIG.Inject_Dbit_Error_wdch {false} \
  CONFIG.Inject_Dbit_Error_wrch {false} \
  CONFIG.Inject_Sbit_Error {false} \
  CONFIG.Inject_Sbit_Error_axis {false} \
  CONFIG.Inject_Sbit_Error_rach {false} \
  CONFIG.Inject_Sbit_Error_rdch {false} \
  CONFIG.Inject_Sbit_Error_wach {false} \
  CONFIG.Inject_Sbit_Error_wdch {false} \
  CONFIG.Inject_Sbit_Error_wrch {false} \
  CONFIG.Input_Data_Width {24} \
  CONFIG.Input_Depth {512} \
  CONFIG.Input_Depth_axis {1024} \
  CONFIG.Input_Depth_rach {16} \
  CONFIG.Input_Depth_rdch {1024} \
  CONFIG.Input_Depth_wach {16} \
  CONFIG.Input_Depth_wdch {1024} \
  CONFIG.Input_Depth_wrch {16} \
  CONFIG.Master_interface_Clock_enable_memory_mapped {false} \
  CONFIG.Output_Data_Width {24} \
  CONFIG.Output_Depth {512} \
  CONFIG.Output_Register_Type {Embedded_Reg} \
  CONFIG.Overflow_Flag {false} \
  CONFIG.Overflow_Flag_AXI {false} \
  CONFIG.Overflow_Sense {Active_High} \
  CONFIG.Overflow_Sense_AXI {Active_High} \
  CONFIG.PROTOCOL {AXI4} \
  CONFIG.Performance_Options {Standard_FIFO} \
  CONFIG.Programmable_Empty_Type {No_Programmable_Empty_Threshold} \
  CONFIG.Programmable_Empty_Type_axis {No_Programmable_Empty_Threshold} \
  CONFIG.Programmable_Empty_Type_rach {No_Programmable_Empty_Threshold} \
  CONFIG.Programmable_Empty_Type_rdch {No_Programmable_Empty_Threshold} \
  CONFIG.Programmable_Empty_Type_wach {No_Programmable_Empty_Threshold} \
  CONFIG.Programmable_Empty_Type_wdch {No_Programmable_Empty_Threshold} \
  CONFIG.Programmable_Empty_Type_wrch {No_Programmable_Empty_Threshold} \
  CONFIG.Programmable_Full_Type {No_Programmable_Full_Threshold} \
  CONFIG.Programmable_Full_Type_axis {No_Programmable_Full_Threshold} \
  CONFIG.Programmable_Full_Type_rach {No_Programmable_Full_Threshold} \
  CONFIG.Programmable_Full_Type_rdch {No_Programmable_Full_Threshold} \
  CONFIG.Programmable_Full_Type_wach {No_Programmable_Full_Threshold} \
  CONFIG.Programmable_Full_Type_wdch {No_Programmable_Full_Threshold} \
  CONFIG.Programmable_Full_Type_wrch {No_Programmable_Full_Threshold} \
  CONFIG.READ_WRITE_MODE {READ_WRITE} \
  CONFIG.RUSER_Width {0} \
  CONFIG.Read_Clock_Frequency {10} \
  CONFIG.Read_Data_Count {false} \
  CONFIG.Read_Data_Count_Width {9} \
  CONFIG.Register_Slice_Mode_axis {Fully_Registered} \
  CONFIG.Register_Slice_Mode_rach {Fully_Registered} \
  CONFIG.Register_Slice_Mode_rdch {Fully_Registered} \
  CONFIG.Register_Slice_Mode_wach {Fully_Registered} \
  CONFIG.Register_Slice_Mode_wdch {Fully_Registered} \
  CONFIG.Register_Slice_Mode_wrch {Fully_Registered} \
  CONFIG.Reset_Pin {true} \
  CONFIG.Reset_Type {Synchronous_Reset} \
  CONFIG.Slave_interface_Clock_enable_memory_mapped {false} \
  CONFIG.TDATA_NUM_BYTES {1} \
  CONFIG.TDEST_WIDTH {0} \
  CONFIG.TID_WIDTH {0} \
  CONFIG.TKEEP_WIDTH {1} \
  CONFIG.TSTRB_WIDTH {1} \
  CONFIG.TUSER_WIDTH {4} \
  CONFIG.Underflow_Flag {false} \
  CONFIG.Underflow_Flag_AXI {false} \
  CONFIG.Underflow_Sense {Active_High} \
  CONFIG.Underflow_Sense_AXI {Active_High} \
  CONFIG.Use_Dout_Reset {true} \
  CONFIG.Use_Embedded_Registers {true} \
  CONFIG.Use_Embedded_Registers_axis {false} \
  CONFIG.Use_Extra_Logic {false} \
  CONFIG.Valid_Flag {false} \
  CONFIG.Valid_Sense {Active_High} \
  CONFIG.WUSER_Width {0} \
  CONFIG.Write_Acknowledge_Flag {false} \
  CONFIG.Write_Acknowledge_Sense {Active_High} \
  CONFIG.Write_Clock_Frequency {65} \
  CONFIG.Write_Data_Count {false} \
  CONFIG.Write_Data_Count_Width {9} \
  CONFIG.asymmetric_port_width {false} \
  CONFIG.axis_type {FIFO} \
  CONFIG.dynamic_power_saving {false} \
  CONFIG.ecc_pipeline_reg {false} \
  CONFIG.enable_low_latency {false} \
  CONFIG.enable_read_pointer_increment_by2 {false} \
  CONFIG.rach_type {FIFO} \
  CONFIG.rdch_type {FIFO} \
  CONFIG.read_clk.ASSOCIATED_BUSIF {} \
  CONFIG.read_clk.ASSOCIATED_PORT {} \
  CONFIG.read_clk.ASSOCIATED_RESET {} \
  CONFIG.read_clk.CLK_DOMAIN {FFT_to_GPIO_rd_clk_0} \
  CONFIG.read_clk.FREQ_HZ {100000000} \
  CONFIG.read_clk.FREQ_TOLERANCE_HZ {0} \
  CONFIG.read_clk.INSERT_VIP {0} \
  CONFIG.read_clk.PHASE {0.0} \
  CONFIG.synchronization_stages {2} \
  CONFIG.synchronization_stages_axi {2} \
  CONFIG.use_dout_register {false} \
  CONFIG.wach_type {FIFO} \
  CONFIG.wdch_type {FIFO} \
  CONFIG.wrch_type {FIFO} \
  CONFIG.write_clk.ASSOCIATED_BUSIF {} \
  CONFIG.write_clk.ASSOCIATED_PORT {} \
  CONFIG.write_clk.ASSOCIATED_RESET {} \
  CONFIG.write_clk.CLK_DOMAIN {FFT_to_GPIO_clkin_0} \
  CONFIG.write_clk.FREQ_HZ {65000000} \
  CONFIG.write_clk.FREQ_TOLERANCE_HZ {0} \
  CONFIG.write_clk.INSERT_VIP {0} \
  CONFIG.write_clk.PHASE {0.0} " [get_ips FFT_to_GPIO_fifo_generator_0_0]







Copyright 1986-2022 Xilinx, Inc. All Rights Reserved. Copyright 2022-2023 Advanced Micro Devices, Inc. All Rights Reserved.
---------------------------------------------------------------------------------------------------------------------------------------------
| Tool Version : Vivado v.2023.1 (win64) Build 3865809 Sun May  7 15:05:29 MDT 2023
| Date         : Wed Jul  9 13:38:44 2025
| Host         : YousefPC running 64-bit major release  (build 9200)
| Command      : upgrade_ip
| Device       : xczu3eg-sfvc784-1-e
---------------------------------------------------------------------------------------------------------------------------------------------

Upgrade Log for IP 'FFT_to_GPIO_c_shift_ram_0_0'

1. Summary
----------

CAUTION (success, with warnings) in the update of FFT_to_GPIO_c_shift_ram_0_0 (xilinx.com:ip:c_shift_ram:12.0 (Rev. 14)) to current project options.

After upgrade, an IP may have parameter differences compared to the original customization. Please review the parameters within the IP customization GUI to ensure proper functionality.

2. Customization warnings
-------------------------

Parameter 'CLK_DOMAIN' is no longer present on the upgraded IP 'FFT_to_GPIO_c_shift_ram_0_0', and cannot be set to 'FFT_to_GPIO_clkin_0'


3. Debug Commands
-----------------

  The following debug information can be passed to Vivado as Tcl commands,
in order to validate or debug the output of the upgrade flow.
  You may consult any warnings from within this upgrade, and alter or remove
the configuration parameter(s) which caused the warning; then execute the Tcl
commands, and use the IP Customization GUI to verify the IP configuration.

create_ip -vlnv xilinx.com:ip:c_shift_ram:12.0 -user_name FFT_to_GPIO_c_shift_ram_0_0
set_property -dict "\
  CONFIG.AsyncInitRadix {2} \
  CONFIG.AsyncInitVal {0} \
  CONFIG.CE {false} \
  CONFIG.CEPriority {Sync_Overrides_CE} \
  CONFIG.Component_Name {FFT_to_GPIO_c_shift_ram_0_0} \
  CONFIG.DefaultData {0} \
  CONFIG.DefaultDataRadix {2} \
  CONFIG.Depth {2} \
  CONFIG.MemInitFile {no_coe_file_loaded} \
  CONFIG.OptGoal {Resources} \
  CONFIG.ReadMifFile {false} \
  CONFIG.RegLastBit {true} \
  CONFIG.SCLR {false} \
  CONFIG.SINIT {false} \
  CONFIG.SSET {false} \
  CONFIG.ShiftRegType {Fixed_Length} \
  CONFIG.SyncCtrlPriority {Reset_Overrides_Set} \
  CONFIG.SyncInitRadix {2} \
  CONFIG.SyncInitVal {0} \
  CONFIG.Width {1} \
  CONFIG.a_intf.LAYERED_METADATA {undef} \
  CONFIG.ce_intf.POLARITY {ACTIVE_HIGH} \
  CONFIG.clk_intf.ASSOCIATED_BUSIF {q_intf:sinit_intf:sset_intf:d_intf:a_intf} \
  CONFIG.clk_intf.ASSOCIATED_CLKEN {CE} \
  CONFIG.clk_intf.ASSOCIATED_PORT {} \
  CONFIG.clk_intf.ASSOCIATED_RESET {SCLR} \
  CONFIG.clk_intf.CLK_DOMAIN {FFT_to_GPIO_clkin_0} \
  CONFIG.clk_intf.FREQ_HZ {65000000} \
  CONFIG.clk_intf.FREQ_TOLERANCE_HZ {0} \
  CONFIG.clk_intf.INSERT_VIP {0} \
  CONFIG.clk_intf.PHASE {0.0} \
  CONFIG.d_intf.LAYERED_METADATA {undef} \
  CONFIG.q_intf.LAYERED_METADATA {xilinx.com:interface:datatypes:1.0 {DATA {datatype {name {attribs {resolve_type immediate dependency {} format string minimum {} maximum {}} value data} bitwidth {attribs {resolve_type generated dependency data_bitwidth format long minimum {} maximum {}} value 1} bitoffset {attribs {resolve_type immediate dependency {} format long minimum {} maximum {}} value 0}}} DATA_WIDTH 1}} \
  CONFIG.sclr_intf.INSERT_VIP {0} \
  CONFIG.sclr_intf.POLARITY {ACTIVE_HIGH} \
  CONFIG.sinit_intf.LAYERED_METADATA {undef} \
  CONFIG.sset_intf.LAYERED_METADATA {undef} " [get_ips FFT_to_GPIO_c_shift_ram_0_0]







Copyright 1986-2022 Xilinx, Inc. All Rights Reserved. Copyright 2022-2023 Advanced Micro Devices, Inc. All Rights Reserved.
---------------------------------------------------------------------------------------------------------------------------------------------
| Tool Version : Vivado v.2023.1 (win64) Build 3865809 Sun May  7 15:05:29 MDT 2023
| Date         : Wed Jul  9 13:38:44 2025
| Host         : YousefPC running 64-bit major release  (build 9200)
| Command      : upgrade_ip
| Device       : xczu3eg-sfvc784-1-e
---------------------------------------------------------------------------------------------------------------------------------------------

Upgrade Log for IP 'FFT_to_GPIO_c_addsub_0_0'

1. Summary
----------

CAUTION (success, with warnings) in the update of FFT_to_GPIO_c_addsub_0_0 (xilinx.com:ip:c_addsub:12.0 (Rev. 15)) to current project options.

After upgrade, an IP may have parameter differences compared to the original customization. Please review the parameters within the IP customization GUI to ensure proper functionality.

2. Customization warnings
-------------------------

Parameter 'CLK_DOMAIN' is no longer present on the upgraded IP 'FFT_to_GPIO_c_addsub_0_0', and cannot be set to 'FFT_to_GPIO_clkin_0'


3. Debug Commands
-----------------

  The following debug information can be passed to Vivado as Tcl commands,
in order to validate or debug the output of the upgrade flow.
  You may consult any warnings from within this upgrade, and alter or remove
the configuration parameter(s) which caused the warning; then execute the Tcl
commands, and use the IP Customization GUI to verify the IP configuration.

create_ip -vlnv xilinx.com:ip:c_addsub:12.0 -user_name FFT_to_GPIO_c_addsub_0_0
set_property -dict "\
  CONFIG.AINIT_Value {0} \
  CONFIG.A_Type {Signed} \
  CONFIG.A_Width {24} \
  CONFIG.Add_Mode {Add} \
  CONFIG.B_Constant {false} \
  CONFIG.B_Type {Signed} \
  CONFIG.B_Value {000000000000000000000000} \
  CONFIG.B_Width {24} \
  CONFIG.Borrow_Sense {Active_Low} \
  CONFIG.Bypass {false} \
  CONFIG.Bypass_CE_Priority {CE_Overrides_Bypass} \
  CONFIG.Bypass_Sense {Active_High} \
  CONFIG.CE {false} \
  CONFIG.C_In {false} \
  CONFIG.C_Out {false} \
  CONFIG.Component_Name {FFT_to_GPIO_c_addsub_0_0} \
  CONFIG.Implementation {Fabric} \
  CONFIG.Latency {1} \
  CONFIG.Latency_Configuration {Manual} \
  CONFIG.Out_Width {24} \
  CONFIG.SCLR {false} \
  CONFIG.SINIT {false} \
  CONFIG.SINIT_Value {0} \
  CONFIG.SSET {false} \
  CONFIG.Sync_CE_Priority {Sync_Overrides_CE} \
  CONFIG.Sync_Ctrl_Priority {Reset_Overrides_Set} \
  CONFIG.a_intf.LAYERED_METADATA {xilinx.com:interface:datatypes:1.0 {DATA {datatype {name {attribs {resolve_type immediate dependency {} format string minimum {} maximum {}} value data} bitwidth {attribs {resolve_type generated dependency bitwidth format long minimum {} maximum {}} value 24} bitoffset {attribs {resolve_type immediate dependency {} format long minimum {} maximum {}} value 0} integer {signed {attribs {resolve_type generated dependency signed format bool minimum {} maximum {}} value TRUE}}}} DATA_WIDTH 24}} \
  CONFIG.add_intf.LAYERED_METADATA {undef} \
  CONFIG.b_intf.LAYERED_METADATA {xilinx.com:interface:datatypes:1.0 {DATA {datatype {name {attribs {resolve_type immediate dependency {} format string minimum {} maximum {}} value data} bitwidth {attribs {resolve_type generated dependency bitwidth format long minimum {} maximum {}} value 24} bitoffset {attribs {resolve_type immediate dependency {} format long minimum {} maximum {}} value 0} integer {signed {attribs {resolve_type generated dependency signed format bool minimum {} maximum {}} value TRUE}}}} DATA_WIDTH 24}} \
  CONFIG.bypass_intf.LAYERED_METADATA {undef} \
  CONFIG.c_in_intf.LAYERED_METADATA {undef} \
  CONFIG.c_out_intf.LAYERED_METADATA {undef} \
  CONFIG.ce_intf.POLARITY {ACTIVE_HIGH} \
  CONFIG.clk_intf.ASSOCIATED_BUSIF {s_intf:c_out_intf:sinit_intf:sset_intf:bypass_intf:c_in_intf:add_intf:b_intf:a_intf} \
  CONFIG.clk_intf.ASSOCIATED_CLKEN {CE} \
  CONFIG.clk_intf.ASSOCIATED_PORT {} \
  CONFIG.clk_intf.ASSOCIATED_RESET {SCLR} \
  CONFIG.clk_intf.CLK_DOMAIN {FFT_to_GPIO_clkin_0} \
  CONFIG.clk_intf.FREQ_HZ {65000000} \
  CONFIG.clk_intf.FREQ_TOLERANCE_HZ {0} \
  CONFIG.clk_intf.INSERT_VIP {0} \
  CONFIG.clk_intf.PHASE {0.0} \
  CONFIG.s_intf.LAYERED_METADATA {xilinx.com:interface:datatypes:1.0 {DATA {datatype {name {attribs {resolve_type immediate dependency {} format string minimum {} maximum {}} value data} bitwidth {attribs {resolve_type generated dependency bitwidth format long minimum {} maximum {}} value 24} bitoffset {attribs {resolve_type immediate dependency {} format long minimum {} maximum {}} value 0} integer {signed {attribs {resolve_type generated dependency signed format bool minimum {} maximum {}} value TRUE}}}} DATA_WIDTH 24}} \
  CONFIG.sclr_intf.INSERT_VIP {0} \
  CONFIG.sclr_intf.POLARITY {ACTIVE_HIGH} \
  CONFIG.sinit_intf.LAYERED_METADATA {undef} \
  CONFIG.sset_intf.LAYERED_METADATA {undef} " [get_ips FFT_to_GPIO_c_addsub_0_0]







Copyright 1986-2022 Xilinx, Inc. All Rights Reserved. Copyright 2022-2023 Advanced Micro Devices, Inc. All Rights Reserved.
---------------------------------------------------------------------------------------------------------------------------------------------
| Tool Version : Vivado v.2023.1 (win64) Build 3865809 Sun May  7 15:05:29 MDT 2023
| Date         : Wed Jul  9 13:38:44 2025
| Host         : YousefPC running 64-bit major release  (build 9200)
| Command      : upgrade_ip
| Device       : xczu3eg-sfvc784-1-e
---------------------------------------------------------------------------------------------------------------------------------------------

Upgrade Log for IP 'FFT_to_GPIO_bram_writer_0_0'

1. Summary
----------

CAUTION (success, with warnings) in the update of FFT_to_GPIO_bram_writer_0_0 (xilinx.com:module_ref:bram_writer:1.0 (Rev. 1)) to current project options.

After upgrade, an IP may have parameter differences compared to the original customization. Please review the parameters within the IP customization GUI to ensure proper functionality.

2. Customization warnings
-------------------------

Parameter 'CLK_DOMAIN' is no longer present on the upgraded IP 'FFT_to_GPIO_bram_writer_0_0', and cannot be set to 'FFT_to_GPIO_rd_clk_0'


3. Debug Commands
-----------------

  The following debug information can be passed to Vivado as Tcl commands,
in order to validate or debug the output of the upgrade flow.
  You may consult any warnings from within this upgrade, and alter or remove
the configuration parameter(s) which caused the warning; then execute the Tcl
commands, and use the IP Customization GUI to verify the IP configuration.

create_ip -vlnv xilinx.com:module_ref:bram_writer:1.0 -user_name FFT_to_GPIO_bram_writer_0_0
set_property -dict "\
  CONFIG.clk.ASSOCIATED_RESET {rst} \
  CONFIG.clk.CLK_DOMAIN {FFT_to_GPIO_rd_clk_0} " [get_ips FFT_to_GPIO_bram_writer_0_0]







Copyright 1986-2022 Xilinx, Inc. All Rights Reserved. Copyright 2022-2023 Advanced Micro Devices, Inc. All Rights Reserved.
---------------------------------------------------------------------------------------------------------------------------------------------
| Tool Version : Vivado v.2023.1 (win64) Build 3865809 Sun May  7 15:05:29 MDT 2023
| Date         : Wed Jul  9 13:38:44 2025
| Host         : YousefPC running 64-bit major release  (build 9200)
| Command      : upgrade_ip
| Device       : xczu3eg-sfvc784-1-e
---------------------------------------------------------------------------------------------------------------------------------------------

Upgrade Log for IP 'FFT_to_GPIO_Latch_0_0'

1. Summary
----------

CAUTION (success, with warnings) in the update of FFT_to_GPIO_Latch_0_0 (xilinx.com:module_ref:Latch:1.0 (Rev. 1)) to current project options.

After upgrade, an IP may have parameter differences compared to the original customization. Please review the parameters within the IP customization GUI to ensure proper functionality.

2. Customization warnings
-------------------------

Parameter 'CLK_DOMAIN' is no longer present on the upgraded IP 'FFT_to_GPIO_Latch_0_0', and cannot be set to 'FFT_to_GPIO_clkin_0'


3. Debug Commands
-----------------

  The following debug information can be passed to Vivado as Tcl commands,
in order to validate or debug the output of the upgrade flow.
  You may consult any warnings from within this upgrade, and alter or remove
the configuration parameter(s) which caused the warning; then execute the Tcl
commands, and use the IP Customization GUI to verify the IP configuration.

create_ip -vlnv xilinx.com:module_ref:Latch:1.0 -user_name FFT_to_GPIO_Latch_0_0
set_property -dict "\
  CONFIG.clkin.CLK_DOMAIN {FFT_to_GPIO_clkin_0} \
  CONFIG.clkin.FREQ_HZ {65000000} " [get_ips FFT_to_GPIO_Latch_0_0]


