16:37:07 DEBUG : Logs will be stored at 'C:/Xilinx/Projects/DRC_Rev2.0_Deliverables/Vitis2023.1/DRC_Rev2.0_SW_3V3_SiP/IDE.log'.
16:37:37 INFO  : Launching XSCT server: xsct.bat -n  -interactive C:\Xilinx\Projects\DRC_Rev2.0_Deliverables\Vitis2023.1\DRC_Rev2.0_SW_3V3_SiP\temp_xsdb_launch_script.tcl
16:37:37 INFO  : Registering command handlers for Vitis TCF services
16:37:38 INFO  : Platform repository initialization has completed.
16:37:39 INFO  : XSCT server has started successfully.
16:37:40 INFO  : plnx-install-location is set to ''
16:37:40 INFO  : Successfully done setting XSCT server connection channel  
16:37:40 INFO  : Successfully done query RDI_DATADIR 
16:37:40 INFO  : Successfully done setting workspace for the tool. 
16:39:03 INFO  : Result from executing command 'getProjects': DRC_Platform_3V3_SiP
16:39:03 INFO  : Result from executing command 'getPlatforms': xilinx_vck190_base_202310_1|C:/Xilinx/Vitis/2023.1/base_platforms/xilinx_vck190_base_202310_1/xilinx_vck190_base_202310_1.xpfm;xilinx_vck190_base_dfx_202310_1|C:/Xilinx/Vitis/2023.1/base_platforms/xilinx_vck190_base_dfx_202310_1/xilinx_vck190_base_dfx_202310_1.xpfm;xilinx_vek280_es1_base_202310_1|C:/Xilinx/Vitis/2023.1/base_platforms/xilinx_vek280_es1_base_202310_1/xilinx_vek280_es1_base_202310_1.xpfm;xilinx_vmk180_base_202310_1|C:/Xilinx/Vitis/2023.1/base_platforms/xilinx_vmk180_base_202310_1/xilinx_vmk180_base_202310_1.xpfm;xilinx_zcu102_base_202310_1|C:/Xilinx/Vitis/2023.1/base_platforms/xilinx_zcu102_base_202310_1/xilinx_zcu102_base_202310_1.xpfm;xilinx_zcu102_base_dfx_202310_1|C:/Xilinx/Vitis/2023.1/base_platforms/xilinx_zcu102_base_dfx_202310_1/xilinx_zcu102_base_dfx_202310_1.xpfm;xilinx_zcu104_base_202310_1|C:/Xilinx/Vitis/2023.1/base_platforms/xilinx_zcu104_base_202310_1/xilinx_zcu104_base_202310_1.xpfm
16:44:23 INFO  : Result from executing command 'getProjects': DRC_Platform_3V3_SiP
16:44:23 INFO  : Result from executing command 'getPlatforms': DRC_Platform_3V3_SiP|C:/Xilinx/Projects/DRC_Rev2.0_Deliverables/Vitis2023.1/DRC_Rev2.0_SW_3V3_SiP/DRC_Platform_3V3_SiP/export/DRC_Platform_3V3_SiP/DRC_Platform_3V3_SiP.xpfm;xilinx_vck190_base_202310_1|C:/Xilinx/Vitis/2023.1/base_platforms/xilinx_vck190_base_202310_1/xilinx_vck190_base_202310_1.xpfm;xilinx_vck190_base_dfx_202310_1|C:/Xilinx/Vitis/2023.1/base_platforms/xilinx_vck190_base_dfx_202310_1/xilinx_vck190_base_dfx_202310_1.xpfm;xilinx_vek280_es1_base_202310_1|C:/Xilinx/Vitis/2023.1/base_platforms/xilinx_vek280_es1_base_202310_1/xilinx_vek280_es1_base_202310_1.xpfm;xilinx_vmk180_base_202310_1|C:/Xilinx/Vitis/2023.1/base_platforms/xilinx_vmk180_base_202310_1/xilinx_vmk180_base_202310_1.xpfm;xilinx_zcu102_base_202310_1|C:/Xilinx/Vitis/2023.1/base_platforms/xilinx_zcu102_base_202310_1/xilinx_zcu102_base_202310_1.xpfm;xilinx_zcu102_base_dfx_202310_1|C:/Xilinx/Vitis/2023.1/base_platforms/xilinx_zcu102_base_dfx_202310_1/xilinx_zcu102_base_dfx_202310_1.xpfm;xilinx_zcu104_base_202310_1|C:/Xilinx/Vitis/2023.1/base_platforms/xilinx_zcu104_base_202310_1/xilinx_zcu104_base_202310_1.xpfm
16:47:17 INFO  : Result from executing command 'getProjects': DRC_Platform_3V3_SiP
16:47:17 INFO  : Result from executing command 'getPlatforms': DRC_Platform_3V3_SiP|C:/Xilinx/Projects/DRC_Rev2.0_Deliverables/Vitis2023.1/DRC_Rev2.0_SW_3V3_SiP/DRC_Platform_3V3_SiP/export/DRC_Platform_3V3_SiP/DRC_Platform_3V3_SiP.xpfm;xilinx_vck190_base_202310_1|C:/Xilinx/Vitis/2023.1/base_platforms/xilinx_vck190_base_202310_1/xilinx_vck190_base_202310_1.xpfm;xilinx_vck190_base_dfx_202310_1|C:/Xilinx/Vitis/2023.1/base_platforms/xilinx_vck190_base_dfx_202310_1/xilinx_vck190_base_dfx_202310_1.xpfm;xilinx_vek280_es1_base_202310_1|C:/Xilinx/Vitis/2023.1/base_platforms/xilinx_vek280_es1_base_202310_1/xilinx_vek280_es1_base_202310_1.xpfm;xilinx_vmk180_base_202310_1|C:/Xilinx/Vitis/2023.1/base_platforms/xilinx_vmk180_base_202310_1/xilinx_vmk180_base_202310_1.xpfm;xilinx_zcu102_base_202310_1|C:/Xilinx/Vitis/2023.1/base_platforms/xilinx_zcu102_base_202310_1/xilinx_zcu102_base_202310_1.xpfm;xilinx_zcu102_base_dfx_202310_1|C:/Xilinx/Vitis/2023.1/base_platforms/xilinx_zcu102_base_dfx_202310_1/xilinx_zcu102_base_dfx_202310_1.xpfm;xilinx_zcu104_base_202310_1|C:/Xilinx/Vitis/2023.1/base_platforms/xilinx_zcu104_base_202310_1/xilinx_zcu104_base_202310_1.xpfm
16:47:19 INFO  : Platform 'DRC_Platform_3V3_SiP' is added to custom repositories.
16:49:59 INFO  : Result from executing command 'getProjects': DRC_Platform_3V3_SiP
16:49:59 INFO  : Result from executing command 'getPlatforms': DRC_Platform_3V3_SiP|C:/Xilinx/Projects/DRC_Rev2.0_Deliverables/Vitis2023.1/DRC_Rev2.0_SW_3V3_SiP/DRC_Platform_3V3_SiP/export/DRC_Platform_3V3_SiP/DRC_Platform_3V3_SiP.xpfm;xilinx_vck190_base_202310_1|C:/Xilinx/Vitis/2023.1/base_platforms/xilinx_vck190_base_202310_1/xilinx_vck190_base_202310_1.xpfm;xilinx_vck190_base_dfx_202310_1|C:/Xilinx/Vitis/2023.1/base_platforms/xilinx_vck190_base_dfx_202310_1/xilinx_vck190_base_dfx_202310_1.xpfm;xilinx_vek280_es1_base_202310_1|C:/Xilinx/Vitis/2023.1/base_platforms/xilinx_vek280_es1_base_202310_1/xilinx_vek280_es1_base_202310_1.xpfm;xilinx_vmk180_base_202310_1|C:/Xilinx/Vitis/2023.1/base_platforms/xilinx_vmk180_base_202310_1/xilinx_vmk180_base_202310_1.xpfm;xilinx_zcu102_base_202310_1|C:/Xilinx/Vitis/2023.1/base_platforms/xilinx_zcu102_base_202310_1/xilinx_zcu102_base_202310_1.xpfm;xilinx_zcu102_base_dfx_202310_1|C:/Xilinx/Vitis/2023.1/base_platforms/xilinx_zcu102_base_dfx_202310_1/xilinx_zcu102_base_dfx_202310_1.xpfm;xilinx_zcu104_base_202310_1|C:/Xilinx/Vitis/2023.1/base_platforms/xilinx_zcu104_base_202310_1/xilinx_zcu104_base_202310_1.xpfm
16:50:00 INFO  : Checking for BSP changes to sync application flags for project 'DRC_Rev2_0_Deliverables_3V3_SiP'...
16:52:25 INFO  : Checking for BSP changes to sync application flags for project 'DRC_Rev2_0_Deliverables_3V3_SiP'...
16:52:49 INFO  : Checking for BSP changes to sync application flags for project 'DRC_Rev2_0_Deliverables_3V3_SiP'...
16:52:58 INFO  : Checking for BSP changes to sync application flags for project '3V3_SiP_FSBL'...
16:53:41 INFO  : Checking for BSP changes to sync application flags for project '3V3_SiP_FSBL'...
16:54:00 INFO  : Generated template bif file for DRC_Rev2_0_Deliverables_3V3_SiP_system
16:55:34 INFO  : Invoking Bootgen: bootgen -image output.bif -arch zynqmp -o C:/Xilinx/Projects/DRC_Rev2.0_Deliverables/BOOT_IMAGE_3V3/BOOT.bin -w on
16:55:34 INFO  : Overwriting existing bif file C:\Xilinx\Projects\DRC_Rev2.0_Deliverables\BOOT_IMAGE_3V3\output.bif
16:55:36 INFO  : Bootgen command execution is done.
16:57:27 INFO  : Connected to target on host '127.0.0.1' and port '3121'.
16:57:52 INFO  : Connected to target on host '127.0.0.1' and port '3121'.
17:00:49 INFO  : Connected to target on host '127.0.0.1' and port '3121'.
17:00:49 INFO  : Jtag cable 'Digilent JTAG-HS3 210299BBCD36' is selected.
17:00:49 INFO  : 'jtag frequency' command is executed.
17:00:49 INFO  : Sourcing of 'C:/Xilinx/Vitis/2023.1/scripts/vitis/util/zynqmp_utils.tcl' is done.
17:00:49 INFO  : Context for 'APU' is selected.
17:00:50 INFO  : System reset is completed.
17:00:53 INFO  : 'after 3000' command is executed.
17:00:53 INFO  : 'targets -set -filter {jtag_cable_name =~ "Digilent JTAG-HS3 210299BBCD36" && level==0 && jtag_device_ctx=="jsn-JTAG-HS3-210299BBCD36-14710093-0"}' command is executed.
17:00:56 INFO  : Device configured successfully with "C:/Xilinx/Projects/DRC_Rev2.0_Deliverables/Vitis2023.1/DRC_Rev2.0_SW_3V3_SiP/DRC_Rev2_0_Deliverables_3V3_SiP/_ide/bitstream/DRC_Rev_2_0_QualTest_Wrapper_3V3_QSPI.bit"
17:00:56 INFO  : Context for 'APU' is selected.
17:00:57 INFO  : Hardware design and registers information is loaded from 'C:/Xilinx/Projects/DRC_Rev2.0_Deliverables/Vitis2023.1/DRC_Rev2.0_SW_3V3_SiP/DRC_Platform_3V3_SiP/export/DRC_Platform_3V3_SiP/hw/DRC_Rev_2_0_QualTest_Wrapper_3V3_QSPI.xsa'.
17:00:57 INFO  : 'configparams force-mem-access 1' command is executed.
17:00:57 INFO  : Context for 'APU' is selected.
17:00:57 INFO  : Boot mode is read from the target.
17:00:57 INFO  : Context for processor 'psu_cortexa53_0' is selected.
17:00:57 INFO  : Processor reset is completed for 'psu_cortexa53_0'.
17:00:58 INFO  : The application 'C:/Xilinx/Projects/DRC_Rev2.0_Deliverables/Vitis2023.1/DRC_Rev2.0_SW_3V3_SiP/DRC_Platform_3V3_SiP/export/DRC_Platform_3V3_SiP/sw/DRC_Platform_3V3_SiP/boot/fsbl.elf' is downloaded to processor 'psu_cortexa53_0'.
17:00:58 INFO  : 'set bp_0_58_fsbl_bp [bpadd -addr &XFsbl_Exit]' command is executed.
17:00:58 INFO  : 'con -block -timeout 60' command is executed.
17:00:58 INFO  : 'bpremove $bp_0_58_fsbl_bp' command is executed.
17:00:58 INFO  : Context for processor 'psu_cortexa53_0' is selected.
17:00:58 INFO  : Processor reset is completed for 'psu_cortexa53_0'.
17:00:59 INFO  : The application 'C:/Xilinx/Projects/DRC_Rev2.0_Deliverables/Vitis2023.1/DRC_Rev2.0_SW_3V3_SiP/DRC_Rev2_0_Deliverables_3V3_SiP/Debug/DRC_Rev2_0_Deliverables_3V3_SiP.elf' is downloaded to processor 'psu_cortexa53_0'.
17:00:59 INFO  : 'configparams force-mem-access 0' command is executed.
17:00:59 INFO  : ----------------XSDB Script----------------
connect -url tcp:127.0.0.1:3121
source C:/Xilinx/Vitis/2023.1/scripts/vitis/util/zynqmp_utils.tcl
targets -set -nocase -filter {name =~"APU*"}
rst -system
after 3000
targets -set -filter {jtag_cable_name =~ "Digilent JTAG-HS3 210299BBCD36" && level==0 && jtag_device_ctx=="jsn-JTAG-HS3-210299BBCD36-14710093-0"}
fpga -file C:/Xilinx/Projects/DRC_Rev2.0_Deliverables/Vitis2023.1/DRC_Rev2.0_SW_3V3_SiP/DRC_Rev2_0_Deliverables_3V3_SiP/_ide/bitstream/DRC_Rev_2_0_QualTest_Wrapper_3V3_QSPI.bit
targets -set -nocase -filter {name =~"APU*"}
loadhw -hw C:/Xilinx/Projects/DRC_Rev2.0_Deliverables/Vitis2023.1/DRC_Rev2.0_SW_3V3_SiP/DRC_Platform_3V3_SiP/export/DRC_Platform_3V3_SiP/hw/DRC_Rev_2_0_QualTest_Wrapper_3V3_QSPI.xsa -mem-ranges [list {0x80000000 0xbfffffff} {0x400000000 0x5ffffffff} {0x1000000000 0x7fffffffff}] -regs
configparams force-mem-access 1
targets -set -nocase -filter {name =~"APU*"}
set mode [expr [mrd -value 0xFF5E0200] & 0xf]
targets -set -nocase -filter {name =~ "*A53*#0"}
rst -processor
dow C:/Xilinx/Projects/DRC_Rev2.0_Deliverables/Vitis2023.1/DRC_Rev2.0_SW_3V3_SiP/DRC_Platform_3V3_SiP/export/DRC_Platform_3V3_SiP/sw/DRC_Platform_3V3_SiP/boot/fsbl.elf
set bp_0_58_fsbl_bp [bpadd -addr &XFsbl_Exit]
con -block -timeout 60
bpremove $bp_0_58_fsbl_bp
targets -set -nocase -filter {name =~ "*A53*#0"}
rst -processor
dow C:/Xilinx/Projects/DRC_Rev2.0_Deliverables/Vitis2023.1/DRC_Rev2.0_SW_3V3_SiP/DRC_Rev2_0_Deliverables_3V3_SiP/Debug/DRC_Rev2_0_Deliverables_3V3_SiP.elf
configparams force-mem-access 0
----------------End of Script----------------

17:00:59 INFO  : Context for processor 'psu_cortexa53_0' is selected.
17:00:59 INFO  : 'con' command is executed.
17:00:59 INFO  : ----------------XSDB Script (After Launch)----------------
targets -set -nocase -filter {name =~ "*A53*#0"}
con
----------------End of Script----------------

17:00:59 INFO  : Launch script is exported to file 'C:\Xilinx\Projects\DRC_Rev2.0_Deliverables\Vitis2023.1\DRC_Rev2.0_SW_3V3_SiP\DRC_Rev2_0_Deliverables_3V3_SiP_system\_ide\scripts\systemdebugger_drc_rev2_0_deliverables_3v3_sip_system_standalone.tcl'
17:35:51 INFO  : Result from executing command 'removePlatformRepo': 
17:36:03 ERROR : Error from executing command 'removePlatformRepo': ERROR: No valid directory exists at given path.
17:36:06 ERROR : Error from executing command 'removePlatformRepo': ERROR: No valid directory exists at given path.
17:36:48 INFO  : Hardware specification for platform project 'DRC_Platform_3V3_SiP' is updated.
17:39:06 INFO  : Result from executing command 'getProjects': DRC_Platform_3V3_SiP
17:39:06 ERROR : Failed to openhw "C:/Xilinx/Projects/DRC_Rev2.0_Deliverables/Vitis2023.1/DRC_Rev2.0_SW_3V3_SiP/DRC_Platform_3V3_SiP/hw/DRC_Rev_2_0_QualTest_Wrapper_3V3_QSPI.xsa"
Reason: ERROR: [Common 17-39] 'hsi::open_hw_design' failed due to earlier errors.

17:39:06 INFO  : Result from executing command 'getPlatforms': xilinx_vck190_base_202310_1|C:/Xilinx/Vitis/2023.1/base_platforms/xilinx_vck190_base_202310_1/xilinx_vck190_base_202310_1.xpfm;xilinx_vck190_base_dfx_202310_1|C:/Xilinx/Vitis/2023.1/base_platforms/xilinx_vck190_base_dfx_202310_1/xilinx_vck190_base_dfx_202310_1.xpfm;xilinx_vek280_es1_base_202310_1|C:/Xilinx/Vitis/2023.1/base_platforms/xilinx_vek280_es1_base_202310_1/xilinx_vek280_es1_base_202310_1.xpfm;xilinx_vmk180_base_202310_1|C:/Xilinx/Vitis/2023.1/base_platforms/xilinx_vmk180_base_202310_1/xilinx_vmk180_base_202310_1.xpfm;xilinx_zcu102_base_202310_1|C:/Xilinx/Vitis/2023.1/base_platforms/xilinx_zcu102_base_202310_1/xilinx_zcu102_base_202310_1.xpfm;xilinx_zcu102_base_dfx_202310_1|C:/Xilinx/Vitis/2023.1/base_platforms/xilinx_zcu102_base_dfx_202310_1/xilinx_zcu102_base_dfx_202310_1.xpfm;xilinx_zcu104_base_202310_1|C:/Xilinx/Vitis/2023.1/base_platforms/xilinx_zcu104_base_202310_1/xilinx_zcu104_base_202310_1.xpfm
17:39:32 INFO  : Checking for BSP changes to sync application flags for project '3V3_SiP_FSBL'...
17:40:04 INFO  : The hardware specification used by project '3V3_SiP_FSBL' is out of sync with the platform. Resource files extracted from the hardware specification will be updated.
17:40:04 INFO  : The file 'C:\Xilinx\Projects\DRC_Rev2.0_Deliverables\Vitis2023.1\DRC_Rev2.0_SW_3V3_SiP\3V3_SiP_FSBL\_ide\bitstream\DRC_Rev_2_0_QualTest_Wrapper_3V3_QSPI.bit' stored in project is removed.
17:40:04 INFO  : The updated bitstream files are copied from platform to folder 'C:\Xilinx\Projects\DRC_Rev2.0_Deliverables\Vitis2023.1\DRC_Rev2.0_SW_3V3_SiP\3V3_SiP_FSBL\_ide\bitstream' in project '3V3_SiP_FSBL'.
17:40:04 INFO  : The file 'C:\Xilinx\Projects\DRC_Rev2.0_Deliverables\Vitis2023.1\DRC_Rev2.0_SW_3V3_SiP\3V3_SiP_FSBL\_ide\psinit\psu_init.tcl' stored in project is removed.
17:40:05 INFO  : The updated ps init files are copied from platform to folder 'C:\Xilinx\Projects\DRC_Rev2.0_Deliverables\Vitis2023.1\DRC_Rev2.0_SW_3V3_SiP\3V3_SiP_FSBL\_ide\psinit' in project '3V3_SiP_FSBL'.
17:40:13 INFO  : Checking for BSP changes to sync application flags for project 'DRC_Rev2_0_Deliverables_3V3_SiP'...
17:40:18 INFO  : The hardware specification used by project 'DRC_Rev2_0_Deliverables_3V3_SiP' is out of sync with the platform. Resource files extracted from the hardware specification will be updated.
17:40:18 INFO  : The file 'C:\Xilinx\Projects\DRC_Rev2.0_Deliverables\Vitis2023.1\DRC_Rev2.0_SW_3V3_SiP\DRC_Rev2_0_Deliverables_3V3_SiP\_ide\bitstream\DRC_Rev_2_0_QualTest_Wrapper_3V3_QSPI.bit' stored in project is removed.
17:40:18 INFO  : The updated bitstream files are copied from platform to folder 'C:\Xilinx\Projects\DRC_Rev2.0_Deliverables\Vitis2023.1\DRC_Rev2.0_SW_3V3_SiP\DRC_Rev2_0_Deliverables_3V3_SiP\_ide\bitstream' in project 'DRC_Rev2_0_Deliverables_3V3_SiP'.
17:40:18 INFO  : The file 'C:\Xilinx\Projects\DRC_Rev2.0_Deliverables\Vitis2023.1\DRC_Rev2.0_SW_3V3_SiP\DRC_Rev2_0_Deliverables_3V3_SiP\_ide\psinit\psu_init.tcl' stored in project is removed.
17:40:19 INFO  : The updated ps init files are copied from platform to folder 'C:\Xilinx\Projects\DRC_Rev2.0_Deliverables\Vitis2023.1\DRC_Rev2.0_SW_3V3_SiP\DRC_Rev2_0_Deliverables_3V3_SiP\_ide\psinit' in project 'DRC_Rev2_0_Deliverables_3V3_SiP'.
15:47:39 INFO  : Disconnected from the channel tcfchan#5.
17:20:42 DEBUG : Logs will be stored at 'C:/Xilinx/Projects/DRC_Rev2.0_Deliverables/Vitis2023.1/DRC_Rev2.0_SW_3V3_SiP/IDE.log'.
17:20:43 INFO  : Launching XSCT server: xsct.bat -n  -interactive C:\Xilinx\Projects\DRC_Rev2.0_Deliverables\Vitis2023.1\DRC_Rev2.0_SW_3V3_SiP\temp_xsdb_launch_script.tcl
17:20:45 INFO  : XSCT server has started successfully.
17:20:45 INFO  : plnx-install-location is set to ''
17:20:46 INFO  : Successfully done setting XSCT server connection channel  
17:20:46 INFO  : Successfully done query RDI_DATADIR 
17:20:46 INFO  : Successfully done setting workspace for the tool. 
17:20:49 INFO  : Registering command handlers for Vitis TCF services
17:20:50 INFO  : Platform repository initialization has completed.
17:21:45 INFO  : Hardware specification for platform project 'DRC_Platform_3V3_SiP' is updated.
17:22:49 INFO  : Result from executing command 'getProjects': DRC_Platform_3V3_SiP
17:22:49 ERROR : Failed to openhw "C:/Xilinx/Projects/DRC_Rev2.0_Deliverables/Vitis2023.1/DRC_Rev2.0_SW_3V3_SiP/DRC_Platform_3V3_SiP/hw/DRC_Rev_2_0_QualTest_Wrapper_3V3_QSPI.xsa"
Reason: ERROR: [Common 17-39] 'hsi::open_hw_design' failed due to earlier errors.

17:22:49 INFO  : Result from executing command 'getPlatforms': DRC_Platform_3V3_SiP|C:/Xilinx/Projects/DRC_Rev2.0_Deliverables/Vitis2023.1/DRC_Rev2.0_SW_3V3_SiP/DRC_Platform_3V3_SiP/export/DRC_Platform_3V3_SiP/DRC_Platform_3V3_SiP.xpfm;xilinx_vck190_base_202310_1|C:/Xilinx/Vitis/2023.1/base_platforms/xilinx_vck190_base_202310_1/xilinx_vck190_base_202310_1.xpfm;xilinx_vck190_base_dfx_202310_1|C:/Xilinx/Vitis/2023.1/base_platforms/xilinx_vck190_base_dfx_202310_1/xilinx_vck190_base_dfx_202310_1.xpfm;xilinx_vek280_es1_base_202310_1|C:/Xilinx/Vitis/2023.1/base_platforms/xilinx_vek280_es1_base_202310_1/xilinx_vek280_es1_base_202310_1.xpfm;xilinx_vmk180_base_202310_1|C:/Xilinx/Vitis/2023.1/base_platforms/xilinx_vmk180_base_202310_1/xilinx_vmk180_base_202310_1.xpfm;xilinx_zcu102_base_202310_1|C:/Xilinx/Vitis/2023.1/base_platforms/xilinx_zcu102_base_202310_1/xilinx_zcu102_base_202310_1.xpfm;xilinx_zcu102_base_dfx_202310_1|C:/Xilinx/Vitis/2023.1/base_platforms/xilinx_zcu102_base_dfx_202310_1/xilinx_zcu102_base_dfx_202310_1.xpfm;xilinx_zcu104_base_202310_1|C:/Xilinx/Vitis/2023.1/base_platforms/xilinx_zcu104_base_202310_1/xilinx_zcu104_base_202310_1.xpfm
17:23:30 INFO  : Checking for BSP changes to sync application flags for project '3V3_SiP_FSBL'...
17:23:57 INFO  : The hardware specification used by project '3V3_SiP_FSBL' is out of sync with the platform. Resource files extracted from the hardware specification will be updated.
17:23:57 INFO  : The file 'C:\Xilinx\Projects\DRC_Rev2.0_Deliverables\Vitis2023.1\DRC_Rev2.0_SW_3V3_SiP\3V3_SiP_FSBL\_ide\bitstream\DRC_Rev_2_0_QualTest_Wrapper_3V3_QSPI.bit' stored in project is removed.
17:23:57 INFO  : The updated bitstream files are copied from platform to folder 'C:\Xilinx\Projects\DRC_Rev2.0_Deliverables\Vitis2023.1\DRC_Rev2.0_SW_3V3_SiP\3V3_SiP_FSBL\_ide\bitstream' in project '3V3_SiP_FSBL'.
17:23:57 INFO  : The file 'C:\Xilinx\Projects\DRC_Rev2.0_Deliverables\Vitis2023.1\DRC_Rev2.0_SW_3V3_SiP\3V3_SiP_FSBL\_ide\psinit\psu_init.tcl' stored in project is removed.
17:23:58 INFO  : The updated ps init files are copied from platform to folder 'C:\Xilinx\Projects\DRC_Rev2.0_Deliverables\Vitis2023.1\DRC_Rev2.0_SW_3V3_SiP\3V3_SiP_FSBL\_ide\psinit' in project '3V3_SiP_FSBL'.
17:24:04 INFO  : Checking for BSP changes to sync application flags for project 'DRC_Rev2_0_Deliverables_3V3_SiP'...
17:24:10 INFO  : Checking for BSP changes to sync application flags for project 'DRC_Rev2_0_Deliverables_3V3_SiP'...
17:24:11 INFO  : The hardware specification used by project 'DRC_Rev2_0_Deliverables_3V3_SiP' is out of sync with the platform. Resource files extracted from the hardware specification will be updated.
17:24:11 INFO  : The file 'C:\Xilinx\Projects\DRC_Rev2.0_Deliverables\Vitis2023.1\DRC_Rev2.0_SW_3V3_SiP\DRC_Rev2_0_Deliverables_3V3_SiP\_ide\bitstream\DRC_Rev_2_0_QualTest_Wrapper_3V3_QSPI.bit' stored in project is removed.
17:24:11 INFO  : The updated bitstream files are copied from platform to folder 'C:\Xilinx\Projects\DRC_Rev2.0_Deliverables\Vitis2023.1\DRC_Rev2.0_SW_3V3_SiP\DRC_Rev2_0_Deliverables_3V3_SiP\_ide\bitstream' in project 'DRC_Rev2_0_Deliverables_3V3_SiP'.
17:24:11 INFO  : The file 'C:\Xilinx\Projects\DRC_Rev2.0_Deliverables\Vitis2023.1\DRC_Rev2.0_SW_3V3_SiP\DRC_Rev2_0_Deliverables_3V3_SiP\_ide\psinit\psu_init.tcl' stored in project is removed.
17:24:11 INFO  : The updated ps init files are copied from platform to folder 'C:\Xilinx\Projects\DRC_Rev2.0_Deliverables\Vitis2023.1\DRC_Rev2.0_SW_3V3_SiP\DRC_Rev2_0_Deliverables_3V3_SiP\_ide\psinit' in project 'DRC_Rev2_0_Deliverables_3V3_SiP'.
17:24:18 INFO  : Checking for BSP changes to sync application flags for project '3V3_SiP_FSBL'...
17:24:20 INFO  : Checking for BSP changes to sync application flags for project '3V3_SiP_FSBL'...
17:24:24 INFO  : Checking for BSP changes to sync application flags for project 'DRC_Rev2_0_Deliverables_3V3_SiP'...
17:25:46 INFO  : Invoking Bootgen: bootgen -image output.bif -arch zynqmp -o C:/Xilinx/Projects/DRC_Rev2.0_Deliverables/BOOT_IMAGE_3V3/BOOT.bin -w on
17:25:46 INFO  : Overwriting existing bif file C:\Xilinx\Projects\DRC_Rev2.0_Deliverables\BOOT_IMAGE_3V3\output.bif
17:25:47 INFO  : Bootgen command execution is done.
17:34:10 INFO  : Connected to target on host '127.0.0.1' and port '3121'.
17:34:28 INFO  : ----------------XSDB Script----------------
connect -url tcp:127.0.0.1:3121
----------------End of Script----------------

17:34:28 ERROR : Could not find ARM device on the board for connection 'Local'.
Check if the target is in:
1. Split JTAG - No operations are possible with ARM DAP.
2. Non JTAG bootmode - Bootrom may need time to enable DAP.
Please try again.


Troubleshooting hints:
1. Check whether board is connected to system properly.
2. In case of zynq board, check whether Digilent/Xilinx cable switch settings are correct.
3. If you are using Xilinx Platform Cable USB, ensure that status LED is green.
17:34:40 INFO  : Connected to target on host '127.0.0.1' and port '3121'.
17:34:58 INFO  : ----------------XSDB Script----------------
connect -url tcp:127.0.0.1:3121
----------------End of Script----------------

17:34:58 ERROR : Could not find ARM device on the board for connection 'Local'.
Check if the target is in:
1. Split JTAG - No operations are possible with ARM DAP.
2. Non JTAG bootmode - Bootrom may need time to enable DAP.
Please try again.


Troubleshooting hints:
1. Check whether board is connected to system properly.
2. In case of zynq board, check whether Digilent/Xilinx cable switch settings are correct.
3. If you are using Xilinx Platform Cable USB, ensure that status LED is green.
23:33:27 DEBUG : Logs will be stored at 'C:/Xilinx/Projects/DRC_Rev2.0_Deliverables/Vitis2023.1/DRC_Rev2.0_SW_3V3_SiP/IDE.log'.
23:33:28 INFO  : Launching XSCT server: xsct.bat -n  -interactive C:\Xilinx\Projects\DRC_Rev2.0_Deliverables\Vitis2023.1\DRC_Rev2.0_SW_3V3_SiP\temp_xsdb_launch_script.tcl
23:33:30 INFO  : XSCT server has started successfully.
23:33:30 INFO  : plnx-install-location is set to ''
23:33:30 INFO  : Successfully done setting XSCT server connection channel  
23:33:30 INFO  : Successfully done setting workspace for the tool. 
23:33:32 INFO  : Registering command handlers for Vitis TCF services
23:33:32 INFO  : Successfully done query RDI_DATADIR 
23:33:33 INFO  : Platform repository initialization has completed.
23:35:29 INFO  : No changes in MSS file content so sources will not be generated.
23:37:30 DEBUG : Logs will be stored at 'C:/Xilinx/Projects/DRC_Rev2.0_Deliverables/Vitis2023.1/DRC_Rev2.0_SW_3V3_SiP/IDE.log'.
23:37:31 INFO  : Launching XSCT server: xsct.bat -n  -interactive C:\Xilinx\Projects\DRC_Rev2.0_Deliverables\Vitis2023.1\DRC_Rev2.0_SW_3V3_SiP\temp_xsdb_launch_script.tcl
23:37:33 INFO  : XSCT server has started successfully.
23:37:33 INFO  : Successfully done setting XSCT server connection channel  
23:37:33 INFO  : plnx-install-location is set to ''
23:37:33 INFO  : Successfully done setting workspace for the tool. 
23:37:33 INFO  : Successfully done query RDI_DATADIR 
23:37:35 INFO  : Registering command handlers for Vitis TCF services
23:37:35 INFO  : Platform repository initialization has completed.
23:42:44 INFO  : Invoking Bootgen: bootgen -image output.bif -arch zynqmp -o C:/Xilinx/Projects/DRC_Rev2.0_Deliverables/Vitis2023.1/DRC_Rev2.0_SW_3V3_SiP/DRC_Rev2_0_Deliverables_3V3_SiP_system/Debug/sd_card/BOOT.bin -w on
23:42:44 INFO  : Creating new bif file C:\Xilinx\Projects\DRC_Rev2.0_Deliverables\Vitis2023.1\DRC_Rev2.0_SW_3V3_SiP\DRC_Rev2_0_Deliverables_3V3_SiP_system\Debug\sd_card\output.bif
23:42:45 INFO  : Bootgen command execution is done.
16:13:56 DEBUG : Logs will be stored at 'C:/Xilinx/Projects/DRC_Rev2.0_Deliverables/Vitis2023.1/DRC_Rev2.0_SW_3V3_SiP/IDE.log'.
16:13:57 INFO  : Launching XSCT server: xsct.bat -n  -interactive C:\Xilinx\Projects\DRC_Rev2.0_Deliverables\Vitis2023.1\DRC_Rev2.0_SW_3V3_SiP\temp_xsdb_launch_script.tcl
16:13:59 INFO  : XSCT server has started successfully.
16:13:59 INFO  : Successfully done setting XSCT server connection channel  
16:13:59 INFO  : plnx-install-location is set to ''
16:13:59 INFO  : Successfully done query RDI_DATADIR 
16:13:59 INFO  : Successfully done setting workspace for the tool. 
16:14:11 INFO  : Registering command handlers for Vitis TCF services
16:14:12 INFO  : Platform repository initialization has completed.
11:03:49 DEBUG : Logs will be stored at 'C:/Xilinx/Projects/DRC_Rev2.0_Deliverables/Vitis2023.1/DRC_Rev2.0_SW_3V3_SiP/IDE.log'.
11:03:49 INFO  : Launching XSCT server: xsct.bat -n  -interactive C:\Xilinx\Projects\DRC_Rev2.0_Deliverables\Vitis2023.1\DRC_Rev2.0_SW_3V3_SiP\temp_xsdb_launch_script.tcl
11:03:51 INFO  : XSCT server has started successfully.
11:03:51 INFO  : Successfully done setting XSCT server connection channel  
11:03:51 INFO  : plnx-install-location is set to ''
11:03:51 INFO  : Successfully done setting workspace for the tool. 
11:03:53 INFO  : Registering command handlers for Vitis TCF services
11:03:53 INFO  : Successfully done query RDI_DATADIR 
11:03:54 INFO  : Platform repository initialization has completed.
11:10:16 INFO  : Invoking Bootgen: bootgen -image output.bif -arch zynqmp -o C:/Xilinx/Projects/DRC_Rev2.0_Deliverables/BOOT_IMAGE_3V3/BOOT.bin -w on
11:10:16 INFO  : Overwriting existing bif file C:\Xilinx\Projects\DRC_Rev2.0_Deliverables\BOOT_IMAGE_3V3\output.bif
11:10:17 INFO  : Bootgen command execution is done.
11:31:48 INFO  : Invoking Bootgen: bootgen -image DRC_Rev2_0_Deliverables_3V3_SiP_system.bif -arch zynqmp -o C:/Xilinx/Projects/DRC_Rev2.0_Deliverables/Vitis2023.1/DRC_Rev2.0_SW_3V3_SiP/DRC_Rev2_0_Deliverables_3V3_SiP_system/_ide/bootimage/BOOT.bin
11:31:48 INFO  : Overwriting existing bif file C:/Xilinx/Projects/DRC_Rev2.0_Deliverables/Vitis2023.1/DRC_Rev2.0_SW_3V3_SiP/DRC_Rev2_0_Deliverables_3V3_SiP_system/_ide/bootimage/DRC_Rev2_0_Deliverables_3V3_SiP_system.bif
11:31:49 INFO  : Bootgen command execution is done.
11:48:34 INFO  : Connected to target on host '127.0.0.1' and port '3121'.
11:48:34 INFO  : Jtag cable 'Digilent JTAG-HS3 210299BBD480' is selected.
11:48:34 INFO  : 'jtag frequency' command is executed.
11:48:34 INFO  : Sourcing of 'C:/Xilinx/Vitis/2023.1/scripts/vitis/util/zynqmp_utils.tcl' is done.
11:48:34 INFO  : Context for 'APU' is selected.
11:48:35 INFO  : System reset is completed.
11:48:38 INFO  : 'after 3000' command is executed.
11:48:38 INFO  : 'targets -set -filter {jtag_cable_name =~ "Digilent JTAG-HS3 210299BBD480" && level==0 && jtag_device_ctx=="jsn-JTAG-HS3-210299BBD480-14710093-0"}' command is executed.
11:48:42 INFO  : Device configured successfully with "C:/Xilinx/Projects/DRC_Rev2.0_Deliverables/Vitis2023.1/DRC_Rev2.0_SW_3V3_SiP/DRC_Rev2_0_Deliverables_3V3_SiP/_ide/bitstream/DRC_Rev_2_0_QualTest_Wrapper_3V3_QSPI.bit"
11:48:42 INFO  : Context for 'APU' is selected.
11:48:43 INFO  : Hardware design and registers information is loaded from 'C:/Xilinx/Projects/DRC_Rev2.0_Deliverables/Vitis2023.1/DRC_Rev2.0_SW_3V3_SiP/DRC_Platform_3V3_SiP/export/DRC_Platform_3V3_SiP/hw/DRC_Rev_2_0_QualTest_Wrapper_3V3_QSPI.xsa'.
11:48:43 INFO  : 'configparams force-mem-access 1' command is executed.
11:48:43 INFO  : Context for 'APU' is selected.
11:48:43 INFO  : Boot mode is read from the target.
11:48:43 INFO  : Context for processor 'psu_cortexa53_0' is selected.
11:48:43 INFO  : Processor reset is completed for 'psu_cortexa53_0'.
11:48:44 INFO  : The application 'C:/Xilinx/Projects/DRC_Rev2.0_Deliverables/Vitis2023.1/DRC_Rev2.0_SW_3V3_SiP/DRC_Platform_3V3_SiP/export/DRC_Platform_3V3_SiP/sw/DRC_Platform_3V3_SiP/boot/fsbl.elf' is downloaded to processor 'psu_cortexa53_0'.
11:48:45 INFO  : 'set bp_48_44_fsbl_bp [bpadd -addr &XFsbl_Exit]' command is executed.
11:48:45 INFO  : 'con -block -timeout 60' command is executed.
11:48:45 INFO  : 'bpremove $bp_48_44_fsbl_bp' command is executed.
11:48:45 INFO  : Context for processor 'psu_cortexa53_0' is selected.
11:48:45 INFO  : Processor reset is completed for 'psu_cortexa53_0'.
11:48:46 INFO  : The application 'C:/Xilinx/Projects/DRC_Rev2.0_Deliverables/Vitis2023.1/DRC_Rev2.0_SW_3V3_SiP/DRC_Rev2_0_Deliverables_3V3_SiP/Debug/DRC_Rev2_0_Deliverables_3V3_SiP.elf' is downloaded to processor 'psu_cortexa53_0'.
11:48:46 INFO  : 'configparams force-mem-access 0' command is executed.
11:48:46 INFO  : ----------------XSDB Script----------------
connect -url tcp:127.0.0.1:3121
source C:/Xilinx/Vitis/2023.1/scripts/vitis/util/zynqmp_utils.tcl
targets -set -nocase -filter {name =~"APU*"}
rst -system
after 3000
targets -set -filter {jtag_cable_name =~ "Digilent JTAG-HS3 210299BBD480" && level==0 && jtag_device_ctx=="jsn-JTAG-HS3-210299BBD480-14710093-0"}
fpga -file C:/Xilinx/Projects/DRC_Rev2.0_Deliverables/Vitis2023.1/DRC_Rev2.0_SW_3V3_SiP/DRC_Rev2_0_Deliverables_3V3_SiP/_ide/bitstream/DRC_Rev_2_0_QualTest_Wrapper_3V3_QSPI.bit
targets -set -nocase -filter {name =~"APU*"}
loadhw -hw C:/Xilinx/Projects/DRC_Rev2.0_Deliverables/Vitis2023.1/DRC_Rev2.0_SW_3V3_SiP/DRC_Platform_3V3_SiP/export/DRC_Platform_3V3_SiP/hw/DRC_Rev_2_0_QualTest_Wrapper_3V3_QSPI.xsa -mem-ranges [list {0x80000000 0xbfffffff} {0x400000000 0x5ffffffff} {0x1000000000 0x7fffffffff}] -regs
configparams force-mem-access 1
targets -set -nocase -filter {name =~"APU*"}
set mode [expr [mrd -value 0xFF5E0200] & 0xf]
targets -set -nocase -filter {name =~ "*A53*#0"}
rst -processor
dow C:/Xilinx/Projects/DRC_Rev2.0_Deliverables/Vitis2023.1/DRC_Rev2.0_SW_3V3_SiP/DRC_Platform_3V3_SiP/export/DRC_Platform_3V3_SiP/sw/DRC_Platform_3V3_SiP/boot/fsbl.elf
set bp_48_44_fsbl_bp [bpadd -addr &XFsbl_Exit]
con -block -timeout 60
bpremove $bp_48_44_fsbl_bp
targets -set -nocase -filter {name =~ "*A53*#0"}
rst -processor
dow C:/Xilinx/Projects/DRC_Rev2.0_Deliverables/Vitis2023.1/DRC_Rev2.0_SW_3V3_SiP/DRC_Rev2_0_Deliverables_3V3_SiP/Debug/DRC_Rev2_0_Deliverables_3V3_SiP.elf
configparams force-mem-access 0
----------------End of Script----------------

11:48:47 INFO  : Context for processor 'psu_cortexa53_0' is selected.
11:48:47 INFO  : 'con' command is executed.
11:48:47 INFO  : ----------------XSDB Script (After Launch)----------------
targets -set -nocase -filter {name =~ "*A53*#0"}
con
----------------End of Script----------------

11:48:47 INFO  : Launch script is exported to file 'C:\Xilinx\Projects\DRC_Rev2.0_Deliverables\Vitis2023.1\DRC_Rev2.0_SW_3V3_SiP\DRC_Rev2_0_Deliverables_3V3_SiP_system\_ide\scripts\systemdebugger_drc_rev2_0_deliverables_3v3_sip_system_2_standalone.tcl'
12:24:36 INFO  : No changes in MSS file content so sources will not be generated.
12:32:39 INFO  : Disconnected from the channel tcfchan#1.
12:32:39 INFO  : Connected to target on host '127.0.0.1' and port '3121'.
12:32:39 INFO  : Jtag cable 'Digilent JTAG-HS3 210299BBD480' is selected.
12:32:39 INFO  : 'jtag frequency' command is executed.
12:32:39 INFO  : Sourcing of 'C:/Xilinx/Vitis/2023.1/scripts/vitis/util/zynqmp_utils.tcl' is done.
12:32:39 INFO  : Context for 'APU' is selected.
12:32:40 INFO  : System reset is completed.
12:32:43 INFO  : 'after 3000' command is executed.
12:32:43 INFO  : 'targets -set -filter {jtag_cable_name =~ "Digilent JTAG-HS3 210299BBD480" && level==0 && jtag_device_ctx=="jsn-JTAG-HS3-210299BBD480-14710093-0"}' command is executed.
12:32:47 INFO  : Device configured successfully with "C:/Xilinx/Projects/DRC_Rev2.0_Deliverables/Vitis2023.1/DRC_Rev2.0_SW_3V3_SiP/DRC_Rev2_0_Deliverables_3V3_SiP/_ide/bitstream/DRC_Rev_2_0_QualTest_Wrapper_3V3_QSPI.bit"
12:32:47 INFO  : Context for 'APU' is selected.
12:33:03 INFO  : Hardware design and registers information is loaded from 'C:/Xilinx/Projects/DRC_Rev2.0_Deliverables/Vitis2023.1/DRC_Rev2.0_SW_3V3_SiP/DRC_Platform_3V3_SiP/export/DRC_Platform_3V3_SiP/hw/DRC_Rev_2_0_QualTest_Wrapper_3V3_QSPI.xsa'.
12:33:03 INFO  : 'configparams force-mem-access 1' command is executed.
12:33:03 INFO  : Context for 'APU' is selected.
12:33:03 INFO  : Boot mode is read from the target.
12:33:05 INFO  : ----------------XSDB Script----------------
connect -url tcp:127.0.0.1:3121
source C:/Xilinx/Vitis/2023.1/scripts/vitis/util/zynqmp_utils.tcl
targets -set -nocase -filter {name =~"APU*"}
rst -system
after 3000
targets -set -filter {jtag_cable_name =~ "Digilent JTAG-HS3 210299BBD480" && level==0 && jtag_device_ctx=="jsn-JTAG-HS3-210299BBD480-14710093-0"}
fpga -file C:/Xilinx/Projects/DRC_Rev2.0_Deliverables/Vitis2023.1/DRC_Rev2.0_SW_3V3_SiP/DRC_Rev2_0_Deliverables_3V3_SiP/_ide/bitstream/DRC_Rev_2_0_QualTest_Wrapper_3V3_QSPI.bit
targets -set -nocase -filter {name =~"APU*"}
loadhw -hw C:/Xilinx/Projects/DRC_Rev2.0_Deliverables/Vitis2023.1/DRC_Rev2.0_SW_3V3_SiP/DRC_Platform_3V3_SiP/export/DRC_Platform_3V3_SiP/hw/DRC_Rev_2_0_QualTest_Wrapper_3V3_QSPI.xsa -mem-ranges [list {0x80000000 0xbfffffff} {0x400000000 0x5ffffffff} {0x1000000000 0x7fffffffff}] -regs
configparams force-mem-access 1
targets -set -nocase -filter {name =~"APU*"}
set mode [expr [mrd -value 0xFF5E0200] & 0xf]
----------------End of Script----------------

12:33:25 INFO  : Connected to target on host '127.0.0.1' and port '3121'.
12:33:25 INFO  : Jtag cable 'Digilent JTAG-HS3 210299BBD480' is selected.
12:33:25 INFO  : 'jtag frequency' command is executed.
12:33:25 INFO  : Sourcing of 'C:/Xilinx/Vitis/2023.1/scripts/vitis/util/zynqmp_utils.tcl' is done.
12:33:25 INFO  : Context for 'APU' is selected.
12:33:26 INFO  : System reset is completed.
12:33:29 INFO  : 'after 3000' command is executed.
12:33:29 INFO  : 'targets -set -filter {jtag_cable_name =~ "Digilent JTAG-HS3 210299BBD480" && level==0 && jtag_device_ctx=="jsn-JTAG-HS3-210299BBD480-14710093-0"}' command is executed.
12:33:33 INFO  : Device configured successfully with "C:/Xilinx/Projects/DRC_Rev2.0_Deliverables/Vitis2023.1/DRC_Rev2.0_SW_3V3_SiP/DRC_Rev2_0_Deliverables_3V3_SiP/_ide/bitstream/DRC_Rev_2_0_QualTest_Wrapper_3V3_QSPI.bit"
12:33:34 INFO  : Context for 'APU' is selected.
12:33:34 INFO  : Hardware design and registers information is loaded from 'C:/Xilinx/Projects/DRC_Rev2.0_Deliverables/Vitis2023.1/DRC_Rev2.0_SW_3V3_SiP/DRC_Platform_3V3_SiP/export/DRC_Platform_3V3_SiP/hw/DRC_Rev_2_0_QualTest_Wrapper_3V3_QSPI.xsa'.
12:33:34 INFO  : 'configparams force-mem-access 1' command is executed.
12:33:34 INFO  : Context for 'APU' is selected.
12:33:34 INFO  : Boot mode is read from the target.
12:34:28 INFO  : ----------------XSDB Script----------------
connect -url tcp:127.0.0.1:3121
source C:/Xilinx/Vitis/2023.1/scripts/vitis/util/zynqmp_utils.tcl
targets -set -nocase -filter {name =~"APU*"}
rst -system
after 3000
targets -set -filter {jtag_cable_name =~ "Digilent JTAG-HS3 210299BBD480" && level==0 && jtag_device_ctx=="jsn-JTAG-HS3-210299BBD480-14710093-0"}
fpga -file C:/Xilinx/Projects/DRC_Rev2.0_Deliverables/Vitis2023.1/DRC_Rev2.0_SW_3V3_SiP/DRC_Rev2_0_Deliverables_3V3_SiP/_ide/bitstream/DRC_Rev_2_0_QualTest_Wrapper_3V3_QSPI.bit
targets -set -nocase -filter {name =~"APU*"}
loadhw -hw C:/Xilinx/Projects/DRC_Rev2.0_Deliverables/Vitis2023.1/DRC_Rev2.0_SW_3V3_SiP/DRC_Platform_3V3_SiP/export/DRC_Platform_3V3_SiP/hw/DRC_Rev_2_0_QualTest_Wrapper_3V3_QSPI.xsa -mem-ranges [list {0x80000000 0xbfffffff} {0x400000000 0x5ffffffff} {0x1000000000 0x7fffffffff}] -regs
configparams force-mem-access 1
targets -set -nocase -filter {name =~"APU*"}
set mode [expr [mrd -value 0xFF5E0200] & 0xf]
----------------End of Script----------------

12:35:22 INFO  : Connected to target on host '127.0.0.1' and port '3121'.
12:35:22 INFO  : Jtag cable 'Digilent JTAG-HS3 210299BBD480' is selected.
12:35:22 INFO  : 'jtag frequency' command is executed.
12:35:22 INFO  : Sourcing of 'C:/Xilinx/Vitis/2023.1/scripts/vitis/util/zynqmp_utils.tcl' is done.
12:35:22 INFO  : Context for 'APU' is selected.
12:35:23 INFO  : System reset is completed.
12:35:26 INFO  : 'after 3000' command is executed.
12:35:26 INFO  : 'targets -set -filter {jtag_cable_name =~ "Digilent JTAG-HS3 210299BBD480" && level==0 && jtag_device_ctx=="jsn-JTAG-HS3-210299BBD480-14710093-0"}' command is executed.
12:35:30 INFO  : Device configured successfully with "C:/Xilinx/Projects/DRC_Rev2.0_Deliverables/Vitis2023.1/DRC_Rev2.0_SW_3V3_SiP/DRC_Rev2_0_Deliverables_3V3_SiP/_ide/bitstream/DRC_Rev_2_0_QualTest_Wrapper_3V3_QSPI.bit"
12:35:30 INFO  : Context for 'APU' is selected.
12:35:30 INFO  : Hardware design and registers information is loaded from 'C:/Xilinx/Projects/DRC_Rev2.0_Deliverables/Vitis2023.1/DRC_Rev2.0_SW_3V3_SiP/DRC_Platform_3V3_SiP/export/DRC_Platform_3V3_SiP/hw/DRC_Rev_2_0_QualTest_Wrapper_3V3_QSPI.xsa'.
12:35:30 INFO  : 'configparams force-mem-access 1' command is executed.
12:35:30 INFO  : Context for 'APU' is selected.
12:35:30 INFO  : Boot mode is read from the target.
12:35:30 INFO  : Context for processor 'psu_cortexa53_0' is selected.
12:35:30 INFO  : Processor reset is completed for 'psu_cortexa53_0'.
12:35:32 INFO  : The application 'C:/Xilinx/Projects/DRC_Rev2.0_Deliverables/Vitis2023.1/DRC_Rev2.0_SW_3V3_SiP/DRC_Platform_3V3_SiP/export/DRC_Platform_3V3_SiP/sw/DRC_Platform_3V3_SiP/boot/fsbl.elf' is downloaded to processor 'psu_cortexa53_0'.
12:35:32 INFO  : 'set bp_35_32_fsbl_bp [bpadd -addr &XFsbl_Exit]' command is executed.
12:35:33 INFO  : 'con -block -timeout 60' command is executed.
12:35:33 INFO  : 'bpremove $bp_35_32_fsbl_bp' command is executed.
12:35:33 INFO  : Context for processor 'psu_cortexa53_0' is selected.
12:35:33 INFO  : Processor reset is completed for 'psu_cortexa53_0'.
12:35:37 INFO  : The application 'C:/Xilinx/Projects/DRC_Rev2.0_Deliverables/Vitis2023.1/DRC_Rev2.0_SW_3V3_SiP/DRC_Rev2_0_Deliverables_3V3_SiP/Debug/DRC_Rev2_0_Deliverables_3V3_SiP.elf' is downloaded to processor 'psu_cortexa53_0'.
12:35:37 INFO  : 'configparams force-mem-access 0' command is executed.
12:35:37 INFO  : ----------------XSDB Script----------------
connect -url tcp:127.0.0.1:3121
source C:/Xilinx/Vitis/2023.1/scripts/vitis/util/zynqmp_utils.tcl
targets -set -nocase -filter {name =~"APU*"}
rst -system
after 3000
targets -set -filter {jtag_cable_name =~ "Digilent JTAG-HS3 210299BBD480" && level==0 && jtag_device_ctx=="jsn-JTAG-HS3-210299BBD480-14710093-0"}
fpga -file C:/Xilinx/Projects/DRC_Rev2.0_Deliverables/Vitis2023.1/DRC_Rev2.0_SW_3V3_SiP/DRC_Rev2_0_Deliverables_3V3_SiP/_ide/bitstream/DRC_Rev_2_0_QualTest_Wrapper_3V3_QSPI.bit
targets -set -nocase -filter {name =~"APU*"}
loadhw -hw C:/Xilinx/Projects/DRC_Rev2.0_Deliverables/Vitis2023.1/DRC_Rev2.0_SW_3V3_SiP/DRC_Platform_3V3_SiP/export/DRC_Platform_3V3_SiP/hw/DRC_Rev_2_0_QualTest_Wrapper_3V3_QSPI.xsa -mem-ranges [list {0x80000000 0xbfffffff} {0x400000000 0x5ffffffff} {0x1000000000 0x7fffffffff}] -regs
configparams force-mem-access 1
targets -set -nocase -filter {name =~"APU*"}
set mode [expr [mrd -value 0xFF5E0200] & 0xf]
targets -set -nocase -filter {name =~ "*A53*#0"}
rst -processor
dow C:/Xilinx/Projects/DRC_Rev2.0_Deliverables/Vitis2023.1/DRC_Rev2.0_SW_3V3_SiP/DRC_Platform_3V3_SiP/export/DRC_Platform_3V3_SiP/sw/DRC_Platform_3V3_SiP/boot/fsbl.elf
set bp_35_32_fsbl_bp [bpadd -addr &XFsbl_Exit]
con -block -timeout 60
bpremove $bp_35_32_fsbl_bp
targets -set -nocase -filter {name =~ "*A53*#0"}
rst -processor
dow C:/Xilinx/Projects/DRC_Rev2.0_Deliverables/Vitis2023.1/DRC_Rev2.0_SW_3V3_SiP/DRC_Rev2_0_Deliverables_3V3_SiP/Debug/DRC_Rev2_0_Deliverables_3V3_SiP.elf
configparams force-mem-access 0
----------------End of Script----------------

12:35:37 INFO  : Context for processor 'psu_cortexa53_0' is selected.
12:35:37 INFO  : 'con' command is executed.
12:35:37 INFO  : ----------------XSDB Script (After Launch)----------------
targets -set -nocase -filter {name =~ "*A53*#0"}
con
----------------End of Script----------------

12:35:37 INFO  : Launch script is exported to file 'C:\Xilinx\Projects\DRC_Rev2.0_Deliverables\Vitis2023.1\DRC_Rev2.0_SW_3V3_SiP\DRC_Rev2_0_Deliverables_3V3_SiP_system\_ide\scripts\systemdebugger_drc_rev2_0_deliverables_3v3_sip_system_2_standalone.tcl'
12:40:50 INFO  : Disconnected from the channel tcfchan#2.
12:40:50 INFO  : Connected to target on host '127.0.0.1' and port '3121'.
12:40:50 INFO  : Jtag cable 'Digilent JTAG-HS3 210299BBD480' is selected.
12:40:50 INFO  : 'jtag frequency' command is executed.
12:40:50 INFO  : Sourcing of 'C:/Xilinx/Vitis/2023.1/scripts/vitis/util/zynqmp_utils.tcl' is done.
12:40:50 INFO  : Context for 'APU' is selected.
12:40:51 INFO  : System reset is completed.
12:40:54 INFO  : 'after 3000' command is executed.
12:40:54 INFO  : 'targets -set -filter {jtag_cable_name =~ "Digilent JTAG-HS3 210299BBD480" && level==0 && jtag_device_ctx=="jsn-JTAG-HS3-210299BBD480-14710093-0"}' command is executed.
12:40:58 INFO  : Device configured successfully with "C:/Xilinx/Projects/DRC_Rev2.0_Deliverables/Vitis2023.1/DRC_Rev2.0_SW_3V3_SiP/DRC_Rev2_0_Deliverables_3V3_SiP/_ide/bitstream/DRC_Rev_2_0_QualTest_Wrapper_3V3_QSPI.bit"
12:40:58 INFO  : Context for 'APU' is selected.
12:40:58 INFO  : Hardware design and registers information is loaded from 'C:/Xilinx/Projects/DRC_Rev2.0_Deliverables/Vitis2023.1/DRC_Rev2.0_SW_3V3_SiP/DRC_Platform_3V3_SiP/export/DRC_Platform_3V3_SiP/hw/DRC_Rev_2_0_QualTest_Wrapper_3V3_QSPI.xsa'.
12:40:58 INFO  : 'configparams force-mem-access 1' command is executed.
12:40:58 INFO  : Context for 'APU' is selected.
12:40:58 INFO  : Boot mode is read from the target.
12:41:03 INFO  : ----------------XSDB Script----------------
connect -url tcp:127.0.0.1:3121
source C:/Xilinx/Vitis/2023.1/scripts/vitis/util/zynqmp_utils.tcl
targets -set -nocase -filter {name =~"APU*"}
rst -system
after 3000
targets -set -filter {jtag_cable_name =~ "Digilent JTAG-HS3 210299BBD480" && level==0 && jtag_device_ctx=="jsn-JTAG-HS3-210299BBD480-14710093-0"}
fpga -file C:/Xilinx/Projects/DRC_Rev2.0_Deliverables/Vitis2023.1/DRC_Rev2.0_SW_3V3_SiP/DRC_Rev2_0_Deliverables_3V3_SiP/_ide/bitstream/DRC_Rev_2_0_QualTest_Wrapper_3V3_QSPI.bit
targets -set -nocase -filter {name =~"APU*"}
loadhw -hw C:/Xilinx/Projects/DRC_Rev2.0_Deliverables/Vitis2023.1/DRC_Rev2.0_SW_3V3_SiP/DRC_Platform_3V3_SiP/export/DRC_Platform_3V3_SiP/hw/DRC_Rev_2_0_QualTest_Wrapper_3V3_QSPI.xsa -mem-ranges [list {0x80000000 0xbfffffff} {0x400000000 0x5ffffffff} {0x1000000000 0x7fffffffff}] -regs
configparams force-mem-access 1
targets -set -nocase -filter {name =~"APU*"}
set mode [expr [mrd -value 0xFF5E0200] & 0xf]
----------------End of Script----------------

14:20:33 INFO  : Hardware specification for platform project 'DRC_Platform_3V3_SiP' is updated.
14:23:56 INFO  : Result from executing command 'getProjects': DRC_Platform_3V3_SiP
14:23:56 INFO  : Result from executing command 'getPlatforms': DRC_Platform_3V3_SiP|C:/Xilinx/Projects/DRC_Rev2.0_Deliverables/Vitis2023.1/DRC_Rev2.0_SW_3V3_SiP/DRC_Platform_3V3_SiP/export/DRC_Platform_3V3_SiP/DRC_Platform_3V3_SiP.xpfm;xilinx_vck190_base_202310_1|C:/Xilinx/Vitis/2023.1/base_platforms/xilinx_vck190_base_202310_1/xilinx_vck190_base_202310_1.xpfm;xilinx_vck190_base_dfx_202310_1|C:/Xilinx/Vitis/2023.1/base_platforms/xilinx_vck190_base_dfx_202310_1/xilinx_vck190_base_dfx_202310_1.xpfm;xilinx_vek280_es1_base_202310_1|C:/Xilinx/Vitis/2023.1/base_platforms/xilinx_vek280_es1_base_202310_1/xilinx_vek280_es1_base_202310_1.xpfm;xilinx_vmk180_base_202310_1|C:/Xilinx/Vitis/2023.1/base_platforms/xilinx_vmk180_base_202310_1/xilinx_vmk180_base_202310_1.xpfm;xilinx_zcu102_base_202310_1|C:/Xilinx/Vitis/2023.1/base_platforms/xilinx_zcu102_base_202310_1/xilinx_zcu102_base_202310_1.xpfm;xilinx_zcu102_base_dfx_202310_1|C:/Xilinx/Vitis/2023.1/base_platforms/xilinx_zcu102_base_dfx_202310_1/xilinx_zcu102_base_dfx_202310_1.xpfm;xilinx_zcu104_base_202310_1|C:/Xilinx/Vitis/2023.1/base_platforms/xilinx_zcu104_base_202310_1/xilinx_zcu104_base_202310_1.xpfm
14:23:58 INFO  : Checking for BSP changes to sync application flags for project 'DRC_Rev2_0_Deliverables_3V3_SiP'...
14:24:16 INFO  : Updating application flags with new BSP settings...
14:24:17 INFO  : Successfully updated application flags for project DRC_Rev2_0_Deliverables_3V3_SiP.
14:24:21 INFO  : The hardware specification used by project 'DRC_Rev2_0_Deliverables_3V3_SiP' is out of sync with the platform. Resource files extracted from the hardware specification will be updated.
14:24:21 INFO  : The file 'C:\Xilinx\Projects\DRC_Rev2.0_Deliverables\Vitis2023.1\DRC_Rev2.0_SW_3V3_SiP\DRC_Rev2_0_Deliverables_3V3_SiP\_ide\bitstream\DRC_Rev_2_0_QualTest_Wrapper_3V3_QSPI.bit' stored in project is removed.
14:24:21 INFO  : The updated bitstream files are copied from platform to folder 'C:\Xilinx\Projects\DRC_Rev2.0_Deliverables\Vitis2023.1\DRC_Rev2.0_SW_3V3_SiP\DRC_Rev2_0_Deliverables_3V3_SiP\_ide\bitstream' in project 'DRC_Rev2_0_Deliverables_3V3_SiP'.
14:24:21 INFO  : The file 'C:\Xilinx\Projects\DRC_Rev2.0_Deliverables\Vitis2023.1\DRC_Rev2.0_SW_3V3_SiP\DRC_Rev2_0_Deliverables_3V3_SiP\_ide\psinit\psu_init.tcl' stored in project is removed.
14:24:22 INFO  : The updated ps init files are copied from platform to folder 'C:\Xilinx\Projects\DRC_Rev2.0_Deliverables\Vitis2023.1\DRC_Rev2.0_SW_3V3_SiP\DRC_Rev2_0_Deliverables_3V3_SiP\_ide\psinit' in project 'DRC_Rev2_0_Deliverables_3V3_SiP'.
14:24:29 INFO  : Checking for BSP changes to sync application flags for project 'DRC_Rev2_0_Deliverables_3V3_SiP'...
14:24:48 INFO  : Connected to target on host '127.0.0.1' and port '3121'.
14:24:48 INFO  : Jtag cable 'Digilent JTAG-HS3 210299BBD480' is selected.
14:24:48 INFO  : 'jtag frequency' command is executed.
14:24:48 INFO  : Sourcing of 'C:/Xilinx/Vitis/2023.1/scripts/vitis/util/zynqmp_utils.tcl' is done.
14:24:48 INFO  : Context for 'APU' is selected.
14:24:49 INFO  : System reset is completed.
14:24:52 INFO  : 'after 3000' command is executed.
14:24:52 INFO  : 'targets -set -filter {jtag_cable_name =~ "Digilent JTAG-HS3 210299BBD480" && level==0 && jtag_device_ctx=="jsn-JTAG-HS3-210299BBD480-14710093-0"}' command is executed.
14:24:57 INFO  : Device configured successfully with "C:/Xilinx/Projects/DRC_Rev2.0_Deliverables/Vitis2023.1/DRC_Rev2.0_SW_3V3_SiP/DRC_Rev2_0_Deliverables_3V3_SiP/_ide/bitstream/DRC_Rev_2_0_QualTest_Wrapper_3V3_QSPI.bit"
14:24:57 INFO  : Connected to target on host '127.0.0.1' and port '3121'.
14:24:58 INFO  : Context for 'APU' is selected.
14:24:58 INFO  : Hardware design and registers information is loaded from 'C:/Xilinx/Projects/DRC_Rev2.0_Deliverables/Vitis2023.1/DRC_Rev2.0_SW_3V3_SiP/DRC_Platform_3V3_SiP/export/DRC_Platform_3V3_SiP/hw/DRC_Rev_2_0_QualTest_Wrapper_3V3_QSPI.xsa'.
14:24:58 INFO  : 'configparams force-mem-access 1' command is executed.
14:24:58 INFO  : Context for 'APU' is selected.
14:24:58 INFO  : Boot mode is read from the target.
14:24:58 INFO  : Context for processor 'psu_cortexa53_0' is selected.
14:24:59 INFO  : Processor reset is completed for 'psu_cortexa53_0'.
14:25:00 INFO  : The application 'C:/Xilinx/Projects/DRC_Rev2.0_Deliverables/Vitis2023.1/DRC_Rev2.0_SW_3V3_SiP/DRC_Platform_3V3_SiP/export/DRC_Platform_3V3_SiP/sw/DRC_Platform_3V3_SiP/boot/fsbl.elf' is downloaded to processor 'psu_cortexa53_0'.
14:25:01 INFO  : 'set bp_25_0_fsbl_bp [bpadd -addr &XFsbl_Exit]' command is executed.
14:25:01 INFO  : 'con -block -timeout 60' command is executed.
14:25:01 INFO  : 'bpremove $bp_25_0_fsbl_bp' command is executed.
14:25:01 INFO  : Context for processor 'psu_cortexa53_0' is selected.
14:25:01 INFO  : Processor reset is completed for 'psu_cortexa53_0'.
14:25:04 INFO  : The application 'C:/Xilinx/Projects/DRC_Rev2.0_Deliverables/Vitis2023.1/DRC_Rev2.0_SW_3V3_SiP/DRC_Rev2_0_Deliverables_3V3_SiP/Debug/DRC_Rev2_0_Deliverables_3V3_SiP.elf' is downloaded to processor 'psu_cortexa53_0'.
14:25:04 INFO  : 'configparams force-mem-access 0' command is executed.
14:25:04 INFO  : ----------------XSDB Script----------------
connect -url tcp:127.0.0.1:3121
source C:/Xilinx/Vitis/2023.1/scripts/vitis/util/zynqmp_utils.tcl
targets -set -nocase -filter {name =~"APU*"}
rst -system
after 3000
targets -set -filter {jtag_cable_name =~ "Digilent JTAG-HS3 210299BBD480" && level==0 && jtag_device_ctx=="jsn-JTAG-HS3-210299BBD480-14710093-0"}
fpga -file C:/Xilinx/Projects/DRC_Rev2.0_Deliverables/Vitis2023.1/DRC_Rev2.0_SW_3V3_SiP/DRC_Rev2_0_Deliverables_3V3_SiP/_ide/bitstream/DRC_Rev_2_0_QualTest_Wrapper_3V3_QSPI.bit
targets -set -nocase -filter {name =~"APU*"}
loadhw -hw C:/Xilinx/Projects/DRC_Rev2.0_Deliverables/Vitis2023.1/DRC_Rev2.0_SW_3V3_SiP/DRC_Platform_3V3_SiP/export/DRC_Platform_3V3_SiP/hw/DRC_Rev_2_0_QualTest_Wrapper_3V3_QSPI.xsa -mem-ranges [list {0x80000000 0xbfffffff} {0x400000000 0x5ffffffff} {0x1000000000 0x7fffffffff}] -regs
configparams force-mem-access 1
targets -set -nocase -filter {name =~"APU*"}
set mode [expr [mrd -value 0xFF5E0200] & 0xf]
targets -set -nocase -filter {name =~ "*A53*#0"}
rst -processor
dow C:/Xilinx/Projects/DRC_Rev2.0_Deliverables/Vitis2023.1/DRC_Rev2.0_SW_3V3_SiP/DRC_Platform_3V3_SiP/export/DRC_Platform_3V3_SiP/sw/DRC_Platform_3V3_SiP/boot/fsbl.elf
set bp_25_0_fsbl_bp [bpadd -addr &XFsbl_Exit]
con -block -timeout 60
bpremove $bp_25_0_fsbl_bp
targets -set -nocase -filter {name =~ "*A53*#0"}
rst -processor
dow C:/Xilinx/Projects/DRC_Rev2.0_Deliverables/Vitis2023.1/DRC_Rev2.0_SW_3V3_SiP/DRC_Rev2_0_Deliverables_3V3_SiP/Debug/DRC_Rev2_0_Deliverables_3V3_SiP.elf
configparams force-mem-access 0
----------------End of Script----------------

14:25:04 INFO  : Jtag cable 'Digilent JTAG-HS3 210299BBD480' is selected.
14:25:04 INFO  : 'jtag frequency' command is executed.
14:25:04 INFO  : Sourcing of 'C:/Xilinx/Vitis/2023.1/scripts/vitis/util/zynqmp_utils.tcl' is done.
14:25:04 INFO  : Context for 'APU' is selected.
14:25:04 INFO  : Context for processor 'psu_cortexa53_0' is selected.
14:25:05 INFO  : System reset is completed.
14:25:05 ERROR : Already running
14:25:08 INFO  : 'after 3000' command is executed.
14:25:08 INFO  : 'targets -set -filter {jtag_cable_name =~ "Digilent JTAG-HS3 210299BBD480" && level==0 && jtag_device_ctx=="jsn-JTAG-HS3-210299BBD480-14710093-0"}' command is executed.
14:25:14 INFO  : Device configured successfully with "C:/Xilinx/Projects/DRC_Rev2.0_Deliverables/Vitis2023.1/DRC_Rev2.0_SW_3V3_SiP/DRC_Rev2_0_Deliverables_3V3_SiP/_ide/bitstream/DRC_Rev_2_0_QualTest_Wrapper_3V3_QSPI.bit"
14:25:14 INFO  : Context for 'APU' is selected.
14:25:14 INFO  : Hardware design and registers information is loaded from 'C:/Xilinx/Projects/DRC_Rev2.0_Deliverables/Vitis2023.1/DRC_Rev2.0_SW_3V3_SiP/DRC_Platform_3V3_SiP/export/DRC_Platform_3V3_SiP/hw/DRC_Rev_2_0_QualTest_Wrapper_3V3_QSPI.xsa'.
14:25:14 INFO  : 'configparams force-mem-access 1' command is executed.
14:25:14 INFO  : Context for 'APU' is selected.
14:25:14 INFO  : Boot mode is read from the target.
14:25:14 INFO  : Context for processor 'psu_cortexa53_0' is selected.
14:25:14 INFO  : Processor reset is completed for 'psu_cortexa53_0'.
14:25:17 INFO  : The application 'C:/Xilinx/Projects/DRC_Rev2.0_Deliverables/Vitis2023.1/DRC_Rev2.0_SW_3V3_SiP/DRC_Platform_3V3_SiP/export/DRC_Platform_3V3_SiP/sw/DRC_Platform_3V3_SiP/boot/fsbl.elf' is downloaded to processor 'psu_cortexa53_0'.
14:25:17 INFO  : 'set bp_25_17_fsbl_bp [bpadd -addr &XFsbl_Exit]' command is executed.
14:25:18 INFO  : 'con -block -timeout 60' command is executed.
14:25:18 INFO  : 'bpremove $bp_25_17_fsbl_bp' command is executed.
14:25:18 INFO  : Context for processor 'psu_cortexa53_0' is selected.
14:25:18 INFO  : Processor reset is completed for 'psu_cortexa53_0'.
14:25:20 INFO  : The application 'C:/Xilinx/Projects/DRC_Rev2.0_Deliverables/Vitis2023.1/DRC_Rev2.0_SW_3V3_SiP/DRC_Rev2_0_Deliverables_3V3_SiP/Debug/DRC_Rev2_0_Deliverables_3V3_SiP.elf' is downloaded to processor 'psu_cortexa53_0'.
14:25:20 INFO  : 'configparams force-mem-access 0' command is executed.
14:25:20 INFO  : ----------------XSDB Script----------------
connect -url tcp:127.0.0.1:3121
source C:/Xilinx/Vitis/2023.1/scripts/vitis/util/zynqmp_utils.tcl
targets -set -nocase -filter {name =~"APU*"}
rst -system
after 3000
targets -set -filter {jtag_cable_name =~ "Digilent JTAG-HS3 210299BBD480" && level==0 && jtag_device_ctx=="jsn-JTAG-HS3-210299BBD480-14710093-0"}
fpga -file C:/Xilinx/Projects/DRC_Rev2.0_Deliverables/Vitis2023.1/DRC_Rev2.0_SW_3V3_SiP/DRC_Rev2_0_Deliverables_3V3_SiP/_ide/bitstream/DRC_Rev_2_0_QualTest_Wrapper_3V3_QSPI.bit
targets -set -nocase -filter {name =~"APU*"}
loadhw -hw C:/Xilinx/Projects/DRC_Rev2.0_Deliverables/Vitis2023.1/DRC_Rev2.0_SW_3V3_SiP/DRC_Platform_3V3_SiP/export/DRC_Platform_3V3_SiP/hw/DRC_Rev_2_0_QualTest_Wrapper_3V3_QSPI.xsa -mem-ranges [list {0x80000000 0xbfffffff} {0x400000000 0x5ffffffff} {0x1000000000 0x7fffffffff}] -regs
configparams force-mem-access 1
targets -set -nocase -filter {name =~"APU*"}
set mode [expr [mrd -value 0xFF5E0200] & 0xf]
targets -set -nocase -filter {name =~ "*A53*#0"}
rst -processor
dow C:/Xilinx/Projects/DRC_Rev2.0_Deliverables/Vitis2023.1/DRC_Rev2.0_SW_3V3_SiP/DRC_Platform_3V3_SiP/export/DRC_Platform_3V3_SiP/sw/DRC_Platform_3V3_SiP/boot/fsbl.elf
set bp_25_17_fsbl_bp [bpadd -addr &XFsbl_Exit]
con -block -timeout 60
bpremove $bp_25_17_fsbl_bp
targets -set -nocase -filter {name =~ "*A53*#0"}
rst -processor
dow C:/Xilinx/Projects/DRC_Rev2.0_Deliverables/Vitis2023.1/DRC_Rev2.0_SW_3V3_SiP/DRC_Rev2_0_Deliverables_3V3_SiP/Debug/DRC_Rev2_0_Deliverables_3V3_SiP.elf
configparams force-mem-access 0
----------------End of Script----------------

14:25:20 INFO  : Context for processor 'psu_cortexa53_0' is selected.
14:25:20 INFO  : 'con' command is executed.
14:25:20 INFO  : ----------------XSDB Script (After Launch)----------------
targets -set -nocase -filter {name =~ "*A53*#0"}
con
----------------End of Script----------------

14:25:20 INFO  : Launch script is exported to file 'C:\Xilinx\Projects\DRC_Rev2.0_Deliverables\Vitis2023.1\DRC_Rev2.0_SW_3V3_SiP\DRC_Rev2_0_Deliverables_3V3_SiP_system\_ide\scripts\systemdebugger_drc_rev2_0_deliverables_3v3_sip_system_3_standalone.tcl'
14:48:53 INFO  : No changes in MSS file content so sources will not be generated.
14:49:26 INFO  : No changes in MSS file content so sources will not be generated.
14:49:38 INFO  : No changes in MSS file content so sources will not be generated.
14:49:48 INFO  : No changes in MSS file content so sources will not be generated.
14:49:59 INFO  : Disconnected from the channel tcfchan#3.
