INFO: [VRFC 10-2263] Analyzing Verilog file "C:/Xilinx/Projects/DRC_Rev2.0_Deliverables/Vivado2023.1/DRC_Rev2.0_FW/project_1.ip_user_files/bd/FFT_to_GPIO/ip/FFT_to_GPIO_xlconcat_5_0/sim/FFT_to_GPIO_xlconcat_5_0.v" into library xil_defaultlib
INFO: [VRFC 10-311] analyzing module FFT_to_GPIO_xlconcat_5_0
INFO: [VRFC 10-2263] Analyzing Verilog file "C:/Xilinx/Projects/DRC_Rev2.0_Deliverables/Vivado2023.1/DRC_Rev2.0_FW/project_1.ip_user_files/bd/FFT_to_GPIO/ip/FFT_to_GPIO_xlslice_12_0/sim/FFT_to_GPIO_xlslice_12_0.v" into library xil_defaultlib
INFO: [VRFC 10-311] analyzing module FFT_to_GPIO_xlslice_12_0
INFO: [VRFC 10-2263] Analyzing Verilog file "C:/Xilinx/Projects/DRC_Rev2.0_Deliverables/Vivado2023.1/DRC_Rev2.0_FW/project_1.ip_user_files/bd/FFT_to_GPIO/ip/FFT_to_GPIO_xlslice_13_0/sim/FFT_to_GPIO_xlslice_13_0.v" into library xil_defaultlib
INFO: [VRFC 10-311] analyzing module FFT_to_GPIO_xlslice_13_0
INFO: [VRFC 10-2263] Analyzing Verilog file "C:/Xilinx/Projects/DRC_Rev2.0_Deliverables/Vivado2023.1/DRC_Rev2.0_FW/project_1.ip_user_files/bd/FFT_to_GPIO/ip/FFT_to_GPIO_fifo_generator_0_0/sim/FFT_to_GPIO_fifo_generator_0_0.v" into library xil_defaultlib
INFO: [VRFC 10-311] analyzing module FFT_to_GPIO_fifo_generator_0_0
INFO: [VRFC 10-2263] Analyzing Verilog file "C:/Xilinx/Projects/DRC_Rev2.0_Deliverables/Vivado2023.1/DRC_Rev2.0_FW/project_1.ip_user_files/bd/FFT_to_GPIO/ip/FFT_to_GPIO_util_vector_logic_5_0/sim/FFT_to_GPIO_util_vector_logic_5_0.v" into library xil_defaultlib
INFO: [VRFC 10-311] analyzing module FFT_to_GPIO_util_vector_logic_5_0
INFO: [VRFC 10-2263] Analyzing Verilog file "C:/Xilinx/Projects/DRC_Rev2.0_Deliverables/Vivado2023.1/DRC_Rev2.0_FW/project_1.ip_user_files/bd/FFT_to_GPIO/ip/FFT_to_GPIO_Latch_0_0/sim/FFT_to_GPIO_Latch_0_0.v" into library xil_defaultlib
INFO: [VRFC 10-311] analyzing module FFT_to_GPIO_Latch_0_0
INFO: [VRFC 10-2263] Analyzing Verilog file "C:/Xilinx/Projects/DRC_Rev2.0_Deliverables/Vivado2023.1/DRC_Rev2.0_FW/project_1.ip_user_files/bd/FFT_to_GPIO/ip/FFT_to_GPIO_xlconstant_0_0/sim/FFT_to_GPIO_xlconstant_0_0.v" into library xil_defaultlib
INFO: [VRFC 10-311] analyzing module FFT_to_GPIO_xlconstant_0_0
INFO: [VRFC 10-2263] Analyzing Verilog file "C:/Xilinx/Projects/DRC_Rev2.0_Deliverables/Vivado2023.1/DRC_Rev2.0_FW/project_1.ip_user_files/bd/FFT_to_GPIO/ip/FFT_to_GPIO_xlconcat_0_0/sim/FFT_to_GPIO_xlconcat_0_0.v" into library xil_defaultlib
INFO: [VRFC 10-311] analyzing module FFT_to_GPIO_xlconcat_0_0
INFO: [VRFC 10-2263] Analyzing Verilog file "C:/Xilinx/Projects/DRC_Rev2.0_Deliverables/Vivado2023.1/DRC_Rev2.0_FW/project_1.ip_user_files/bd/FFT_to_GPIO/ip/FFT_to_GPIO_xlslice_0_0/sim/FFT_to_GPIO_xlslice_0_0.v" into library xil_defaultlib
INFO: [VRFC 10-311] analyzing module FFT_to_GPIO_xlslice_0_0
INFO: [VRFC 10-2263] Analyzing Verilog file "C:/Xilinx/Projects/DRC_Rev2.0_Deliverables/Vivado2023.1/DRC_Rev2.0_FW/project_1.ip_user_files/bd/FFT_to_GPIO/ip/FFT_to_GPIO_tlast_tvalid_handler_0_0/sim/FFT_to_GPIO_tlast_tvalid_handler_0_0.v" into library xil_defaultlib
INFO: [VRFC 10-311] analyzing module FFT_to_GPIO_tlast_tvalid_handler_0_0
INFO: [VRFC 10-2263] Analyzing Verilog file "C:/Xilinx/Projects/DRC_Rev2.0_Deliverables/Vivado2023.1/DRC_Rev2.0_FW/project_1.ip_user_files/bd/FFT_to_GPIO/ip/FFT_to_GPIO_xlconstant_1_0/sim/FFT_to_GPIO_xlconstant_1_0.v" into library xil_defaultlib
INFO: [VRFC 10-311] analyzing module FFT_to_GPIO_xlconstant_1_0
INFO: [VRFC 10-2263] Analyzing Verilog file "C:/Xilinx/Projects/DRC_Rev2.0_Deliverables/Vivado2023.1/DRC_Rev2.0_FW/project_1.ip_user_files/bd/FFT_to_GPIO/ip/FFT_to_GPIO_xlconstant_1_1/sim/FFT_to_GPIO_xlconstant_1_1.v" into library xil_defaultlib
INFO: [VRFC 10-311] analyzing module FFT_to_GPIO_xlconstant_1_1
INFO: [VRFC 10-2263] Analyzing Verilog file "C:/Xilinx/Projects/DRC_Rev2.0_Deliverables/Vivado2023.1/DRC_Rev2.0_FW/project_1.ip_user_files/bd/FFT_to_GPIO/ip/FFT_to_GPIO_util_vector_logic_5_2/sim/FFT_to_GPIO_util_vector_logic_5_2.v" into library xil_defaultlib
INFO: [VRFC 10-311] analyzing module FFT_to_GPIO_util_vector_logic_5_2
INFO: [VRFC 10-2263] Analyzing Verilog file "C:/Xilinx/Projects/DRC_Rev2.0_Deliverables/Vivado2023.1/DRC_Rev2.0_FW/project_1.ip_user_files/bd/FFT_to_GPIO/ip/FFT_to_GPIO_bram_writer_0_0/sim/FFT_to_GPIO_bram_writer_0_0.v" into library xil_defaultlib
INFO: [VRFC 10-311] analyzing module FFT_to_GPIO_bram_writer_0_0
INFO: [VRFC 10-2263] Analyzing Verilog file "C:/Xilinx/Projects/DRC_Rev2.0_Deliverables/Vivado2023.1/DRC_Rev2.0_FW/project_1.ip_user_files/bd/FFT_to_GPIO/ip/FFT_to_GPIO_complex_signal_gener_0_0/sim/FFT_to_GPIO_complex_signal_gener_0_0.v" into library xil_defaultlib
INFO: [VRFC 10-311] analyzing module FFT_to_GPIO_complex_signal_gener_0_0
INFO: [VRFC 10-2263] Analyzing Verilog file "C:/Xilinx/Projects/DRC_Rev2.0_Deliverables/Vivado2023.1/DRC_Rev2.0_FW/project_1.ip_user_files/bd/FFT_to_GPIO/ip/FFT_to_GPIO_xlslice_1_0/sim/FFT_to_GPIO_xlslice_1_0.v" into library xil_defaultlib
INFO: [VRFC 10-311] analyzing module FFT_to_GPIO_xlslice_1_0
INFO: [VRFC 10-2263] Analyzing Verilog file "C:/Xilinx/Projects/DRC_Rev2.0_Deliverables/Vivado2023.1/DRC_Rev2.0_FW/project_1.ip_user_files/bd/FFT_to_GPIO/ip/FFT_to_GPIO_xlslice_1_1/sim/FFT_to_GPIO_xlslice_1_1.v" into library xil_defaultlib
INFO: [VRFC 10-311] analyzing module FFT_to_GPIO_xlslice_1_1
INFO: [VRFC 10-2263] Analyzing Verilog file "C:/Xilinx/Projects/DRC_Rev2.0_Deliverables/Vivado2023.1/DRC_Rev2.0_FW/project_1.ip_user_files/bd/FFT_to_GPIO/sim/FFT_to_GPIO.v" into library xil_defaultlib
INFO: [VRFC 10-311] analyzing module FFT_to_GPIO
INFO: [VRFC 10-2263] Analyzing Verilog file "C:/Xilinx/Projects/DRC_Rev2.0_Deliverables/Vivado2023.1/DRC_Rev2.0_FW/project_1.gen/sources_1/bd/FFT_to_GPIO/hdl/FFT_to_GPIO_wrapper.v" into library xil_defaultlib
INFO: [VRFC 10-311] analyzing module FFT_to_GPIO_wrapper
