19:53:47 **** Build of configuration Debug for project DRC_Rev2_0_Deliverables_Application ****
make all 
'Building file: ../src/BB_Test.c'
'Invoking: ARM v8 gcc compiler'
aarch64-none-elf-gcc -Wall -O0 -g3 -c -fmessage-length=0 -MT"src/BB_Test.o" -IC:/Xilinx/Projects/DRC_Rev2.0_Deliverables/Vitis2023.1/DRC_Rev2.0_SW/DRCPlatform/export/DRCPlatform/sw/DRCPlatform/standalone_domain/bspinclude/include -MMD -MP -MF"src/BB_Test.d" -MT"src/BB_Test.o" -o "src/BB_Test.o" "../src/BB_Test.c"
'Finished building: ../src/BB_Test.c'
' '
'Building file: ../src/RegisterMaps.c'
'Invoking: ARM v8 gcc compiler'
aarch64-none-elf-gcc -Wall -O0 -g3 -c -fmessage-length=0 -MT"src/RegisterMaps.o" -IC:/Xilinx/Projects/DRC_Rev2.0_Deliverables/Vitis2023.1/DRC_Rev2.0_SW/DRCPlatform/export/DRCPlatform/sw/DRCPlatform/standalone_domain/bspinclude/include -MMD -MP -MF"src/RegisterMaps.d" -MT"src/RegisterMaps.o" -o "src/RegisterMaps.o" "../src/RegisterMaps.c"
'Finished building: ../src/RegisterMaps.c'
' '
'Building file: ../src/platform.c'
'Invoking: ARM v8 gcc compiler'
aarch64-none-elf-gcc -Wall -O0 -g3 -c -fmessage-length=0 -MT"src/platform.o" -IC:/Xilinx/Projects/DRC_Rev2.0_Deliverables/Vitis2023.1/DRC_Rev2.0_SW/DRCPlatform/export/DRCPlatform/sw/DRCPlatform/standalone_domain/bspinclude/include -MMD -MP -MF"src/platform.d" -MT"src/platform.o" -o "src/platform.o" "../src/platform.c"
'Finished building: ../src/platform.c'
' '
'Building target: DRC_Rev2_0_Deliverables_Application.elf'
'Invoking: ARM v8 gcc linker'
aarch64-none-elf-gcc -Wl,-T -Wl,../src/lscript.ld -LC:/Xilinx/Projects/DRC_Rev2.0_Deliverables/Vitis2023.1/DRC_Rev2.0_SW/DRCPlatform/export/DRCPlatform/sw/DRCPlatform/standalone_domain/bsplib/lib -o "DRC_Rev2_0_Deliverables_Application.elf"  ./src/BB_Test.o ./src/RegisterMaps.o ./src/platform.o   -Wl,--start-group,-lxil,-lgcc,-lc,--end-group
'Finished building target: DRC_Rev2_0_Deliverables_Application.elf'
' '
'Invoking: ARM v8 Print Size'
aarch64-none-elf-size DRC_Rev2_0_Deliverables_Application.elf  |tee "DRC_Rev2_0_Deliverables_Application.elf.size"
   text	   data	    bss	    dec	    hex	filename
 121140	   8472	  22660	 152272	  252d0	DRC_Rev2_0_Deliverables_Application.elf
'Finished building: DRC_Rev2_0_Deliverables_Application.elf.size'
' '

19:53:52 Build Finished (took 4s.439ms)

